<html>
<body>
<pre>
<h1>礦ision Build Log</h1>
<h2>Tool Versions:</h2>
IDE-Version: μVision V5.21.1.0
Copyright (C) 2016 ARM Ltd and ARM Germany GmbH. All rights reserved.
License Information: rgre lenovo, wfwtrh, LIC=585Z9-4161U-MK8BB-2FJ9K-L02QQ-QZN02
 
Tool Versions:
Toolchain:       MDK-ARM Plus  Version: 5.21a
Toolchain Path:  D:\Keil_v5\ARM\ARMCC\Bin
C Compiler:      Armcc.exe V5.06 update 3 (build 300)
Assembler:       Armasm.exe V5.06 update 3 (build 300)
Linker/Locator:  ArmLink.exe V5.06 update 3 (build 300)
Library Manager: ArmAr.exe V5.06 update 3 (build 300)
Hex Converter:   FromElf.exe V5.06 update 3 (build 300)
CPU DLL:         SARMCM3.DLL V5.21a
Dialog DLL:      DCM.DLL V1.13.8.0
Target DLL:      Segger\JL2CM3.dll V2.99.23.0
Dialog DLL:      TCM.DLL V1.14.14.0
 
<h2>Project:</h2>
G:\RM\19年RM控制\Skyguard\MDK-ARM\M2006_2.uvprojx
Project File Date:  06/27/2019

<h2>Output:</h2>
*** Using Compiler 'V5.06 update 3 (build 300)', folder: 'D:\Keil_v5\ARM\ARMCC\Bin'
Rebuild target 'M2006_2'
assembling startup_stm32f407xx.s...
compiling stm32f4xx_hal_can.c...
compiling stm32f4xx_hal_rcc_ex.c...
compiling stm32f4xx_hal_tim_ex.c...
compiling stm32f4xx_hal_rcc.c...
compiling stm32f4xx_hal_uart.c...
compiling stm32f4xx_hal_flash.c...
compiling stm32f4xx_hal_flash_ramfunc.c...
compiling stm32f4xx_hal_flash_ex.c...
compiling stm32f4xx_hal_tim.c...
compiling stm32f4xx_hal_gpio.c...
compiling stm32f4xx_hal_dma_ex.c...
compiling stm32f4xx_hal_dma.c...
compiling croutine.c...
compiling stm32f4xx_hal_pwr_ex.c...
compiling event_groups.c...
compiling list.c...
compiling stm32f4xx_hal_pwr.c...
compiling stm32f4xx_hal_cortex.c...
compiling queue.c...
compiling stream_buffer.c...
compiling timers.c...
compiling tasks.c...
compiling stm32f4xx_hal.c...
compiling heap_4.c...
compiling cmsis_os.c...
compiling port.c...
compiling stm32f4xx_hal_exti.c...
compiling system_stm32f4xx.c...
compiling gpio.c...
compiling main.c...
compiling can.c...
compiling dma.c...
compiling tim.c...
compiling usart.c...
compiling freertos.c...
compiling time.cpp...
compiling motor_ctr.c...
compiling bsp_can.c...
compiling stm32f4xx_hal_msp.c...
compiling stm32f4xx_it.c...
compiling mode.c...
compiling stm32f4xx_hal_timebase_tim.c...
compiling pid.c...
compiling Judge.c...
compiling Remote_Control.c...
compiling ramp.c...
compiling mains.cpp...
..\IMCALib\Module\RosLibs\std_msgs/Time.h(50): warning:  #1300-D: getType inherits implicit virtual
      const char * getType(){ return "std_msgs/Time"; };
..\IMCALib\Module\RosLibs\std_msgs/Time.h(51): warning:  #1300-D: getMD5 inherits implicit virtual
      const char * getMD5(){ return "cd7166c74c552c311fbcc2fe5a7bc289"; };
..\IMCALib\Module\RosLibs\rosserial_msgs/TopicInfo.h(110): warning:  #1300-D: getType inherits implicit virtual
      const char * getType(){ return "rosserial_msgs/TopicInfo"; };
..\IMCALib\Module\RosLibs\rosserial_msgs/TopicInfo.h(111): warning:  #1300-D: getMD5 inherits implicit virtual
      const char * getMD5(){ return "0ad51f88fc44892f8c10684077646005"; };
..\IMCALib\Module\RosLibs\rosserial_msgs/TopicInfo.h(116): warning:  #1-D: last line of file ends without a newline
  #endif
..\IMCALib\Module\RosLibs\rosserial_msgs/Log.h(53): warning:  #1300-D: getType inherits implicit virtual
      const char * getType(){ return "rosserial_msgs/Log"; };
..\IMCALib\Module\RosLibs\rosserial_msgs/Log.h(54): warning:  #1300-D: getMD5 inherits implicit virtual
      const char * getMD5(){ return "11abd731c25933261cd6183bd12d6295"; };
..\IMCALib\Module\RosLibs\rosserial_msgs/RequestParam.h(44): warning:  #1300-D: getType inherits implicit virtual
      const char * getType(){ return REQUESTPARAM; };
..\IMCALib\Module\RosLibs\rosserial_msgs/RequestParam.h(45): warning:  #1300-D: getMD5 inherits implicit virtual
      const char * getMD5(){ return "c1f3d28f1b044c871e6eff2e9fc3c667"; };
..\IMCALib\Module\RosLibs\rosserial_msgs/RequestParam.h(172): warning:  #1300-D: getType inherits implicit virtual
      const char * getType(){ return REQUESTPARAM; };
..\IMCALib\Module\RosLibs\rosserial_msgs/RequestParam.h(173): warning:  #1300-D: getMD5 inherits implicit virtual
      const char * getMD5(){ return "9f0e98bda65981986ddf53afa7a40e49"; };
..\IMCALib\Module\RosLibs\skyguard_msgs/gimbal.h(98): warning:  #1300-D: getType inherits implicit virtual
      const char * getType(){ return "skyguard_msgs/gimbal"; };
..\IMCALib\Module\RosLibs\skyguard_msgs/gimbal.h(99): warning:  #1300-D: getMD5 inherits implicit virtual
      const char * getMD5(){ return "9ab03bfeddd963aab5c9ffe61a77e11d"; };
..\IMCALib\Task\bsp\mains.cpp: 13 warnings, 0 errors
linking...
Program Size: Code=33320 RO-data=1760 RW-data=296 ZI-data=23904  
FromELF: creating hex file...
"M2006_2\M2006_2.axf" - 0 Error(s), 13 Warning(s).

<h2>Software Packages used:</h2>

Package Vendor: ARM
                http://www.keil.com/pack/ARM.CMSIS.4.5.0.pack
                ARM::CMSIS:CORE:4.3.0
                CMSIS (Cortex Microcontroller Software Interface Standard)
   * Component: CORE Version: 4.3.0

<h2>Collection of Component include folders:</h2>
  G:\RM\19年RM控制\Skyguard\MDK-ARM\RTE
  D:\Keil_v5\ARM\PACK\ARM\CMSIS\4.5.0\CMSIS\Include
  D:\Keil_v5\ARM\PACK\Keil\STM32F4xx_DFP\2.9.0\Drivers\CMSIS\Device\ST\STM32F4xx\Include

<h2>Collection of Component Files used:</h2>

   * Component: ARM::CMSIS:CORE:4.3.0
Build Time Elapsed:  00:01:31
</pre>
</body>
</html>
