Component: ARM Compiler 5.06 update 3 (build 300) Tool: armlink [4d35c9]

==============================================================================

Section Cross References

    startup_stm32f407xx.o(RESET) refers to startup_stm32f407xx.o(STACK) for __initial_sp
    startup_stm32f407xx.o(RESET) refers to startup_stm32f407xx.o(.text) for Reset_Handler
    startup_stm32f407xx.o(RESET) refers to stm32f4xx_it.o(i.NMI_Handler) for NMI_Handler
    startup_stm32f407xx.o(RESET) refers to stm32f4xx_it.o(i.HardFault_Handler) for HardFault_Handler
    startup_stm32f407xx.o(RESET) refers to stm32f4xx_it.o(i.MemManage_Handler) for MemManage_Handler
    startup_stm32f407xx.o(RESET) refers to stm32f4xx_it.o(i.BusFault_Handler) for BusFault_Handler
    startup_stm32f407xx.o(RESET) refers to stm32f4xx_it.o(i.UsageFault_Handler) for UsageFault_Handler
    startup_stm32f407xx.o(RESET) refers to port.o(.emb_text) for SVC_Handler
    startup_stm32f407xx.o(RESET) refers to stm32f4xx_it.o(i.DebugMon_Handler) for DebugMon_Handler
    startup_stm32f407xx.o(RESET) refers to port.o(i.SysTick_Handler) for SysTick_Handler
    startup_stm32f407xx.o(RESET) refers to stm32f4xx_it.o(i.DMA1_Stream1_IRQHandler) for DMA1_Stream1_IRQHandler
    startup_stm32f407xx.o(RESET) refers to stm32f4xx_it.o(i.DMA1_Stream3_IRQHandler) for DMA1_Stream3_IRQHandler
    startup_stm32f407xx.o(RESET) refers to stm32f4xx_it.o(i.DMA1_Stream5_IRQHandler) for DMA1_Stream5_IRQHandler
    startup_stm32f407xx.o(RESET) refers to stm32f4xx_it.o(i.CAN1_TX_IRQHandler) for CAN1_TX_IRQHandler
    startup_stm32f407xx.o(RESET) refers to stm32f4xx_it.o(i.CAN1_RX0_IRQHandler) for CAN1_RX0_IRQHandler
    startup_stm32f407xx.o(RESET) refers to stm32f4xx_it.o(i.EXTI9_5_IRQHandler) for EXTI9_5_IRQHandler
    startup_stm32f407xx.o(RESET) refers to stm32f4xx_it.o(i.TIM3_IRQHandler) for TIM3_IRQHandler
    startup_stm32f407xx.o(RESET) refers to stm32f4xx_it.o(i.USART1_IRQHandler) for USART1_IRQHandler
    startup_stm32f407xx.o(RESET) refers to stm32f4xx_it.o(i.USART2_IRQHandler) for USART2_IRQHandler
    startup_stm32f407xx.o(RESET) refers to stm32f4xx_it.o(i.USART3_IRQHandler) for USART3_IRQHandler
    startup_stm32f407xx.o(RESET) refers to stm32f4xx_it.o(i.TIM5_IRQHandler) for TIM5_IRQHandler
    startup_stm32f407xx.o(RESET) refers to stm32f4xx_it.o(i.TIM6_DAC_IRQHandler) for TIM6_DAC_IRQHandler
    startup_stm32f407xx.o(RESET) refers to stm32f4xx_it.o(i.DMA2_Stream2_IRQHandler) for DMA2_Stream2_IRQHandler
    startup_stm32f407xx.o(RESET) refers to stm32f4xx_it.o(i.DMA2_Stream6_IRQHandler) for DMA2_Stream6_IRQHandler
    startup_stm32f407xx.o(RESET) refers to stm32f4xx_it.o(i.DMA2_Stream7_IRQHandler) for DMA2_Stream7_IRQHandler
    startup_stm32f407xx.o(.text) refers to system_stm32f4xx.o(i.SystemInit) for SystemInit
    startup_stm32f407xx.o(.text) refers to entry.o(.ARM.Collect$$$$00000000) for __main
    stm32f4xx_hal_can.o(i.CAN_Receive_IT) refers to bsp_can.o(i.HAL_CAN_RxCpltCallback) for HAL_CAN_RxCpltCallback
    stm32f4xx_hal_can.o(i.HAL_CAN_ConfigFilter) refers to main.o(i.assert_failed) for assert_failed
    stm32f4xx_hal_can.o(i.HAL_CAN_DeInit) refers to main.o(i.assert_failed) for assert_failed
    stm32f4xx_hal_can.o(i.HAL_CAN_DeInit) refers to can.o(i.HAL_CAN_MspDeInit) for HAL_CAN_MspDeInit
    stm32f4xx_hal_can.o(i.HAL_CAN_IRQHandler) refers to stm32f4xx_hal_can.o(i.HAL_CAN_TxCpltCallback) for HAL_CAN_TxCpltCallback
    stm32f4xx_hal_can.o(i.HAL_CAN_IRQHandler) refers to stm32f4xx_hal_can.o(i.CAN_Receive_IT) for CAN_Receive_IT
    stm32f4xx_hal_can.o(i.HAL_CAN_IRQHandler) refers to can.o(i.HAL_CAN_ErrorCallback) for HAL_CAN_ErrorCallback
    stm32f4xx_hal_can.o(i.HAL_CAN_Init) refers to main.o(i.assert_failed) for assert_failed
    stm32f4xx_hal_can.o(i.HAL_CAN_Init) refers to can.o(i.HAL_CAN_MspInit) for HAL_CAN_MspInit
    stm32f4xx_hal_can.o(i.HAL_CAN_Init) refers to stm32f4xx_hal.o(i.HAL_GetTick) for HAL_GetTick
    stm32f4xx_hal_can.o(i.HAL_CAN_Receive) refers to main.o(i.assert_failed) for assert_failed
    stm32f4xx_hal_can.o(i.HAL_CAN_Receive) refers to stm32f4xx_hal.o(i.HAL_GetTick) for HAL_GetTick
    stm32f4xx_hal_can.o(i.HAL_CAN_Receive_IT) refers to main.o(i.assert_failed) for assert_failed
    stm32f4xx_hal_can.o(i.HAL_CAN_Sleep) refers to stm32f4xx_hal.o(i.HAL_GetTick) for HAL_GetTick
    stm32f4xx_hal_can.o(i.HAL_CAN_Transmit) refers to main.o(i.assert_failed) for assert_failed
    stm32f4xx_hal_can.o(i.HAL_CAN_Transmit) refers to stm32f4xx_hal.o(i.HAL_GetTick) for HAL_GetTick
    stm32f4xx_hal_can.o(i.HAL_CAN_Transmit_IT) refers to main.o(i.assert_failed) for assert_failed
    stm32f4xx_hal_can.o(i.HAL_CAN_WakeUp) refers to stm32f4xx_hal.o(i.HAL_GetTick) for HAL_GetTick
    stm32f4xx_hal_tim.o(i.HAL_TIM_Base_DeInit) refers to main.o(i.assert_failed) for assert_failed
    stm32f4xx_hal_tim.o(i.HAL_TIM_Base_DeInit) refers to tim.o(i.HAL_TIM_Base_MspDeInit) for HAL_TIM_Base_MspDeInit
[...]
    .data                                    0x20000099   Section        1  usart.o(.data)
    .data                                    0x2000009c   Section        4  stm32f4xx_it.o(.data)
    .data                                    0x200000a0   Section       12  mode.o(.data)
    .data                                    0x200000ac   Section        4  mode.o(.data)
    .data                                    0x200000b0   Section        4  mode.o(.data)
    .data                                    0x200000b4   Section        2  judge.o(.data)
    .data                                    0x200000b8   Section       16  mains.o(.data)
    .data                                    0x200000c8   Section        8  bsp_can.o(.data)
    can_count                                0x200000c8   Data           4  bsp_can.o(.data)
    .data                                    0x200000d0   Section       68  motor_ctr.o(.data)
    .data                                    0x20000114   Section        8  remote_control.o(.data)
    .data                                    0x2000011c   Section        4  mvars.o(.data)
    .data                                    0x20000120   Section        4  mvars.o(.data)
    .data__ZZN13STM32Hardware5flushEvE5mutex 0x20000124   Section        1  mains.o(.data__ZZN13STM32Hardware5flushEvE5mutex)
    .bss                                     0x20000128   Section       64  queue.o(.bss)
    .bss                                     0x20000168   Section      240  tasks.o(.bss)
    pxReadyTasksLists                        0x20000168   Data         140  tasks.o(.bss)
    xDelayedTaskList1                        0x200001f4   Data          20  tasks.o(.bss)
    xDelayedTaskList2                        0x20000208   Data          20  tasks.o(.bss)
    xPendingReadyList                        0x2000021c   Data          20  tasks.o(.bss)
    xTasksWaitingTermination                 0x20000230   Data          20  tasks.o(.bss)
    xSuspendedTaskList                       0x20000244   Data          20  tasks.o(.bss)
    .bss                                     0x20000258   Section       40  timers.o(.bss)
    xActiveTimerList1                        0x20000258   Data          20  timers.o(.bss)
    xActiveTimerList2                        0x2000026c   Data          20  timers.o(.bss)
    .bss                                     0x20000280   Section    15360  heap_4.o(.bss)
    ucHeap                                   0x20000280   Data       15360  heap_4.o(.bss)
    .bss                                     0x20003e80   Section       68  can.o(.bss)
    .bss                                     0x20003ec4   Section      416  tim.o(.bss)
    .bss                                     0x20004064   Section      150  usart.o(.bss)
    .bss                                     0x200040fa   Section      100  usart.o(.bss)
    .bss                                     0x20004160   Section      672  usart.o(.bss)
    .bss                                     0x20004400   Section       15  stm32f4xx_it.o(.bss)
    .bss                                     0x20004410   Section       64  stm32f4xx_hal_timebase_tim.o(.bss)
    .bss                                     0x20004450   Section       36  mode.o(.bss)
    .bss                                     0x20004474   Section     3476  mains.o(.bss)
    .bss                                     0x20005208   Section      564  bsp_can.o(.bss)
    Tx1Message                               0x200053fc   Data          28  bsp_can.o(.bss)
    Rx1Message                               0x20005418   Data          36  bsp_can.o(.bss)
    .bss                                     0x2000543c   Section     1080  motor_ctr.o(.bss)
    .bss                                     0x20005874   Section       20  remote_control.o(.bss)
    HEAP                                     0x20005888   Section      512  startup_stm32f407xx.o(HEAP)
    STACK                                    0x20005a88   Section     1024  startup_stm32f407xx.o(STACK)

    Global Symbols

    Symbol Name                              Value     Ov Type        Size  Object(Section)

    BuildAttributes$$THM_ISAv4$E$P$D$K$B$S$7EM$VFPi3$EXTD16$VFPS$VFMA$PE$A:L22UL41UL21$X:L11$S22US41US21$IEEE1$IW$USESV6$~STKCKD$USESV7$~SHL$OSPACE$EBA8$UX$MICROLIB$REQ8$PRES8$EABIv2 0x00000000   Number         0  anon$$obj.o ABSOLUTE
    __ARM_use_no_argv                        0x00000000   Number         0  main.o ABSOLUTE
    __ARM::default_unexpected_handler()       - Undefined Weak Reference
    __ARM_exceptions_buffer_required          - Undefined Weak Reference
    __cxa_finalize                            - Undefined Weak Reference
    __decompress                              - Undefined Weak Reference
    _clock_init                               - Undefined Weak Reference
    _microlib_exit                            - Undefined Weak Reference
    __Vectors_Size                           0x00000188   Number         0  startup_stm32f407xx.o ABSOLUTE
    __Vectors                                0x08000000   Data           4  startup_stm32f407xx.o(RESET)
    __Vectors_End                            0x08000188   Data           0  startup_stm32f407xx.o(RESET)
    __main                                   0x08000189   Thumb Code     0  entry.o(.ARM.Collect$$$$00000000)
    _main_stk                                0x08000189   Thumb Code     0  entry2.o(.ARM.Collect$$$$00000001)
    _main_scatterload                        0x0800018d   Thumb Code     0  entry5.o(.ARM.Collect$$$$00000004)
    __main_after_scatterload                 0x08000191   Thumb Code     0  entry5.o(.ARM.Collect$$$$00000004)
    _main_clock                              0x08000191   Thumb Code     0  entry7b.o(.ARM.Collect$$$$00000008)
    _main_cpp_init$empty                     0x08000191   Thumb Code     0  entry8a.o(.ARM.Collect$$$$00000009)
    _main_cpp_init                           0x08000195   Thumb Code     0  entry8b.o(.ARM.Collect$$$$0000000A)
    _main_init                               0x08000195   Thumb Code     0  entry9a.o(.ARM.Collect$$$$0000000B)
    __rt_final_cpp                           0x0800019d   Thumb Code     0  entry10a.o(.ARM.Collect$$$$0000000D)
    __rt_final_exit                          0x0800019d   Thumb Code     0  entry11a.o(.ARM.Collect$$$$0000000F)
    SVC_Handler                              0x080001a1   Thumb Code    28  port.o(.emb_text)
    __asm___6_port_c_39a90d8d__prvStartFirstTask 0x080001c1   Thumb Code    36  port.o(.emb_text)
    __asm___6_port_c_39a90d8d__prvEnableVFP  0x080001e9   Thumb Code    16  port.o(.emb_text)
    PendSV_Handler                           0x080001fd   Thumb Code    88  port.o(.emb_text)
    vPortGetIPSR                             0x08000259   Thumb Code     6  port.o(.emb_text)
    Reset_Handler                            0x08000261   Thumb Code     8  startup_stm32f407xx.o(.text)
    ADC_IRQHandler                           0x0800027b   Thumb Code     0  startup_stm32f407xx.o(.text)
    CAN1_RX1_IRQHandler                      0x0800027b   Thumb Code     0  startup_stm32f407xx.o(.text)
    CAN1_SCE_IRQHandler                      0x0800027b   Thumb Code     0  startup_stm32f407xx.o(.text)
    CAN2_RX0_IRQHandler                      0x0800027b   Thumb Code     0  startup_stm32f407xx.o(.text)
    CAN2_RX1_IRQHandler                      0x0800027b   Thumb Code     0  startup_stm32f407xx.o(.text)
    CAN2_SCE_IRQHandler                      0x0800027b   Thumb Code     0  startup_stm32f407xx.o(.text)
    CAN2_TX_IRQHandler                       0x0800027b   Thumb Code     0  startup_stm32f407xx.o(.text)
    DCMI_IRQHandler                          0x0800027b   Thumb Code     0  startup_stm32f407xx.o(.text)
    DMA1_Stream0_IRQHandler                  0x0800027b   Thumb Code     0  startup_stm32f407xx.o(.text)
    DMA1_Stream2_IRQHandler                  0x0800027b   Thumb Code     0  startup_stm32f407xx.o(.text)
    DMA1_Stream4_IRQHandler                  0x0800027b   Thumb Code     0  startup_stm32f407xx.o(.text)
    DMA1_Stream6_IRQHandler                  0x0800027b   Thumb Code     0  startup_stm32f407xx.o(.text)
    DMA1_Stream7_IRQHandler                  0x0800027b   Thumb Code     0  startup_stm32f407xx.o(.text)
    DMA2_Stream0_IRQHandler                  0x0800027b   Thumb Code     0  startup_stm32f407xx.o(.text)
    DMA2_Stream1_IRQHandler                  0x0800027b   Thumb Code     0  startup_stm32f407xx.o(.text)
    DMA2_Stream3_IRQHandler                  0x0800027b   Thumb Code     0  startup_stm32f407xx.o(.text)
    DMA2_Stream4_IRQHandler                  0x0800027b   Thumb Code     0  startup_stm32f407xx.o(.text)
    DMA2_Stream5_IRQHandler                  0x0800027b   Thumb Code     0  startup_stm32f407xx.o(.text)
    ETH_IRQHandler                           0x0800027b   Thumb Code     0  startup_stm32f407xx.o(.text)
    ETH_WKUP_IRQHandler                      0x0800027b   Thumb Code     0  startup_stm32f407xx.o(.text)
    EXTI0_IRQHandler                         0x0800027b   Thumb Code     0  startup_stm32f407xx.o(.text)
    EXTI15_10_IRQHandler                     0x0800027b   Thumb Code     0  startup_stm32f407xx.o(.text)
    EXTI1_IRQHandler                         0x0800027b   Thumb Code     0  startup_stm32f407xx.o(.text)
    EXTI2_IRQHandler                         0x0800027b   Thumb Code     0  startup_stm32f407xx.o(.text)
    EXTI3_IRQHandler                         0x0800027b   Thumb Code     0  startup_stm32f407xx.o(.text)
    EXTI4_IRQHandler                         0x0800027b   Thumb Code     0  startup_stm32f407xx.o(.text)
    FLASH_IRQHandler                         0x0800027b   Thumb Code     0  startup_stm32f407xx.o(.text)
    FMC_IRQHandler                           0x0800027b   Thumb Code     0  startup_stm32f407xx.o(.text)
    FPU_IRQHandler                           0x0800027b   Thumb Code     0  startup_stm32f407xx.o(.text)
    HASH_RNG_IRQHandler                      0x0800027b   Thumb Code     0  startup_stm32f407xx.o(.text)
    I2C1_ER_IRQHandler                       0x0800027b   Thumb Code     0  startup_stm32f407xx.o(.text)
    I2C1_EV_IRQHandler                       0x0800027b   Thumb Code     0  startup_stm32f407xx.o(.text)
    I2C2_ER_IRQHandler                       0x0800027b   Thumb Code     0  startup_stm32f407xx.o(.text)
    I2C2_EV_IRQHandler                       0x0800027b   Thumb Code     0  startup_stm32f407xx.o(.text)
    I2C3_ER_IRQHandler                       0x0800027b   Thumb Code     0  startup_stm32f407xx.o(.text)
    I2C3_EV_IRQHandler                       0x0800027b   Thumb Code     0  startup_stm32f407xx.o(.text)
    OTG_FS_IRQHandler                        0x0800027b   Thumb Code     0  startup_stm32f407xx.o(.text)
    OTG_FS_WKUP_IRQHandler                   0x0800027b   Thumb Code     0  startup_stm32f407xx.o(.text)
    OTG_HS_EP1_IN_IRQHandler                 0x0800027b   Thumb Code     0  startup_stm32f407xx.o(.text)
    OTG_HS_EP1_OUT_IRQHandler                0x0800027b   Thumb Code     0  startup_stm32f407xx.o(.text)
    OTG_HS_IRQHandler                        0x0800027b   Thumb Code     0  startup_stm32f407xx.o(.text)
    OTG_HS_WKUP_IRQHandler                   0x0800027b   Thumb Code     0  startup_stm32f407xx.o(.text)
    PVD_IRQHandler                           0x0800027b   Thumb Code     0  startup_stm32f407xx.o(.text)
    RCC_IRQHandler                           0x0800027b   Thumb Code     0  startup_stm32f407xx.o(.text)
    RTC_Alarm_IRQHandler                     0x0800027b   Thumb Code     0  startup_stm32f407xx.o(.text)
    RTC_WKUP_IRQHandler                      0x0800027b   Thumb Code     0  startup_stm32f407xx.o(.text)
    SDIO_IRQHandler                          0x0800027b   Thumb Code     0  startup_stm32f407xx.o(.text)
    SPI1_IRQHandler                          0x0800027b   Thumb Code     0  startup_stm32f407xx.o(.text)
    SPI2_IRQHandler                          0x0800027b   Thumb Code     0  startup_stm32f407xx.o(.text)
    SPI3_IRQHandler                          0x0800027b   Thumb Code     0  startup_stm32f407xx.o(.text)
    TAMP_STAMP_IRQHandler                    0x0800027b   Thumb Code     0  startup_stm32f407xx.o(.text)
    TIM1_BRK_TIM9_IRQHandler                 0x0800027b   Thumb Code     0  startup_stm32f407xx.o(.text)
    TIM1_CC_IRQHandler                       0x0800027b   Thumb Code     0  startup_stm32f407xx.o(.text)
    TIM1_TRG_COM_TIM11_IRQHandler            0x0800027b   Thumb Code     0  startup_stm32f407xx.o(.text)
    TIM1_UP_TIM10_IRQHandler                 0x0800027b   Thumb Code     0  startup_stm32f407xx.o(.text)
    TIM2_IRQHandler                          0x0800027b   Thumb Code     0  startup_stm32f407xx.o(.text)
    TIM4_IRQHandler                          0x0800027b   Thumb Code     0  startup_stm32f407xx.o(.text)
    TIM7_IRQHandler                          0x0800027b   Thumb Code     0  startup_stm32f407xx.o(.text)
    TIM8_BRK_TIM12_IRQHandler                0x0800027b   Thumb Code     0  startup_stm32f407xx.o(.text)
    TIM8_CC_IRQHandler                       0x0800027b   Thumb Code     0  startup_stm32f407xx.o(.text)
    TIM8_TRG_COM_TIM14_IRQHandler            0x0800027b   Thumb Code     0  startup_stm32f407xx.o(.text)
    TIM8_UP_TIM13_IRQHandler                 0x0800027b   Thumb Code     0  startup_stm32f407xx.o(.text)
    UART4_IRQHandler                         0x0800027b   Thumb Code     0  startup_stm32f407xx.o(.text)
    UART5_IRQHandler                         0x0800027b   Thumb Code     0  startup_stm32f407xx.o(.text)
    USART6_IRQHandler                        0x0800027b   Thumb Code     0  startup_stm32f407xx.o(.text)
    WWDG_IRQHandler                          0x0800027b   Thumb Code     0  startup_stm32f407xx.o(.text)
    __aeabi_uldivmod                         0x08000285   Thumb Code    98  uldiv.o(.text)
    __aeabi_memcpy                           0x080002e7   Thumb Code    36  memcpya.o(.text)
    __aeabi_memcpy4                          0x080002e7   Thumb Code     0  memcpya.o(.text)
    __aeabi_memcpy8                          0x080002e7   Thumb Code     0  memcpya.o(.text)
    __aeabi_memset                           0x0800030b   Thumb Code    14  memseta.o(.text)
    __aeabi_memset4                          0x0800030b   Thumb Code     0  memseta.o(.text)
    __aeabi_memset8                          0x0800030b   Thumb Code     0  memseta.o(.text)
    __aeabi_memclr                           0x08000319   Thumb Code     4  memseta.o(.text)
    __aeabi_memclr4                          0x08000319   Thumb Code     0  memseta.o(.text)
    __aeabi_memclr8                          0x08000319   Thumb Code     0  memseta.o(.text)
    memset                                   0x0800031d   Thumb Code    18  memseta.o(.text)
    strlen                                   0x0800032f   Thumb Code    14  strlen.o(.text)
    __cpp_initialize__aeabi_                 0x0800033d   Thumb Code    22  cpp_init.o(.text)
    __aeabi_llsl                             0x0800035d   Thumb Code    30  llshl.o(.text)
    _ll_shift_l                              0x0800035d   Thumb Code     0  llshl.o(.text)
    __aeabi_llsr                             0x0800037b   Thumb Code    32  llushr.o(.text)
    _ll_ushift_r                             0x0800037b   Thumb Code     0  llushr.o(.text)
    __scatterload                            0x0800039d   Thumb Code    28  init.o(.text)
    __scatterload_rt2                        0x0800039d   Thumb Code     0  init.o(.text)
    Agl_limit                                0x080003c1   Thumb Code    42  motor_ctr.o(i.Agl_limit)
    BusFault_Handler                         0x080003fd   Thumb Code     2  stm32f4xx_it.o(i.BusFault_Handler)
    CAN1_RX0_IRQHandler                      0x08000401   Thumb Code     6  stm32f4xx_it.o(i.CAN1_RX0_IRQHandler)
    CAN1_TX_IRQHandler                       0x0800040d   Thumb Code     6  stm32f4xx_it.o(i.CAN1_TX_IRQHandler)
    Callback_RC_Handle                       0x08000541   Thumb Code   140  remote_control.o(i.Callback_RC_Handle)
    Chassis_task                             0x080005d1   Thumb Code   104  motor_ctr.o(i.Chassis_task)
    DMA1_Stream1_IRQHandler                  0x0800064d   Thumb Code     6  stm32f4xx_it.o(i.DMA1_Stream1_IRQHandler)
    DMA1_Stream3_IRQHandler                  0x08000659   Thumb Code     6  stm32f4xx_it.o(i.DMA1_Stream3_IRQHandler)
    DMA1_Stream5_IRQHandler                  0x08000665   Thumb Code     6  stm32f4xx_it.o(i.DMA1_Stream5_IRQHandler)
    DMA2_Stream2_IRQHandler                  0x08000671   Thumb Code     6  stm32f4xx_it.o(i.DMA2_Stream2_IRQHandler)
    DMA2_Stream6_IRQHandler                  0x0800067d   Thumb Code     6  stm32f4xx_it.o(i.DMA2_Stream6_IRQHandler)
    DMA2_Stream7_IRQHandler                  0x08000689   Thumb Code     6  stm32f4xx_it.o(i.DMA2_Stream7_IRQHandler)
    DebugMon_Handler                         0x08000739   Thumb Code     2  stm32f4xx_it.o(i.DebugMon_Handler)
    EXTI9_5_IRQHandler                       0x0800073b   Thumb Code    22  stm32f4xx_it.o(i.EXTI9_5_IRQHandler)
    Error_Handler                            0x08000751   Thumb Code     2  main.o(i.Error_Handler)
    Get_CRC16_Check_Sum                      0x08000755   Thumb Code    38  judge.o(i.Get_CRC16_Check_Sum)
    Gimbal_task                              0x08000781   Thumb Code   206  motor_ctr.o(i.Gimbal_task)
    Gimpar                                   0x08000875   Thumb Code    48  motor_ctr.o(i.Gimpar)
    HAL_CAN_ConfigFilter                     0x080008b1   Thumb Code   352  stm32f4xx_hal_can.o(i.HAL_CAN_ConfigFilter)
    HAL_CAN_ErrorCallback                    0x08000a4d   Thumb Code    14  can.o(i.HAL_CAN_ErrorCallback)
    HAL_CAN_IRQHandler                       0x08000a61   Thumb Code   548  stm32f4xx_hal_can.o(i.HAL_CAN_IRQHandler)
    HAL_CAN_Init                             0x08000c95   Thumb Code   556  stm32f4xx_hal_can.o(i.HAL_CAN_Init)
    HAL_CAN_MspInit                          0x08000f01   Thumb Code    96  can.o(i.HAL_CAN_MspInit)
    HAL_CAN_Receive_IT                       0x08000f6d   Thumb Code   192  stm32f4xx_hal_can.o(i.HAL_CAN_Receive_IT)
    HAL_CAN_RxCpltCallback                   0x08001065   Thumb Code   136  bsp_can.o(i.HAL_CAN_RxCpltCallback)
    HAL_CAN_Transmit                         0x080010fd   Thumb Code   528  stm32f4xx_hal_can.o(i.HAL_CAN_Transmit)
    HAL_CAN_TxCpltCallback                   0x08001351   Thumb Code     2  stm32f4xx_hal_can.o(i.HAL_CAN_TxCpltCallback)
    HAL_DMA_Abort                            0x08001353   Thumb Code   142  stm32f4xx_hal_dma.o(i.HAL_DMA_Abort)
    HAL_DMA_Abort_IT                         0x080013e1   Thumb Code    36  stm32f4xx_hal_dma.o(i.HAL_DMA_Abort_IT)
    HAL_DMA_IRQHandler                       0x08001405   Thumb Code   412  stm32f4xx_hal_dma.o(i.HAL_DMA_IRQHandler)
    HAL_DMA_Init                             0x080015a5   Thumb Code   666  stm32f4xx_hal_dma.o(i.HAL_DMA_Init)
    HAL_DMA_Start                            0x08001885   Thumb Code   106  stm32f4xx_hal_dma.o(i.HAL_DMA_Start)
    HAL_DMA_Start_IT                         0x08001929   Thumb Code   152  stm32f4xx_hal_dma.o(i.HAL_DMA_Start_IT)
    HAL_GPIO_EXTI_Callback                   0x080019f9   Thumb Code    88  main.o(i.HAL_GPIO_EXTI_Callback)
    HAL_GPIO_EXTI_IRQHandler                 0x08001a65   Thumb Code    18  stm32f4xx_hal_gpio.o(i.HAL_GPIO_EXTI_IRQHandler)
    HAL_GPIO_Init                            0x08001a7d   Thumb Code   646  stm32f4xx_hal_gpio.o(i.HAL_GPIO_Init)
    HAL_GetTick                              0x08001d89   Thumb Code     6  stm32f4xx_hal.o(i.HAL_GetTick)
    HAL_IncTick                              0x08001d95   Thumb Code    12  stm32f4xx_hal.o(i.HAL_IncTick)
    HAL_Init                                 0x08001da5   Thumb Code    48  stm32f4xx_hal.o(i.HAL_Init)
    HAL_InitTick                             0x08001dd9   Thumb Code   100  stm32f4xx_hal_timebase_tim.o(i.HAL_InitTick)
    HAL_MspInit                              0x08001e4d   Thumb Code    52  stm32f4xx_hal_msp.o(i.HAL_MspInit)
    HAL_NVIC_EnableIRQ                       0x08001e85   Thumb Code    40  stm32f4xx_hal_cortex.o(i.HAL_NVIC_EnableIRQ)
    HAL_NVIC_SetPriority                     0x08001ee9   Thumb Code    94  stm32f4xx_hal_cortex.o(i.HAL_NVIC_SetPriority)
    HAL_NVIC_SetPriorityGrouping             0x08001f89   Thumb Code    58  stm32f4xx_hal_cortex.o(i.HAL_NVIC_SetPriorityGrouping)
    HAL_RCC_ClockConfig                      0x08002009   Thumb Code   510  stm32f4xx_hal_rcc.o(i.HAL_RCC_ClockConfig)
    HAL_RCC_GetClockConfig                   0x08002251   Thumb Code    54  stm32f4xx_hal_rcc.o(i.HAL_RCC_GetClockConfig)
    HAL_RCC_GetPCLK1Freq                     0x08002291   Thumb Code    20  stm32f4xx_hal_rcc.o(i.HAL_RCC_GetPCLK1Freq)
    HAL_RCC_GetPCLK2Freq                     0x080022b1   Thumb Code    20  stm32f4xx_hal_rcc.o(i.HAL_RCC_GetPCLK2Freq)
    HAL_RCC_GetSysClockFreq                  0x080022d1   Thumb Code    88  stm32f4xx_hal_rcc.o(i.HAL_RCC_GetSysClockFreq)
    HAL_RCC_OscConfig                        0x08002331   Thumb Code  1118  stm32f4xx_hal_rcc.o(i.HAL_RCC_OscConfig)
    HAL_TIMEx_BreakCallback                  0x0800278f   Thumb Code     2  stm32f4xx_hal_tim_ex.o(i.HAL_TIMEx_BreakCallback)
    HAL_TIMEx_CommutCallback                 0x08002791   Thumb Code     2  stm32f4xx_hal_tim_ex.o(i.HAL_TIMEx_CommutCallback)
    HAL_TIMEx_MasterConfigSynchronization    0x08002795   Thumb Code   188  stm32f4xx_hal_tim_ex.o(i.HAL_TIMEx_MasterConfigSynchronization)
    HAL_TIM_Base_Init                        0x080028a9   Thumb Code   224  stm32f4xx_hal_tim.o(i.HAL_TIM_Base_Init)
    HAL_TIM_Base_MspInit                     0x080029f5   Thumb Code   130  tim.o(i.HAL_TIM_Base_MspInit)
    HAL_TIM_Base_Start                       0x08002a89   Thumb Code   136  stm32f4xx_hal_tim.o(i.HAL_TIM_Base_Start)
    HAL_TIM_Base_Start_IT                    0x08002b7d   Thumb Code   134  stm32f4xx_hal_tim.o(i.HAL_TIM_Base_Start_IT)
    HAL_TIM_ConfigClockSource                0x08002c71   Thumb Code   914  stm32f4xx_hal_tim.o(i.HAL_TIM_ConfigClockSource)
    HAL_TIM_IC_CaptureCallback               0x08003071   Thumb Code     2  stm32f4xx_hal_tim.o(i.HAL_TIM_IC_CaptureCallback)
    HAL_TIM_IC_ConfigChannel                 0x08003075   Thumb Code   596  stm32f4xx_hal_tim.o(i.HAL_TIM_IC_ConfigChannel)
    HAL_TIM_IC_Init                          0x0800332d   Thumb Code   224  stm32f4xx_hal_tim.o(i.HAL_TIM_IC_Init)
    HAL_TIM_IC_MspInit                       0x08003479   Thumb Code   142  tim.o(i.HAL_TIM_IC_MspInit)
    HAL_TIM_IRQHandler                       0x0800351d   Thumb Code   358  stm32f4xx_hal_tim.o(i.HAL_TIM_IRQHandler)
    HAL_TIM_MspPostInit                      0x08003685   Thumb Code    70  tim.o(i.HAL_TIM_MspPostInit)
    HAL_TIM_OC_DelayElapsedCallback          0x080036d9   Thumb Code     2  stm32f4xx_hal_tim.o(i.HAL_TIM_OC_DelayElapsedCallback)
    HAL_TIM_PWM_ConfigChannel                0x080036dd   Thumb Code   534  stm32f4xx_hal_tim.o(i.HAL_TIM_PWM_ConfigChannel)
    HAL_TIM_PWM_Init                         0x08003959   Thumb Code   224  stm32f4xx_hal_tim.o(i.HAL_TIM_PWM_Init)
    HAL_TIM_PWM_MspInit                      0x08003aa5   Thumb Code     2  stm32f4xx_hal_tim.o(i.HAL_TIM_PWM_MspInit)
    HAL_TIM_PWM_PulseFinishedCallback        0x08003aa7   Thumb Code     2  stm32f4xx_hal_tim.o(i.HAL_TIM_PWM_PulseFinishedCallback)
    HAL_TIM_PWM_Start                        0x08003aa9   Thumb Code   262  stm32f4xx_hal_tim.o(i.HAL_TIM_PWM_Start)
    HAL_TIM_PeriodElapsedCallback            0x08003c15   Thumb Code   154  main.o(i.HAL_TIM_PeriodElapsedCallback)
    HAL_TIM_TriggerCallback                  0x08003cd1   Thumb Code     2  stm32f4xx_hal_tim.o(i.HAL_TIM_TriggerCallback)
    HAL_UART_DMAStop                         0x08003cd3   Thumb Code    88  stm32f4xx_hal_uart.o(i.HAL_UART_DMAStop)
    HAL_UART_ErrorCallback                   0x08003d2b   Thumb Code     2  stm32f4xx_hal_uart.o(i.HAL_UART_ErrorCallback)
    HAL_UART_IDLE_IRQHandler                 0x08003d2d   Thumb Code   210  usart.o(i.HAL_UART_IDLE_IRQHandler)
    HAL_UART_IRQHandler                      0x08003e0d   Thumb Code   266  stm32f4xx_hal_uart.o(i.HAL_UART_IRQHandler)
    HAL_UART_Init                            0x08003f1d   Thumb Code   246  stm32f4xx_hal_uart.o(i.HAL_UART_Init)
    HAL_UART_MspInit                         0x08004069   Thumb Code   604  usart.o(i.HAL_UART_MspInit)
    HAL_UART_Receive_DMA                     0x080042ed   Thumb Code   138  stm32f4xx_hal_uart.o(i.HAL_UART_Receive_DMA)
    HAL_UART_Receive_IT_IDLE                 0x08004385   Thumb Code    18  usart.o(i.HAL_UART_Receive_IT_IDLE)
    HAL_UART_RxCpltCallback                  0x08004399   Thumb Code     6  mains.o(i.HAL_UART_RxCpltCallback)
    HAL_UART_RxHalfCpltCallback              0x080043a5   Thumb Code     2  stm32f4xx_hal_uart.o(i.HAL_UART_RxHalfCpltCallback)
    HAL_UART_Transmit_DMA                    0x080043a9   Thumb Code   114  stm32f4xx_hal_uart.o(i.HAL_UART_Transmit_DMA)
    HAL_UART_TxCpltCallback                  0x08004429   Thumb Code     6  mains.o(i.HAL_UART_TxCpltCallback)
    HAL_UART_TxHalfCpltCallback              0x08004435   Thumb Code     2  stm32f4xx_hal_uart.o(i.HAL_UART_TxHalfCpltCallback)
    HardFault_Handler                        0x08004437   Thumb Code     2  stm32f4xx_it.o(i.HardFault_Handler)
    JudgeDriver                              0x08004439   Thumb Code    44  mode.o(i.JudgeDriver)
    MX_CAN1_Init                             0x08004475   Thumb Code    62  can.o(i.MX_CAN1_Init)
    MX_DMA_Init                              0x080044bd   Thumb Code   136  dma.o(i.MX_DMA_Init)
    MX_FREERTOS_Init                         0x08004549   Thumb Code    50  freertos.o(i.MX_FREERTOS_Init)
    MX_GPIO_Init                             0x08004585   Thumb Code   308  gpio.o(i.MX_GPIO_Init)
    MX_TIM1_Init                             0x080046dd   Thumb Code   156  tim.o(i.MX_TIM1_Init)
    MX_TIM2_Init                             0x08004781   Thumb Code    96  tim.o(i.MX_TIM2_Init)
    MX_TIM3_Init                             0x080047e5   Thumb Code    96  tim.o(i.MX_TIM3_Init)
    MX_TIM4_Init                             0x0800484d   Thumb Code   144  tim.o(i.MX_TIM4_Init)
    MX_TIM5_Init                             0x080048e5   Thumb Code    94  tim.o(i.MX_TIM5_Init)
    MX_USART1_UART_Init                      0x0800494d   Thumb Code    48  usart.o(i.MX_USART1_UART_Init)
    MX_USART2_UART_Init                      0x08004985   Thumb Code    50  usart.o(i.MX_USART2_UART_Init)
    MX_USART3_UART_Init                      0x080049c5   Thumb Code    48  usart.o(i.MX_USART3_UART_Init)
    MemManage_Handler                        0x080049fd   Thumb Code     2  stm32f4xx_it.o(i.MemManage_Handler)
    ModeChoose                               0x08004a01   Thumb Code    66  mode.o(i.ModeChoose)
    ModeFire                                 0x08004a4d   Thumb Code    56  mode.o(i.ModeFire)
    ModePatrol                               0x08004a8d   Thumb Code    62  mode.o(i.ModePatrol)
    ModeTest                                 0x08004ae1   Thumb Code   118  mode.o(i.ModeTest)
    NMI_Handler                              0x08004b71   Thumb Code     2  stm32f4xx_it.o(i.NMI_Handler)
    PID_struct_init                          0x08004b75   Thumb Code    16  pid.o(i.PID_struct_init)
    ParamInit                                0x08004b8d   Thumb Code    38  mode.o(i.ParamInit)
    Pid_init                                 0x08004bbd   Thumb Code   228  motor_ctr.o(i.Pid_init)
    RampInit                                 0x08004cc1   Thumb Code    36  motor_ctr.o(i.RampInit)
    SETUP                                    0x08004ced   Thumb Code   158  mains.o(i.SETUP)
    SendCan_Callback                         0x08004da9   Thumb Code     4  freertos.o(i.SendCan_Callback)
    Send_Can                                 0x08004dad   Thumb Code    94  motor_ctr.o(i.Send_Can)
    SpdCut                                   0x08004e15   Thumb Code   268  motor_ctr.o(i.SpdCut)
    StartDefaultTask                         0x08004f35   Thumb Code    54  freertos.o(i.StartDefaultTask)
    SysTick_Handler                          0x08004f7d   Thumb Code    38  port.o(i.SysTick_Handler)
    SystemClock_Config                       0x08004fa9   Thumb Code   134  main.o(i.SystemClock_Config)
    SystemInit                               0x08005039   Thumb Code    66  system_stm32f4xx.o(i.SystemInit)
    TIM3_IRQHandler                          0x0800508d   Thumb Code     6  stm32f4xx_it.o(i.TIM3_IRQHandler)
    TIM5_IRQHandler                          0x08005099   Thumb Code     6  stm32f4xx_it.o(i.TIM5_IRQHandler)
    TIM6_DAC_IRQHandler                      0x080050a5   Thumb Code     6  stm32f4xx_it.o(i.TIM6_DAC_IRQHandler)
    TIM_Base_SetConfig                       0x080050b1   Thumb Code   156  stm32f4xx_hal_tim.o(i.TIM_Base_SetConfig)
    TIM_CCxChannelCmd                        0x08005179   Thumb Code   142  stm32f4xx_hal_tim.o(i.TIM_CCxChannelCmd)
    TIM_ETR_SetConfig                        0x0800526d   Thumb Code    20  stm32f4xx_hal_tim.o(i.TIM_ETR_SetConfig)
    TIM_OC2_SetConfig                        0x08005375   Thumb Code   170  stm32f4xx_hal_tim.o(i.TIM_OC2_SetConfig)
    TIM_TI1_SetConfig                        0x08005615   Thumb Code   100  stm32f4xx_hal_tim.o(i.TIM_TI1_SetConfig)
    UART_Receive_DMA_NoIT                    0x080057f5   Thumb Code   120  usart.o(i.UART_Receive_DMA_NoIT)
    USART1_IRQHandler                        0x08005cad   Thumb Code     6  stm32f4xx_it.o(i.USART1_IRQHandler)
    USART2_IRQHandler                        0x08005cb9   Thumb Code     6  stm32f4xx_it.o(i.USART2_IRQHandler)
    USART3_IRQHandler                        0x08005cc5   Thumb Code   130  stm32f4xx_it.o(i.USART3_IRQHandler)
    UsageFault_Handler                       0x08005d69   Thumb Code     2  stm32f4xx_it.o(i.UsageFault_Handler)
    Verify_CRC16_Check_Sum                   0x08005d6d   Thumb Code    54  judge.o(i.Verify_CRC16_Check_Sum)
    gimbal_callback(const skyguard_msgs::gimbal&) 0x08005da9   Thumb Code   142  mains.o(i._Z15gimbal_callbackRKN13skyguard_msgs6gimbalE)
    STM32Hardware::reset_rbuf()              0x08005e51   Thumb Code    16  mains.o(i._ZN13STM32Hardware10reset_rbufEv)
    STM32Hardware::flush()                   0x08005e61   Thumb Code    86  mains.o(i._ZN13STM32Hardware5flushEv)
    skyguard_msgs::gimbal::deserialize(unsigned char*) 0x08005ebd   Thumb Code    56  mains.o(i._ZN13skyguard_msgs6gimbal11deserializeEPh)
    skyguard_msgs::gimbal::getMD5()          0x08005ef5   Thumb Code     4  mains.o(i._ZN13skyguard_msgs6gimbal6getMD5Ev)
    skyguard_msgs::gimbal::getType()         0x08005efd   Thumb Code     4  mains.o(i._ZN13skyguard_msgs6gimbal7getTypeEv)
    skyguard_msgs::gimbal::gimbal()          0x08005f05   Thumb Code    14  mains.o(i._ZN13skyguard_msgs6gimbalC1Ev)
    skyguard_msgs::gimbal::gimbal__sub_object() 0x08005f05   Thumb Code     0  mains.o(i._ZN13skyguard_msgs6gimbalC1Ev)
    rosserial_msgs::RequestParamResponse::deserialize(unsigned char*) 0x08005f19   Thumb Code   238  mains.o(i._ZN14rosserial_msgs20RequestParamResponse11deserializeEPh)
    rosserial_msgs::RequestParamResponse::getMD5() 0x08006009   Thumb Code     4  mains.o(i._ZN14rosserial_msgs20RequestParamResponse6getMD5Ev)
    rosserial_msgs::RequestParamResponse::getType() 0x08006011   Thumb Code     4  mains.o(i._ZN14rosserial_msgs20RequestParamResponse7getTypeEv)
    rosserial_msgs::Log::getMD5()            0x08006019   Thumb Code     4  mains.o(i._ZN14rosserial_msgs3Log6getMD5Ev)
    rosserial_msgs::Log::getType()           0x08006021   Thumb Code     4  mains.o(i._ZN14rosserial_msgs3Log7getTypeEv)
    rosserial_msgs::TopicInfo::getMD5()      0x08006029   Thumb Code     4  mains.o(i._ZN14rosserial_msgs9TopicInfo6getMD5Ev)
    rosserial_msgs::TopicInfo::getType()     0x08006031   Thumb Code     4  mains.o(i._ZN14rosserial_msgs9TopicInfo7getTypeEv)
    ros::normalizeSecNSec(unsigned long&, unsigned long&) 0x08006039   Thumb Code    28  time.o(i._ZN3ros16normalizeSecNSecERmS0_)
    std_msgs::Time::deserialize(unsigned char*) 0x08006059   Thumb Code    62  mains.o(i._ZN8std_msgs4Time11deserializeEPh)
    std_msgs::Time::getMD5()                 0x08006099   Thumb Code     4  mains.o(i._ZN8std_msgs4Time6getMD5Ev)
    std_msgs::Time::getType()                0x080060a1   Thumb Code     4  mains.o(i._ZN8std_msgs4Time7getTypeEv)
    std_msgs::Time::Time()                   0x080060a9   Thumb Code    12  mains.o(i._ZN8std_msgs4TimeC1Ev)
    std_msgs::Time::Time__sub_object()       0x080060a9   Thumb Code     0  mains.o(i._ZN8std_msgs4TimeC1Ev)
    skyguard_msgs::gimbal::serialize(unsigned char*) const 0x080060b9   Thumb Code    44  mains.o(i._ZNK13skyguard_msgs6gimbal9serializeEPh)
    rosserial_msgs::RequestParamResponse::serialize(unsigned char*) const 0x080060e5   Thumb Code   188  mains.o(i._ZNK14rosserial_msgs20RequestParamResponse9serializeEPh)
    rosserial_msgs::Log::serialize(unsigned char*) const 0x080061a1   Thumb Code    36  mains.o(i._ZNK14rosserial_msgs3Log9serializeEPh)
    rosserial_msgs::TopicInfo::serialize(unsigned char*) const 0x080061c5   Thumb Code   118  mains.o(i._ZNK14rosserial_msgs9TopicInfo9serializeEPh)
    std_msgs::Time::serialize(unsigned char*) const 0x0800623b   Thumb Code    50  mains.o(i._ZNK8std_msgs4Time9serializeEPh)
    __free$realloc                           0x0800628d   Thumb Code    88  mallocr.o(i.__free$realloc)
    malloc                                   0x080062e9   Thumb Code    64  mallocr.o(i.__malloc$realloc)
    __scatterload_copy                       0x08006339   Thumb Code    14  handlers.o(i.__scatterload_copy)
    __scatterload_null                       0x08006347   Thumb Code     2  handlers.o(i.__scatterload_null)
    __scatterload_zeroinit                   0x08006349   Thumb Code    14  handlers.o(i.__scatterload_zeroinit)
    abs_limit                                0x080063c9   Thumb Code    42  pid.o(i.abs_limit)
    assert_failed                            0x080063f3   Thumb Code     2  main.o(i.assert_failed)
    get_moto_measure                         0x080063f5   Thumb Code    82  bsp_can.o(i.get_moto_measure)
    get_moto_offset                          0x08006447   Thumb Code    20  bsp_can.o(i.get_moto_offset)
    loop                                     0x080064b9   Thumb Code     6  mains.o(i.loop)
    main                                     0x080064c5   Thumb Code    82  main.o(i.main)
    motor_pwm_setvalue1                      0x0800652d   Thumb Code    38  tim.o(i.motor_pwm_setvalue1)
    my_can_filter_init_recv_all              0x08006559   Thumb Code    58  bsp_can.o(i.my_can_filter_init_recv_all)
    osKernelStart                            0x0800659d   Thumb Code    10  cmsis_os.o(i.osKernelStart)
    osThreadCreate                           0x080065a7   Thumb Code    46  cmsis_os.o(i.osThreadCreate)
    osTimerCreate                            0x080065d5   Thumb Code    30  cmsis_os.o(i.osTimerCreate)
    osTimerStart                             0x080065f9   Thumb Code    88  cmsis_os.o(i.osTimerStart)
    pid_calc                                 0x08006655   Thumb Code   448  pid.o(i.pid_calc)
    pvPortMalloc                             0x08006f19   Thumb Code   210  heap_4.o(i.pvPortMalloc)
    pxPortInitialiseStack                    0x08006ff1   Thumb Code    40  port.o(i.pxPortInitialiseStack)
    ramp_calc                                0x0800701d   Thumb Code    50  ramp.o(i.ramp_calc)
    ramp_init                                0x08007055   Thumb Code     8  ramp.o(i.ramp_init)
    realloc                                  0x0800705d   Thumb Code   102  mallocr.o(i.realloc)
    set_cloud_current                        0x080070c9   Thumb Code    76  bsp_can.o(i.set_cloud_current)
    set_moto_current                         0x08007115   Thumb Code    54  bsp_can.o(i.set_moto_current)
    uxListRemove                             0x0800714b   Thumb Code    38  list.o(i.uxListRemove)
    vListInitialise                          0x08007171   Thumb Code    22  list.o(i.vListInitialise)
    vListInitialiseItem                      0x08007187   Thumb Code     6  list.o(i.vListInitialiseItem)
    vListInsert                              0x0800718d   Thumb Code    48  list.o(i.vListInsert)
    vListInsertEnd                           0x080071bd   Thumb Code    24  list.o(i.vListInsertEnd)
    vPortEnterCritical                       0x080071d5   Thumb Code    54  port.o(i.vPortEnterCritical)
    vPortExitCritical                        0x08007215   Thumb Code    34  port.o(i.vPortExitCritical)
    vPortFree                                0x0800723d   Thumb Code    88  heap_4.o(i.vPortFree)
    vPortSetupTimerInterrupt                 0x08007299   Thumb Code    32  port.o(i.vPortSetupTimerInterrupt)
    vPortValidateInterruptPriority           0x080072bd   Thumb Code    74  port.o(i.vPortValidateInterruptPriority)
    vQueueAddToRegistry                      0x08007311   Thumb Code    34  queue.o(i.vQueueAddToRegistry)
    vQueueWaitForMessageRestricted           0x08007339   Thumb Code    68  queue.o(i.vQueueWaitForMessageRestricted)
    vTaskInternalSetTimeOutState             0x0800737d   Thumb Code    12  tasks.o(i.vTaskInternalSetTimeOutState)
    vTaskMissedYield                         0x0800738d   Thumb Code     8  tasks.o(i.vTaskMissedYield)
    vTaskPlaceOnEventList                    0x08007399   Thumb Code    44  tasks.o(i.vTaskPlaceOnEventList)
    vTaskPlaceOnEventListRestricted          0x080073c9   Thumb Code    52  tasks.o(i.vTaskPlaceOnEventListRestricted)
    vTaskStartScheduler                      0x08007401   Thumb Code    94  tasks.o(i.vTaskStartScheduler)
    vTaskSuspendAll                          0x08007471   Thumb Code    10  tasks.o(i.vTaskSuspendAll)
    vTaskSwitchContext                       0x08007481   Thumb Code    82  tasks.o(i.vTaskSwitchContext)
    xPortStartScheduler                      0x080074dd   Thumb Code   222  port.o(i.xPortStartScheduler)
    xQueueGenericCreate                      0x080075d1   Thumb Code    72  queue.o(i.xQueueGenericCreate)
    xQueueGenericReset                       0x08007619   Thumb Code   132  queue.o(i.xQueueGenericReset)
    xQueueGenericSend                        0x080076a1   Thumb Code   346  queue.o(i.xQueueGenericSend)
    xQueueGenericSendFromISR                 0x08007801   Thumb Code   188  queue.o(i.xQueueGenericSendFromISR)
    xQueueReceive                            0x080078bd   Thumb Code   308  queue.o(i.xQueueReceive)
    xTaskCheckForTimeOut                     0x080079f5   Thumb Code   112  tasks.o(i.xTaskCheckForTimeOut)
    xTaskCreate                              0x08007a69   Thumb Code    86  tasks.o(i.xTaskCreate)
    xTaskGetSchedulerState                   0x08007ac1   Thumb Code    22  tasks.o(i.xTaskGetSchedulerState)
    xTaskGetTickCount                        0x08007add   Thumb Code     6  tasks.o(i.xTaskGetTickCount)
    xTaskIncrementTick                       0x08007ae9   Thumb Code   192  tasks.o(i.xTaskIncrementTick)
    xTaskPriorityDisinherit                  0x08007bb1   Thumb Code   144  tasks.o(i.xTaskPriorityDisinherit)
    xTaskRemoveFromEventList                 0x08007c49   Thumb Code   108  tasks.o(i.xTaskRemoveFromEventList)
    xTaskResumeAll                           0x08007cbd   Thumb Code   182  tasks.o(i.xTaskResumeAll)
    xTimerCreate                             0x08007d81   Thumb Code    78  timers.o(i.xTimerCreate)
    xTimerCreateTimerTask                    0x08007dd1   Thumb Code    58  timers.o(i.xTimerCreateTimerTask)
    xTimerGenericCommand                     0x08007e1d   Thumb Code    92  timers.o(i.xTimerGenericCommand)
    ros::Subscriber<skyguard_msgs::gimbal>::getMsgType() 0x08007e7d   Thumb Code     4  mains.o(t._ZN3ros10SubscriberIN13skyguard_msgs6gimbalEE10getMsgTypeEv)
    ros::Subscriber<skyguard_msgs::gimbal>::getEndpointType() 0x08007e85   Thumb Code     4  mains.o(t._ZN3ros10SubscriberIN13skyguard_msgs6gimbalEE15getEndpointTypeEv)
    ros::Subscriber<skyguard_msgs::gimbal>::callback(unsigned char*) 0x08007e89   Thumb Code    22  mains.o(t._ZN3ros10SubscriberIN13skyguard_msgs6gimbalEE8callbackEPh)
    ros::Subscriber<skyguard_msgs::gimbal>::getMsgMD5() 0x08007ea1   Thumb Code     4  mains.o(t._ZN3ros10SubscriberIN13skyguard_msgs6gimbalEE9getMsgMD5Ev)
    ros::NodeHandle_<STM32Hardware, (int)25, (int)25, (int)1024, (int)1024>::negotiateTopics() 0x08007ea9   Thumb Code   184  mains.o(t._ZN3ros11NodeHandle_I13STM32HardwareLi25ELi25ELi1024ELi1024EE15negotiateTopicsEv)
    ros::NodeHandle_<STM32Hardware, (int)25, (int)25, (int)1024, (int)1024>::requestSyncTime() 0x08007f65   Thumb Code    34  mains.o(t._ZN3ros11NodeHandle_I13STM32HardwareLi25ELi25ELi1024ELi1024EE15requestSyncTimeEv)
    ros::NodeHandle_<STM32Hardware, (int)25, (int)25, (int)1024, (int)1024>::log(char, const char*) 0x08007f89   Thumb Code    24  mains.o(t._ZN3ros11NodeHandle_I13STM32HardwareLi25ELi25ELi1024ELi1024EE3logEcPKc)
    ros::NodeHandle_<STM32Hardware, (int)25, (int)25, (int)1024, (int)1024>::publish(int, const ros::Msg*) 0x08007fa5   Thumb Code   236  mains.o(t._ZN3ros11NodeHandle_I13STM32HardwareLi25ELi25ELi1024ELi1024EE7publishEiPKNS_3MsgE)
    ros::NodeHandle_<STM32Hardware, (int)25, (int)25, (int)1024, (int)1024>::spinOnce() 0x08008095   Thumb Code   642  mains.o(t._ZN3ros11NodeHandle_I13STM32HardwareLi25ELi25ELi1024ELi1024EE8spinOnceEv)
    ros::NodeHandle_<STM32Hardware, (int)25, (int)25, (int)1024, (int)1024>::NodeHandle_() 0x08008325   Thumb Code   124  mains.o(t._ZN3ros11NodeHandle_I13STM32HardwareLi25ELi25ELi1024ELi1024EEC1Ev)
    ros::NodeHandle_<STM32Hardware, (int)25, (int)25, (int)1024, (int)1024>::NodeHandle___sub_object() 0x08008325   Thumb Code     0  mains.o(t._ZN3ros11NodeHandle_I13STM32HardwareLi25ELi25ELi1024ELi1024EEC1Ev)
    AHBPrescTable                            0x080083b8   Data          16  system_stm32f4xx.o(.constdata)
    APBPrescTable                            0x080083c8   Data           8  system_stm32f4xx.o(.constdata)
    CRC8_TAB                                 0x080083e8   Data         256  judge.o(.constdata)
    wCRC_Table                               0x080084e8   Data         512  judge.o(.constdata)
    vtable for skyguard_msgs::gimbal         0x08008704   Data          24  mains.o(.constdata__ZTVN13skyguard_msgs6gimbalE)
    vtable for rosserial_msgs::RequestParamResponse 0x0800871c   Data          24  mains.o(.constdata__ZTVN14rosserial_msgs20RequestParamResponseE)
    vtable for rosserial_msgs::Log           0x08008734   Data          24  mains.o(.constdata__ZTVN14rosserial_msgs3LogE)
    vtable for rosserial_msgs::TopicInfo     0x0800874c   Data          24  mains.o(.constdata__ZTVN14rosserial_msgs9TopicInfoE)
    vtable for ros::Subscriber<skyguard_msgs::gimbal> 0x08008764   Data          24  mains.o(.constdata__ZTVN3ros10SubscriberIN13skyguard_msgs6gimbalEEE)
    vtable for ros::NodeHandle_<STM32Hardware, (int)25, (int)25, (int)1024, (int)1024> 0x0800877c   Data          20  mains.o(.constdata__ZTVN3ros11NodeHandle_I13STM32HardwareLi25ELi25ELi1024ELi1024EEE)
    vtable for std_msgs::Time                0x08008790   Data          24  mains.o(.constdata__ZTVN8std_msgs4TimeE)
    skyguard_msgs::gimbal::getMD5()::string  0x080087a8   Data          33  mains.o(.constdata__ZZN13skyguard_msgs6gimbal6getMD5EvEs)
    skyguard_msgs::gimbal::getType()::string 0x080087c9   Data          21  mains.o(.constdata__ZZN13skyguard_msgs6gimbal7getTypeEvEs)
    rosserial_msgs::RequestParamResponse::getMD5()::string 0x080087de   Data          33  mains.o(.constdata__ZZN14rosserial_msgs20RequestParamResponse6getMD5EvEs)
    rosserial_msgs::Log::getMD5()::string    0x080087ff   Data          33  mains.o(.constdata__ZZN14rosserial_msgs3Log6getMD5EvEs)
    rosserial_msgs::Log::getType()::string   0x08008820   Data          19  mains.o(.constdata__ZZN14rosserial_msgs3Log7getTypeEvEs)
    rosserial_msgs::TopicInfo::getMD5()::string 0x08008833   Data          33  mains.o(.constdata__ZZN14rosserial_msgs9TopicInfo6getMD5EvEs)
    rosserial_msgs::TopicInfo::getType()::string 0x08008854   Data          25  mains.o(.constdata__ZZN14rosserial_msgs9TopicInfo7getTypeEvEs)
    ros::NodeHandle_<STM32Hardware, (int)25, (int)25, (int)1024, (int)1024>::publish(int, const ros::Msg*)::string 0x0800886d   Data          57  mains.o(.constdata__ZZN3ros11NodeHandle_I13STM32HardwareLi25ELi25ELi1024ELi1024EE7publishEiPKNS_3MsgEEs)
    std_msgs::Time::getMD5()::string         0x080088a6   Data          33  mains.o(.constdata__ZZN8std_msgs4Time6getMD5EvEs)
    std_msgs::Time::getType()::string        0x080088c7   Data          14  mains.o(.constdata__ZZN8std_msgs4Time7getTypeEvEs)
    Region$$Table$$Base                      0x080088e4   Number         0  anon$$obj.o(Region$$Table)
    Region$$Table$$Limit                     0x08008904   Number         0  anon$$obj.o(Region$$Table)
    SHT$$INIT_ARRAY$$Base                    0x08008904   Number         0  mains.o(.init_array)
    SHT$$INIT_ARRAY$$Limit                   0x08008908   Number         0  cpp_init.o(.init_array)
    uwTickFreq                               0x20000000   Data           1  stm32f4xx_hal.o(.data)
    uwTickPrio                               0x20000004   Data           4  stm32f4xx_hal.o(.data)
    uwTick                                   0x20000008   Data           4  stm32f4xx_hal.o(.data)
    SystemCoreClock                          0x2000000c   Data           4  system_stm32f4xx.o(.data)
    pxCurrentTCB                             0x20000010   Data           4  tasks.o(.data)
    Timcount                                 0x20000084   Data           4  main.o(.data)
    Tim                                      0x20000088   Data           4  main.o(.data)
    Redcount                                 0x2000008c   Data           4  main.o(.data)
    defaultTaskHandle                        0x20000090   Data           4  freertos.o(.data)
    Send_CanHandle                           0x20000094   Data           4  freertos.o(.data)
    rx_len                                   0x20000098   Data           1  usart.o(.data)
    recv_end_flag                            0x20000099   Data           1  usart.o(.data)
    FT                                       0x2000009c   Data           4  stm32f4xx_it.o(.data)
    ref_spd                                  0x200000a0   Data           4  mode.o(.data)
    Cmspd                                    0x200000a4   Data           4  mode.o(.data)
    moka                                     0x200000a8   Data           4  mode.o(.data)
    text5                                    0x200000ac   Data           4  mode.o(.data)
    text6                                    0x200000b0   Data           4  mode.o(.data)
    CRC_INIT                                 0x200000b4   Data           2  judge.o(.data)
    Ros_connect_tim                          0x200000b8   Data           4  mains.o(.data)
    Yaw                                      0x200000bc   Data           4  mains.o(.data)
    Pitch                                    0x200000c0   Data           4  mains.o(.data)
    Poke                                     0x200000c4   Data           4  mains.o(.data)
    FlashTimer                               0x200000cc   Data           4  bsp_can.o(.data)
    rander                                   0x200000d0   Data           4  motor_ctr.o(.data)
    Gimspd                                   0x200000d4   Data           4  motor_ctr.o(.data)
    TurnDir1                                 0x200000d8   Data          20  motor_ctr.o(.data)
    TurnDir2                                 0x200000ec   Data          20  motor_ctr.o(.data)
    TurnDir3                                 0x20000100   Data          20  motor_ctr.o(.data)
    Latest_Remote_Control_Pack_Time          0x20000114   Data           4  remote_control.o(.data)
    LED_Flash_Timer_remote_control           0x20000118   Data           4  remote_control.o(.data)
    __microlib_freelist                      0x2000011c   Data           4  mvars.o(.data)
    __microlib_freelist_initialised          0x20000120   Data           4  mvars.o(.data)
    STM32Hardware::flush()::mutex            0x20000124   Data           1  mains.o(.data__ZZN13STM32Hardware5flushEvE5mutex)
    xQueueRegistry                           0x20000128   Data          64  queue.o(.bss)
    hcan1                                    0x20003e80   Data          68  can.o(.bss)
    htim1                                    0x20003ec4   Data          64  tim.o(.bss)
    htim2                                    0x20003f04   Data          64  tim.o(.bss)
    htim3                                    0x20003f44   Data          64  tim.o(.bss)
    htim4                                    0x20003f84   Data          64  tim.o(.bss)
    htim5                                    0x20003fc4   Data          64  tim.o(.bss)
    hdma_tim1_ch1_ch2_ch3                    0x20004004   Data          96  tim.o(.bss)
    rx_buffer                                0x20004064   Data         150  usart.o(.bss)
    UART_Buffer                              0x200040fa   Data         100  usart.o(.bss)
    huart1                                   0x20004160   Data          64  usart.o(.bss)
    huart2                                   0x200041a0   Data          64  usart.o(.bss)
    huart3                                   0x200041e0   Data          64  usart.o(.bss)
    hdma_usart1_rx                           0x20004220   Data          96  usart.o(.bss)
    hdma_usart1_tx                           0x20004280   Data          96  usart.o(.bss)
    hdma_usart2_rx                           0x200042e0   Data          96  usart.o(.bss)
    hdma_usart3_rx                           0x20004340   Data          96  usart.o(.bss)
    hdma_usart3_tx                           0x200043a0   Data          96  usart.o(.bss)
    SkyGuard_state                           0x20004400   Data          15  stm32f4xx_it.o(.bss)
    htim6                                    0x20004410   Data          64  stm32f4xx_hal_timebase_tim.o(.bss)
    Flag                                     0x20004450   Data          36  mode.o(.bss)
    nh                                       0x20004474   Data        3388  mains.o(.bss)
    gimbalctr_rec                            0x200051b0   Data          16  mains.o(.bss)
    gimbal_pos                               0x200051c0   Data          16  mains.o(.bss)
    gimbalctr                                0x200051d0   Data          36  mains.o(.bss)
    gimbal_position                          0x200051f4   Data          20  mains.o(.bss)
    moto_chassis                             0x20005208   Data         500  bsp_can.o(.bss)
    pid_pos                                  0x2000543c   Data         540  motor_ctr.o(.bss)
    pid_spd                                  0x20005658   Data         540  motor_ctr.o(.bss)
    remote_control                           0x20005874   Data          20  remote_control.o(.bss)
    __heap_base                              0x20005888   Data           0  startup_stm32f407xx.o(HEAP)
    __heap_limit                             0x20005a88   Data           0  startup_stm32f407xx.o(HEAP)
    __initial_sp                             0x20005e88   Data           0  startup_stm32f407xx.o(STACK)



==============================================================================

Memory Map of the image

  Image Entry point : 0x08000189

  Load Region LR_IROM1 (Base: 0x08000000, Size: 0x00008a30, Max: 0x00100000, ABSOLUTE)

    Execution Region ER_IROM1 (Base: 0x08000000, Size: 0x00008908, Max: 0x00100000, ABSOLUTE)

    Base Addr    Size         Type   Attr      Idx    E Section Name        Object

    0x08000000   0x00000188   Data   RO            3    RESET               startup_stm32f407xx.o
    0x08000188   0x00000000   Code   RO         5819  * .ARM.Collect$$$$00000000  mc_w.l(entry.o)
    0x08000188   0x00000004   Code   RO         5873    .ARM.Collect$$$$00000001  mc_w.l(entry2.o)
    0x0800018c   0x00000004   Code   RO         5876    .ARM.Collect$$$$00000004  mc_w.l(entry5.o)
    0x08000190   0x00000000   Code   RO         5878    .ARM.Collect$$$$00000008  mc_w.l(entry7b.o)
    0x08000190   0x00000004   Code   RO         5879    .ARM.Collect$$$$00000009  mc_w.l(entry8a.o)
    0x08000194   0x00000000   Code   RO         5880    .ARM.Collect$$$$0000000A  mc_w.l(entry8b.o)
    0x08000194   0x00000008   Code   RO         5881    .ARM.Collect$$$$0000000B  mc_w.l(entry9a.o)
    0x0800019c   0x00000000   Code   RO         5883    .ARM.Collect$$$$0000000D  mc_w.l(entry10a.o)
    0x0800019c   0x00000000   Code   RO         5885    .ARM.Collect$$$$0000000F  mc_w.l(entry11a.o)
    0x0800019c   0x00000004   Code   RO         5874    .ARM.Collect$$$$00002712  mc_w.l(entry2.o)
    0x080001a0   0x000000be   Code   RO         3965    .emb_text           port.o
    0x0800025e   0x00000002   PAD
    0x08000260   0x00000024   Code   RO            4    .text               startup_stm32f407xx.o
    0x08000284   0x00000062   Code   RO         5822    .text               mc_w.l(uldiv.o)
    0x080002e6   0x00000024   Code   RO         5827    .text               mc_w.l(memcpya.o)
    0x0800030a   0x00000024   Code   RO         5831    .text               mc_w.l(memseta.o)
    0x0800032e   0x0000000e   Code   RO         5833    .text               mc_w.l(strlen.o)
    0x0800033c   0x00000020   Code   RO         5858    .text               mc_w.l(cpp_init.o)
    0x0800035c   0x0000001e   Code   RO         5887    .text               mc_w.l(llshl.o)
    0x0800037a   0x00000020   Code   RO         5889    .text               mc_w.l(llushr.o)
    0x0800039a   0x00000002   PAD
    0x0800039c   0x00000024   Code   RO         5906    .text               mc_w.l(init.o)
    0x080003c0   0x0000003c   Code   RO         5571    i.Agl_limit         motor_ctr.o
    0x080003fc   0x00000002   Code   RO         4484    i.BusFault_Handler  stm32f4xx_it.o
    0x080003fe   0x00000002   PAD
    0x08000400   0x0000000c   Code   RO         4485    i.CAN1_RX0_IRQHandler  stm32f4xx_it.o
    0x0800040c   0x0000000c   Code   RO         4486    i.CAN1_TX_IRQHandler  stm32f4xx_it.o
    0x08000418   0x00000126   Code   RO           13    i.CAN_Receive_IT    stm32f4xx_hal_can.o
    0x0800053e   0x00000002   PAD
    0x08000540   0x00000090   Code   RO         5648    i.Callback_RC_Handle  remote_control.o
    0x080005d0   0x0000007c   Code   RO         5573    i.Chassis_task      motor_ctr.o
    0x0800064c   0x0000000c   Code   RO         4487    i.DMA1_Stream1_IRQHandler  stm32f4xx_it.o
    0x08000658   0x0000000c   Code   RO         4488    i.DMA1_Stream3_IRQHandler  stm32f4xx_it.o
    0x08000664   0x0000000c   Code   RO         4489    i.DMA1_Stream5_IRQHandler  stm32f4xx_it.o
    0x08000670   0x0000000c   Code   RO         4490    i.DMA2_Stream2_IRQHandler  stm32f4xx_it.o
    0x0800067c   0x0000000c   Code   RO         4491    i.DMA2_Stream6_IRQHandler  stm32f4xx_it.o
    0x08000688   0x0000000c   Code   RO         4492    i.DMA2_Stream7_IRQHandler  stm32f4xx_it.o
    0x08000694   0x00000028   Code   RO         1963    i.DMA_CalcBaseAndBitshift  stm32f4xx_hal_dma.o
    0x080006bc   0x00000054   Code   RO         1964    i.DMA_CheckFifoParam  stm32f4xx_hal_dma.o
    0x08000710   0x00000028   Code   RO         1965    i.DMA_SetConfig     stm32f4xx_hal_dma.o
    0x08000738   0x00000002   Code   RO         4493    i.DebugMon_Handler  stm32f4xx_it.o
    0x0800073a   0x00000016   Code   RO         4494    i.EXTI9_5_IRQHandler  stm32f4xx_it.o
    0x08000750   0x00000002   Code   RO         4045    i.Error_Handler     main.o
    0x08000752   0x00000002   PAD
    0x08000754   0x0000002c   Code   RO         4884    i.Get_CRC16_Check_Sum  judge.o
    0x08000780   0x000000f4   Code   RO         5574    i.Gimbal_task       motor_ctr.o
    0x08000874   0x0000003c   Code   RO         5575    i.Gimpar            motor_ctr.o
    0x080008b0   0x0000019c   Code   RO           14    i.HAL_CAN_ConfigFilter  stm32f4xx_hal_can.o
    0x08000a4c   0x00000014   Code   RO         4191    i.HAL_CAN_ErrorCallback  can.o
    0x08000a60   0x00000234   Code   RO           19    i.HAL_CAN_IRQHandler  stm32f4xx_hal_can.o
    0x08000c94   0x0000026c   Code   RO           20    i.HAL_CAN_Init      stm32f4xx_hal_can.o
    0x08000f00   0x0000006c   Code   RO         4193    i.HAL_CAN_MspInit   can.o
    0x08000f6c   0x000000f8   Code   RO           24    i.HAL_CAN_Receive_IT  stm32f4xx_hal_can.o
    0x08001064   0x00000098   Code   RO         5504    i.HAL_CAN_RxCpltCallback  bsp_can.o
    0x080010fc   0x00000254   Code   RO           27    i.HAL_CAN_Transmit  stm32f4xx_hal_can.o
    0x08001350   0x00000002   Code   RO           29    i.HAL_CAN_TxCpltCallback  stm32f4xx_hal_can.o
    0x08001352   0x0000008e   Code   RO         1966    i.HAL_DMA_Abort     stm32f4xx_hal_dma.o
    0x080013e0   0x00000024   Code   RO         1967    i.HAL_DMA_Abort_IT  stm32f4xx_hal_dma.o
    0x08001404   0x000001a0   Code   RO         1971    i.HAL_DMA_IRQHandler  stm32f4xx_hal_dma.o
    0x080015a4   0x000002e0   Code   RO         1972    i.HAL_DMA_Init      stm32f4xx_hal_dma.o
    0x08001884   0x000000a4   Code   RO         1975    i.HAL_DMA_Start     stm32f4xx_hal_dma.o
    0x08001928   0x000000d0   Code   RO         1976    i.HAL_DMA_Start_IT  stm32f4xx_hal_dma.o
    0x080019f8   0x0000006c   Code   RO         4046    i.HAL_GPIO_EXTI_Callback  main.o
    0x08001a64   0x00000018   Code   RO         1858    i.HAL_GPIO_EXTI_IRQHandler  stm32f4xx_hal_gpio.o
    0x08001a7c   0x0000030c   Code   RO         1859    i.HAL_GPIO_Init     stm32f4xx_hal_gpio.o
    0x08001d88   0x0000000c   Code   RO         2391    i.HAL_GetTick       stm32f4xx_hal.o
    0x08001d94   0x00000010   Code   RO         2397    i.HAL_IncTick       stm32f4xx_hal.o
    0x08001da4   0x00000034   Code   RO         2398    i.HAL_Init          stm32f4xx_hal.o
    0x08001dd8   0x00000074   Code   RO         4667    i.HAL_InitTick      stm32f4xx_hal_timebase_tim.o
    0x08001e4c   0x00000038   Code   RO         4643    i.HAL_MspInit       stm32f4xx_hal_msp.o
    0x08001e84   0x00000064   Code   RO         2248    i.HAL_NVIC_EnableIRQ  stm32f4xx_hal_cortex.o
    0x08001ee8   0x000000a0   Code   RO         2254    i.HAL_NVIC_SetPriority  stm32f4xx_hal_cortex.o
    0x08001f88   0x00000080   Code   RO         2255    i.HAL_NVIC_SetPriorityGrouping  stm32f4xx_hal_cortex.o
    0x08002008   0x00000248   Code   RO         1490    i.HAL_RCC_ClockConfig  stm32f4xx_hal_rcc.o
    0x08002250   0x00000040   Code   RO         1494    i.HAL_RCC_GetClockConfig  stm32f4xx_hal_rcc.o
    0x08002290   0x00000020   Code   RO         1497    i.HAL_RCC_GetPCLK1Freq  stm32f4xx_hal_rcc.o
    0x080022b0   0x00000020   Code   RO         1498    i.HAL_RCC_GetPCLK2Freq  stm32f4xx_hal_rcc.o
    0x080022d0   0x00000060   Code   RO         1499    i.HAL_RCC_GetSysClockFreq  stm32f4xx_hal_rcc.o
    0x08002330   0x0000045e   Code   RO         1502    i.HAL_RCC_OscConfig  stm32f4xx_hal_rcc.o
    0x0800278e   0x00000002   Code   RO          912    i.HAL_TIMEx_BreakCallback  stm32f4xx_hal_tim_ex.o
    0x08002790   0x00000002   Code   RO          913    i.HAL_TIMEx_CommutCallback  stm32f4xx_hal_tim_ex.o
    0x08002792   0x00000002   PAD
    0x08002794   0x00000114   Code   RO          930    i.HAL_TIMEx_MasterConfigSynchronization  stm32f4xx_hal_tim_ex.o
    0x080028a8   0x0000014c   Code   RO          236    i.HAL_TIM_Base_Init  stm32f4xx_hal_tim.o
    0x080029f4   0x00000094   Code   RO         4312    i.HAL_TIM_Base_MspInit  tim.o
    0x08002a88   0x000000f4   Code   RO          239    i.HAL_TIM_Base_Start  stm32f4xx_hal_tim.o
    0x08002b7c   0x000000f4   Code   RO          241    i.HAL_TIM_Base_Start_IT  stm32f4xx_hal_tim.o
    0x08002c70   0x00000400   Code   RO          245    i.HAL_TIM_ConfigClockSource  stm32f4xx_hal_tim.o
    0x08003070   0x00000002   Code   RO          265    i.HAL_TIM_IC_CaptureCallback  stm32f4xx_hal_tim.o
    0x08003072   0x00000002   PAD
    0x08003074   0x000002b8   Code   RO          267    i.HAL_TIM_IC_ConfigChannel  stm32f4xx_hal_tim.o
    0x0800332c   0x0000014c   Code   RO          270    i.HAL_TIM_IC_Init   stm32f4xx_hal_tim.o
    0x08003478   0x000000a4   Code   RO         4314    i.HAL_TIM_IC_MspInit  tim.o
    0x0800351c   0x00000166   Code   RO          279    i.HAL_TIM_IRQHandler  stm32f4xx_hal_tim.o
    0x08003682   0x00000002   PAD
    0x08003684   0x00000054   Code   RO         4315    i.HAL_TIM_MspPostInit  tim.o
    0x080036d8   0x00000002   Code   RO          282    i.HAL_TIM_OC_DelayElapsedCallback  stm32f4xx_hal_tim.o
    0x080036da   0x00000002   PAD
    0x080036dc   0x0000027c   Code   RO          303    i.HAL_TIM_PWM_ConfigChannel  stm32f4xx_hal_tim.o
    0x08003958   0x0000014c   Code   RO          306    i.HAL_TIM_PWM_Init  stm32f4xx_hal_tim.o
    0x08003aa4   0x00000002   Code   RO          308    i.HAL_TIM_PWM_MspInit  stm32f4xx_hal_tim.o
    0x08003aa6   0x00000002   Code   RO          309    i.HAL_TIM_PWM_PulseFinishedCallback  stm32f4xx_hal_tim.o
    0x08003aa8   0x0000016c   Code   RO          311    i.HAL_TIM_PWM_Start  stm32f4xx_hal_tim.o
    0x08003c14   0x000000bc   Code   RO         4047    i.HAL_TIM_PeriodElapsedCallback  main.o
    0x08003cd0   0x00000002   Code   RO          322    i.HAL_TIM_TriggerCallback  stm32f4xx_hal_tim.o
    0x08003cd2   0x00000058   Code   RO         1182    i.HAL_UART_DMAStop  stm32f4xx_hal_uart.o
    0x08003d2a   0x00000002   Code   RO         1184    i.HAL_UART_ErrorCallback  stm32f4xx_hal_uart.o
    0x08003d2c   0x000000e0   Code   RO         4401    i.HAL_UART_IDLE_IRQHandler  usart.o
    0x08003e0c   0x00000110   Code   RO         1187    i.HAL_UART_IRQHandler  stm32f4xx_hal_uart.o
    0x08003f1c   0x0000014c   Code   RO         1188    i.HAL_UART_Init     stm32f4xx_hal_uart.o
    0x08004068   0x00000284   Code   RO         4403    i.HAL_UART_MspInit  usart.o
    0x080042ec   0x00000098   Code   RO         1192    i.HAL_UART_Receive_DMA  stm32f4xx_hal_uart.o
    0x08004384   0x00000012   Code   RO         4404    i.HAL_UART_Receive_IT_IDLE  usart.o
    0x08004396   0x00000002   PAD
    0x08004398   0x0000000c   Code   RO         4943    i.HAL_UART_RxCpltCallback  mains.o
    0x080043a4   0x00000002   Code   RO         1195    i.HAL_UART_RxHalfCpltCallback  stm32f4xx_hal_uart.o
    0x080043a6   0x00000002   PAD
    0x080043a8   0x00000080   Code   RO         1197    i.HAL_UART_Transmit_DMA  stm32f4xx_hal_uart.o
    0x08004428   0x0000000c   Code   RO         4944    i.HAL_UART_TxCpltCallback  mains.o
    0x08004434   0x00000002   Code   RO         1200    i.HAL_UART_TxHalfCpltCallback  stm32f4xx_hal_uart.o
    0x08004436   0x00000002   Code   RO         4495    i.HardFault_Handler  stm32f4xx_it.o
    0x08004438   0x0000003c   Code   RO         4807    i.JudgeDriver       mode.o
    0x08004474   0x00000048   Code   RO         4194    i.MX_CAN1_Init      can.o
    0x080044bc   0x0000008c   Code   RO         4239    i.MX_DMA_Init       dma.o
    0x08004548   0x0000003c   Code   RO         4263    i.MX_FREERTOS_Init  freertos.o
    0x08004584   0x00000158   Code   RO         4167    i.MX_GPIO_Init      gpio.o
    0x080046dc   0x000000a4   Code   RO         4316    i.MX_TIM1_Init      tim.o
    0x08004780   0x00000064   Code   RO         4317    i.MX_TIM2_Init      tim.o
    0x080047e4   0x00000068   Code   RO         4318    i.MX_TIM3_Init      tim.o
    0x0800484c   0x00000098   Code   RO         4319    i.MX_TIM4_Init      tim.o
    0x080048e4   0x00000068   Code   RO         4320    i.MX_TIM5_Init      tim.o
    0x0800494c   0x00000038   Code   RO         4405    i.MX_USART1_UART_Init  usart.o
    0x08004984   0x00000040   Code   RO         4406    i.MX_USART2_UART_Init  usart.o
    0x080049c4   0x00000038   Code   RO         4407    i.MX_USART3_UART_Init  usart.o
    0x080049fc   0x00000002   Code   RO         4496    i.MemManage_Handler  stm32f4xx_it.o
    0x080049fe   0x00000002   PAD
    0x08004a00   0x0000004c   Code   RO         4808    i.ModeChoose        mode.o
    0x08004a4c   0x00000040   Code   RO         4809    i.ModeFire          mode.o
    0x08004a8c   0x00000054   Code   RO         4810    i.ModePatrol        mode.o
    0x08004ae0   0x00000090   Code   RO         4811    i.ModeTest          mode.o
    0x08004b70   0x00000002   Code   RO         4497    i.NMI_Handler       stm32f4xx_it.o
    0x08004b72   0x00000002   PAD
    0x08004b74   0x00000018   Code   RO         4706    i.PID_struct_init   pid.o
    0x08004b8c   0x00000030   Code   RO         4812    i.ParamInit         mode.o
    0x08004bbc   0x00000104   Code   RO         5576    i.Pid_init          motor_ctr.o
    0x08004cc0   0x0000002c   Code   RO         5577    i.RampInit          motor_ctr.o
    0x08004cec   0x000000bc   Code   RO         4945    i.SETUP             mains.o
    0x08004da8   0x00000004   Code   RO         4264    i.SendCan_Callback  freertos.o
    0x08004dac   0x00000068   Code   RO         5578    i.Send_Can          motor_ctr.o
    0x08004e14   0x00000120   Code   RO         5579    i.SpdCut            motor_ctr.o
    0x08004f34   0x00000048   Code   RO         4265    i.StartDefaultTask  freertos.o
    0x08004f7c   0x0000002c   Code   RO         3966    i.SysTick_Handler   port.o
    0x08004fa8   0x00000090   Code   RO         4048    i.SystemClock_Config  main.o
    0x08005038   0x00000054   Code   RO         2634    i.SystemInit        system_stm32f4xx.o
    0x0800508c   0x0000000c   Code   RO         4498    i.TIM3_IRQHandler   stm32f4xx_it.o
    0x08005098   0x0000000c   Code   RO         4499    i.TIM5_IRQHandler   stm32f4xx_it.o
    0x080050a4   0x0000000c   Code   RO         4500    i.TIM6_DAC_IRQHandler  stm32f4xx_it.o
    0x080050b0   0x000000c8   Code   RO          324    i.TIM_Base_SetConfig  stm32f4xx_hal_tim.o
    0x08005178   0x000000f4   Code   RO          325    i.TIM_CCxChannelCmd  stm32f4xx_hal_tim.o
    0x0800526c   0x00000014   Code   RO          335    i.TIM_ETR_SetConfig  stm32f4xx_hal_tim.o
    0x08005280   0x00000010   Code   RO          336    i.TIM_ITRx_SetConfig  stm32f4xx_hal_tim.o
    0x08005290   0x000000e4   Code   RO          337    i.TIM_OC1_SetConfig  stm32f4xx_hal_tim.o
    0x08005374   0x000000ec   Code   RO          338    i.TIM_OC2_SetConfig  stm32f4xx_hal_tim.o
    0x08005460   0x000000ec   Code   RO          339    i.TIM_OC3_SetConfig  stm32f4xx_hal_tim.o
    0x0800554c   0x000000a4   Code   RO          340    i.TIM_OC4_SetConfig  stm32f4xx_hal_tim.o
    0x080055f0   0x00000022   Code   RO          342    i.TIM_TI1_ConfigInputStage  stm32f4xx_hal_tim.o
    0x08005612   0x00000002   PAD
    0x08005614   0x00000080   Code   RO          343    i.TIM_TI1_SetConfig  stm32f4xx_hal_tim.o
    0x08005694   0x00000024   Code   RO          344    i.TIM_TI2_ConfigInputStage  stm32f4xx_hal_tim.o
    0x080056b8   0x00000036   Code   RO          345    i.TIM_TI2_SetConfig  stm32f4xx_hal_tim.o
    0x080056ee   0x00000010   Code   RO         1201    i.UART_DMAAbortOnError  stm32f4xx_hal_uart.o
    0x080056fe   0x0000004a   Code   RO         1202    i.UART_DMAError     stm32f4xx_hal_uart.o
    0x08005748   0x0000003c   Code   RO         1203    i.UART_DMAReceiveCplt  stm32f4xx_hal_uart.o
    0x08005784   0x0000000a   Code   RO         1205    i.UART_DMARxHalfCplt  stm32f4xx_hal_uart.o
    0x0800578e   0x0000002e   Code   RO         1207    i.UART_DMATransmitCplt  stm32f4xx_hal_uart.o
    0x080057bc   0x0000000a   Code   RO         1209    i.UART_DMATxHalfCplt  stm32f4xx_hal_uart.o
    0x080057c6   0x0000001c   Code   RO         1211    i.UART_EndRxTransfer  stm32f4xx_hal_uart.o
    0x080057e2   0x00000012   Code   RO         1212    i.UART_EndTxTransfer  stm32f4xx_hal_uart.o
    0x080057f4   0x00000078   Code   RO         4408    i.UART_Receive_DMA_NoIT  usart.o
    0x0800586c   0x00000096   Code   RO         1213    i.UART_Receive_IT   stm32f4xx_hal_uart.o
    0x08005902   0x00000002   PAD
    0x08005904   0x00000344   Code   RO         1214    i.UART_SetConfig    stm32f4xx_hal_uart.o
    0x08005c48   0x00000062   Code   RO         1215    i.UART_Transmit_IT  stm32f4xx_hal_uart.o
    0x08005caa   0x00000002   PAD
    0x08005cac   0x0000000c   Code   RO         4501    i.USART1_IRQHandler  stm32f4xx_it.o
    0x08005cb8   0x0000000c   Code   RO         4502    i.USART2_IRQHandler  stm32f4xx_it.o
    0x08005cc4   0x000000a4   Code   RO         4503    i.USART3_IRQHandler  stm32f4xx_it.o
    0x08005d68   0x00000002   Code   RO         4504    i.UsageFault_Handler  stm32f4xx_it.o
    0x08005d6a   0x00000002   PAD
    0x08005d6c   0x0000003c   Code   RO         4886    i.Verify_CRC16_Check_Sum  judge.o
    0x08005da8   0x000000a8   Code   RO         4946    i._Z15gimbal_callbackRKN13skyguard_msgs6gimbalE  mains.o
    0x08005e50   0x00000010   Code   RO         5042    i._ZN13STM32Hardware10reset_rbufEv  mains.o
    0x08005e60   0x0000005c   Code   RO         5011    i._ZN13STM32Hardware5flushEv  mains.o
    0x08005ebc   0x00000038   Code   RO         5036    i._ZN13skyguard_msgs6gimbal11deserializeEPh  mains.o
    0x08005ef4   0x00000008   Code   RO         5150    i._ZN13skyguard_msgs6gimbal6getMD5Ev  mains.o
    0x08005efc   0x00000008   Code   RO         5138    i._ZN13skyguard_msgs6gimbal7getTypeEv  mains.o
    0x08005f04   0x00000014   Code   RO         5078    i._ZN13skyguard_msgs6gimbalC1Ev  mains.o
    0x08005f18   0x000000ee   Code   RO         5017    i._ZN14rosserial_msgs20RequestParamResponse11deserializeEPh  mains.o
    0x08006006   0x00000002   PAD
    0x08006008   0x00000008   Code   RO         5246    i._ZN14rosserial_msgs20RequestParamResponse6getMD5Ev  mains.o
    0x08006010   0x00000008   Code   RO         5240    i._ZN14rosserial_msgs20RequestParamResponse7getTypeEv  mains.o
    0x08006018   0x00000008   Code   RO         5228    i._ZN14rosserial_msgs3Log6getMD5Ev  mains.o
    0x08006020   0x00000008   Code   RO         5222    i._ZN14rosserial_msgs3Log7getTypeEv  mains.o
    0x08006028   0x00000008   Code   RO         5204    i._ZN14rosserial_msgs9TopicInfo6getMD5Ev  mains.o
    0x08006030   0x00000008   Code   RO         5198    i._ZN14rosserial_msgs9TopicInfo7getTypeEv  mains.o
    0x08006038   0x00000020   Code   RO         5676    i._ZN3ros16normalizeSecNSecERmS0_  time.o
    0x08006058   0x0000003e   Code   RO         5023    i._ZN8std_msgs4Time11deserializeEPh  mains.o
    0x08006096   0x00000002   PAD
    0x08006098   0x00000008   Code   RO         5180    i._ZN8std_msgs4Time6getMD5Ev  mains.o
    0x080060a0   0x00000008   Code   RO         5174    i._ZN8std_msgs4Time7getTypeEv  mains.o
    0x080060a8   0x00000010   Code   RO         5055    i._ZN8std_msgs4TimeC1Ev  mains.o
    0x080060b8   0x0000002c   Code   RO         5252    i._ZNK13skyguard_msgs6gimbal9serializeEPh  mains.o
    0x080060e4   0x000000bc   Code   RO         5234    i._ZNK14rosserial_msgs20RequestParamResponse9serializeEPh  mains.o
    0x080061a0   0x00000024   Code   RO         5210    i._ZNK14rosserial_msgs3Log9serializeEPh  mains.o
    0x080061c4   0x00000076   Code   RO         5186    i._ZNK14rosserial_msgs9TopicInfo9serializeEPh  mains.o
    0x0800623a   0x00000032   Code   RO         5168    i._ZNK8std_msgs4Time9serializeEPh  mains.o
    0x0800626c   0x00000020   Code   RO         2261    i.__NVIC_SetPriority  stm32f4xx_hal_cortex.o
    0x0800628c   0x0000005c   Code   RO         5837    i.__free$realloc    mc_w.l(mallocr.o)
    0x080062e8   0x00000050   Code   RO         5838    i.__malloc$realloc  mc_w.l(mallocr.o)
    0x08006338   0x0000000e   Code   RO         5928    i.__scatterload_copy  mc_w.l(handlers.o)
    0x08006346   0x00000002   Code   RO         5929    i.__scatterload_null  mc_w.l(handlers.o)
    0x08006348   0x0000000e   Code   RO         5930    i.__scatterload_zeroinit  mc_w.l(handlers.o)
    0x08006356   0x00000002   PAD
    0x08006358   0x00000070   Code   RO         4947    i.__sti___9_mains_cpp_c658b51d  mains.o
    0x080063c8   0x0000002a   Code   RO         4707    i.abs_limit         pid.o
    0x080063f2   0x00000002   Code   RO         4049    i.assert_failed     main.o
    0x080063f4   0x00000052   Code   RO         5505    i.get_moto_measure  bsp_can.o
    0x08006446   0x00000014   Code   RO         5506    i.get_moto_offset   bsp_can.o
    0x0800645a   0x0000000c   Code   RO         3544    i.inHandlerMode     cmsis_os.o
    0x08006466   0x00000002   PAD
    0x08006468   0x00000050   Code   RO         5839    i.internal_alloc    mc_w.l(mallocr.o)
    0x080064b8   0x0000000c   Code   RO         4948    i.loop              mains.o
    0x080064c4   0x0000005c   Code   RO         4050    i.main              main.o
    0x08006520   0x0000000c   Code   RO         3546    i.makeFreeRtosPriority  cmsis_os.o
    0x0800652c   0x0000002c   Code   RO         4321    i.motor_pwm_setvalue1  tim.o
    0x08006558   0x00000044   Code   RO         5508    i.my_can_filter_init_recv_all  bsp_can.o
    0x0800659c   0x0000000a   Code   RO         3551    i.osKernelStart     cmsis_os.o
    0x080065a6   0x0000002e   Code   RO         3585    i.osThreadCreate    cmsis_os.o
    0x080065d4   0x00000024   Code   RO         3596    i.osTimerCreate     cmsis_os.o
    0x080065f8   0x0000005c   Code   RO         3598    i.osTimerStart      cmsis_os.o
    0x08006654   0x000001c4   Code   RO         4708    i.pid_calc          pid.o
    0x08006818   0x0000000e   Code   RO         4709    i.pid_param_init    pid.o
    0x08006826   0x00000006   Code   RO         4710    i.pid_reset         pid.o
    0x0800682c   0x00000070   Code   RO         3133    i.prvAddCurrentTaskToDelayedList  tasks.o
    0x0800689c   0x000000d0   Code   RO         3134    i.prvAddNewTaskToReadyList  tasks.o
    0x0800696c   0x00000050   Code   RO         3426    i.prvCheckForValidListAndQueue  timers.o
    0x080069bc   0x00000026   Code   RO         2837    i.prvCopyDataFromQueue  queue.o
    0x080069e2   0x0000006c   Code   RO         2838    i.prvCopyDataToQueue  queue.o
    0x08006a4e   0x00000014   Code   RO         3135    i.prvDeleteTCB      tasks.o
    0x08006a62   0x00000002   PAD
    0x08006a64   0x0000004c   Code   RO         3916    i.prvHeapInit       heap_4.o
    0x08006ab0   0x00000060   Code   RO         3136    i.prvIdleTask       tasks.o
    0x08006b10   0x0000008e   Code   RO         3137    i.prvInitialiseNewTask  tasks.o
    0x08006b9e   0x00000002   PAD
    0x08006ba0   0x0000004c   Code   RO         3917    i.prvInsertBlockIntoFreeList  heap_4.o
    0x08006bec   0x00000038   Code   RO         3427    i.prvInsertTimerInActiveList  timers.o
    0x08006c24   0x0000001c   Code   RO         2839    i.prvIsQueueEmpty   queue.o
    0x08006c40   0x000000b8   Code   RO         3428    i.prvProcessReceivedCommands  timers.o
    0x08006cf8   0x000000b4   Code   RO         3429    i.prvProcessTimerOrBlockTask  timers.o
    0x08006dac   0x00000020   Code   RO         3138    i.prvResetNextTaskUnblockTime  tasks.o
    0x08006dcc   0x00000028   Code   RO         3430    i.prvSampleTimeNow  timers.o
    0x08006df4   0x0000006c   Code   RO         3431    i.prvSwitchTimerLists  timers.o
    0x08006e60   0x00000028   Code   RO         3967    i.prvTaskExitError  port.o
    0x08006e88   0x00000024   Code   RO         3432    i.prvTimerTask      timers.o
    0x08006eac   0x0000006a   Code   RO         2840    i.prvUnlockQueue    queue.o
    0x08006f16   0x00000002   PAD
    0x08006f18   0x000000d8   Code   RO         3918    i.pvPortMalloc      heap_4.o
    0x08006ff0   0x0000002c   Code   RO         3968    i.pxPortInitialiseStack  port.o
    0x0800701c   0x00000038   Code   RO         4774    i.ramp_calc         ramp.o
    0x08007054   0x00000008   Code   RO         4775    i.ramp_init         ramp.o
    0x0800705c   0x0000006c   Code   RO         5840    i.realloc           mc_w.l(mallocr.o)
    0x080070c8   0x0000004c   Code   RO         5509    i.set_cloud_current  bsp_can.o
    0x08007114   0x00000036   Code   RO         5510    i.set_moto_current  bsp_can.o
    0x0800714a   0x00000026   Code   RO         2797    i.uxListRemove      list.o
    0x08007170   0x00000016   Code   RO         2798    i.vListInitialise   list.o
    0x08007186   0x00000006   Code   RO         2799    i.vListInitialiseItem  list.o
    0x0800718c   0x00000030   Code   RO         2800    i.vListInsert       list.o
    0x080071bc   0x00000018   Code   RO         2801    i.vListInsertEnd    list.o
    0x080071d4   0x00000040   Code   RO         3970    i.vPortEnterCritical  port.o
    0x08007214   0x00000028   Code   RO         3971    i.vPortExitCritical  port.o
    0x0800723c   0x0000005c   Code   RO         3919    i.vPortFree         heap_4.o
    0x08007298   0x00000024   Code   RO         3972    i.vPortSetupTimerInterrupt  port.o
    0x080072bc   0x00000054   Code   RO         3973    i.vPortValidateInterruptPriority  port.o
    0x08007310   0x00000028   Code   RO         2844    i.vQueueAddToRegistry  queue.o
    0x08007338   0x00000044   Code   RO         2847    i.vQueueWaitForMessageRestricted  queue.o
    0x0800737c   0x00000010   Code   RO         3149    i.vTaskInternalSetTimeOutState  tasks.o
    0x0800738c   0x0000000c   Code   RO         3150    i.vTaskMissedYield  tasks.o
    0x08007398   0x00000030   Code   RO         3152    i.vTaskPlaceOnEventList  tasks.o
    0x080073c8   0x00000038   Code   RO         3153    i.vTaskPlaceOnEventListRestricted  tasks.o
    0x08007400   0x00000070   Code   RO         3160    i.vTaskStartScheduler  tasks.o
    0x08007470   0x00000010   Code   RO         3162    i.vTaskSuspendAll   tasks.o
    0x08007480   0x0000005c   Code   RO         3163    i.vTaskSwitchContext  tasks.o
    0x080074dc   0x000000f4   Code   RO         3974    i.xPortStartScheduler  port.o
    0x080075d0   0x00000048   Code   RO         2849    i.xQueueGenericCreate  queue.o
    0x08007618   0x00000088   Code   RO         2850    i.xQueueGenericReset  queue.o
    0x080076a0   0x00000160   Code   RO         2851    i.xQueueGenericSend  queue.o
    0x08007800   0x000000bc   Code   RO         2852    i.xQueueGenericSendFromISR  queue.o
    0x080078bc   0x00000138   Code   RO         2858    i.xQueueReceive     queue.o
    0x080079f4   0x00000074   Code   RO         3164    i.xTaskCheckForTimeOut  tasks.o
    0x08007a68   0x00000056   Code   RO         3165    i.xTaskCreate       tasks.o
    0x08007abe   0x00000002   PAD
    0x08007ac0   0x0000001c   Code   RO         3169    i.xTaskGetSchedulerState  tasks.o
    0x08007adc   0x0000000c   Code   RO         3170    i.xTaskGetTickCount  tasks.o
    0x08007ae8   0x000000c8   Code   RO         3172    i.xTaskIncrementTick  tasks.o
    0x08007bb0   0x00000098   Code   RO         3175    i.xTaskPriorityDisinherit  tasks.o
    0x08007c48   0x00000074   Code   RO         3177    i.xTaskRemoveFromEventList  tasks.o
    0x08007cbc   0x000000c4   Code   RO         3178    i.xTaskResumeAll    tasks.o
    0x08007d80   0x0000004e   Code   RO         3435    i.xTimerCreate      timers.o
    0x08007dce   0x00000002   PAD
    0x08007dd0   0x0000004c   Code   RO         3436    i.xTimerCreateTimerTask  timers.o
    0x08007e1c   0x00000060   Code   RO         3437    i.xTimerGenericCommand  timers.o
    0x08007e7c   0x00000008   Code   RO         5144    t._ZN3ros10SubscriberIN13skyguard_msgs6gimbalEE10getMsgTypeEv  mains.o
    0x08007e84   0x00000004   Code   RO         5162    t._ZN3ros10SubscriberIN13skyguard_msgs6gimbalEE15getEndpointTypeEv  mains.o
    0x08007e88   0x00000016   Code   RO         5132    t._ZN3ros10SubscriberIN13skyguard_msgs6gimbalEE8callbackEPh  mains.o
    0x08007e9e   0x00000002   PAD
    0x08007ea0   0x00000008   Code   RO         5156    t._ZN3ros10SubscriberIN13skyguard_msgs6gimbalEE9getMsgMD5Ev  mains.o
    0x08007ea8   0x000000bc   Code   RO         5065    t._ZN3ros11NodeHandle_I13STM32HardwareLi25ELi25ELi1024ELi1024EE15negotiateTopicsEv  mains.o
    0x08007f64   0x00000022   Code   RO         5058    t._ZN3ros11NodeHandle_I13STM32HardwareLi25ELi25ELi1024ELi1024EE15requestSyncTimeEv  mains.o
    0x08007f86   0x00000002   PAD
    0x08007f88   0x0000001c   Code   RO         5048    t._ZN3ros11NodeHandle_I13STM32HardwareLi25ELi25ELi1024ELi1024EE3logEcPKc  mains.o
    0x08007fa4   0x000000f0   Code   RO         5125    t._ZN3ros11NodeHandle_I13STM32HardwareLi25ELi25ELi1024ELi1024EE7publishEiPKNS_3MsgE  mains.o
    0x08008094   0x00000290   Code   RO         5029    t._ZN3ros11NodeHandle_I13STM32HardwareLi25ELi25ELi1024ELi1024EE8spinOnceEv  mains.o
    0x08008324   0x0000008c   Code   RO         5072    t._ZN3ros11NodeHandle_I13STM32HardwareLi25ELi25ELi1024ELi1024EEC1Ev  mains.o
    0x080083b0   0x00000008   Data   RO         1978    .constdata          stm32f4xx_hal_dma.o
    0x080083b8   0x00000010   Data   RO         2635    .constdata          system_stm32f4xx.o
    0x080083c8   0x00000008   Data   RO         2636    .constdata          system_stm32f4xx.o
    0x080083d0   0x00000018   Data   RO         4266    .constdata          freertos.o
    0x080083e8   0x00000300   Data   RO         4889    .constdata          judge.o
    0x080086e8   0x0000001c   Data   RO         4956    .constdata          mains.o
    0x08008704   0x00000018   Data   RO         5093    .constdata__ZTVN13skyguard_msgs6gimbalE  mains.o
    0x0800871c   0x00000018   Data   RO         5091    .constdata__ZTVN14rosserial_msgs20RequestParamResponseE  mains.o
    0x08008734   0x00000018   Data   RO         5089    .constdata__ZTVN14rosserial_msgs3LogE  mains.o
    0x0800874c   0x00000018   Data   RO         5087    .constdata__ZTVN14rosserial_msgs9TopicInfoE  mains.o
    0x08008764   0x00000018   Data   RO         5097    .constdata__ZTVN3ros10SubscriberIN13skyguard_msgs6gimbalEEE  mains.o
    0x0800877c   0x00000014   Data   RO         5095    .constdata__ZTVN3ros11NodeHandle_I13STM32HardwareLi25ELi25ELi1024ELi1024EEE  mains.o
    0x08008790   0x00000018   Data   RO         5085    .constdata__ZTVN8std_msgs4TimeE  mains.o
    0x080087a8   0x00000021   Data   RO         5009    .constdata__ZZN13skyguard_msgs6gimbal6getMD5EvEs  mains.o
    0x080087c9   0x00000015   Data   RO         5008    .constdata__ZZN13skyguard_msgs6gimbal7getTypeEvEs  mains.o
    0x080087de   0x00000021   Data   RO         5007    .constdata__ZZN14rosserial_msgs20RequestParamResponse6getMD5EvEs  mains.o
    0x080087ff   0x00000021   Data   RO         5006    .constdata__ZZN14rosserial_msgs3Log6getMD5EvEs  mains.o
    0x08008820   0x00000013   Data   RO         5005    .constdata__ZZN14rosserial_msgs3Log7getTypeEvEs  mains.o
    0x08008833   0x00000021   Data   RO         5004    .constdata__ZZN14rosserial_msgs9TopicInfo6getMD5EvEs  mains.o
    0x08008854   0x00000019   Data   RO         5003    .constdata__ZZN14rosserial_msgs9TopicInfo7getTypeEvEs  mains.o
    0x0800886d   0x00000039   Data   RO         5010    .constdata__ZZN3ros11NodeHandle_I13STM32HardwareLi25ELi25ELi1024ELi1024EE7publishEiPKNS_3MsgEEs  mains.o
    0x080088a6   0x00000021   Data   RO         5002    .constdata__ZZN8std_msgs4Time6getMD5EvEs  mains.o
    0x080088c7   0x0000000e   Data   RO         5001    .constdata__ZZN8std_msgs4Time7getTypeEvEs  mains.o
    0x080088d5   0x00000003   PAD
    0x080088d8   0x0000000c   Data   RO         4267    .conststring        freertos.o
    0x080088e4   0x00000020   Data   RO         5926    Region$$Table       anon$$obj.o
    0x08008904   0x00000004   Data   RO         4959    .init_array         mains.o
    0x08008908   0x00000000   Data   RO         5856    .init_array         mc_w.l(cpp_init.o)


    Execution Region RW_IRAM1 (Base: 0x20000000, Size: 0x00005e88, Max: 0x00020000, ABSOLUTE)

    Base Addr    Size         Type   Attr      Idx    E Section Name        Object

    0x20000000   0x0000000c   Data   RW         2405    .data               stm32f4xx_hal.o
    0x2000000c   0x00000004   Data   RW         2637    .data               system_stm32f4xx.o
    0x20000010   0x0000003c   Data   RW         3181    .data               tasks.o
    0x2000004c   0x00000014   Data   RW         3443    .data               timers.o
    0x20000060   0x00000018   Data   RW         3924    .data               heap_4.o
    0x20000078   0x0000000c   Data   RW         3975    .data               port.o
    0x20000084   0x0000000c   Data   RW         4051    .data               main.o
    0x20000090   0x00000008   Data   RW         4268    .data               freertos.o
    0x20000098   0x00000001   Data   RW         4414    .data               usart.o
    0x20000099   0x00000001   Data   RW         4415    .data               usart.o
    0x2000009a   0x00000002   PAD
    0x2000009c   0x00000004   Data   RW         4506    .data               stm32f4xx_it.o
    0x200000a0   0x0000000c   Data   RW         4814    .data               mode.o
    0x200000ac   0x00000004   Data   RW         4815    .data               mode.o
    0x200000b0   0x00000004   Data   RW         4816    .data               mode.o
    0x200000b4   0x00000002   Data   RW         4890    .data               judge.o
    0x200000b6   0x00000002   PAD
    0x200000b8   0x00000010   Data   RW         4957    .data               mains.o
    0x200000c8   0x00000008   Data   RW         5512    .data               bsp_can.o
    0x200000d0   0x00000044   Data   RW         5581    .data               motor_ctr.o
    0x20000114   0x00000008   Data   RW         5650    .data               remote_control.o
    0x2000011c   0x00000004   Data   RW         5891    .data               mc_w.l(mvars.o)
    0x20000120   0x00000004   Data   RW         5892    .data               mc_w.l(mvars.o)
    0x20000124   0x00000001   Data   RW         5098    .data__ZZN13STM32Hardware5flushEvE5mutex  mains.o
    0x20000125   0x00000003   PAD
    0x20000128   0x00000040   Zero   RW         2861    .bss                queue.o
    0x20000168   0x000000f0   Zero   RW         3180    .bss                tasks.o
    0x20000258   0x00000028   Zero   RW         3442    .bss                timers.o
    0x20000280   0x00003c00   Zero   RW         3923    .bss                heap_4.o
    0x20003e80   0x00000044   Zero   RW         4195    .bss                can.o
    0x20003ec4   0x000001a0   Zero   RW         4322    .bss                tim.o
    0x20004064   0x00000096   Zero   RW         4410    .bss                usart.o
    0x200040fa   0x00000064   Zero   RW         4411    .bss                usart.o
    0x2000415e   0x00000002   PAD
    0x20004160   0x000002a0   Zero   RW         4412    .bss                usart.o
    0x20004400   0x0000000f   Zero   RW         4505    .bss                stm32f4xx_it.o
    0x2000440f   0x00000001   PAD
    0x20004410   0x00000040   Zero   RW         4670    .bss                stm32f4xx_hal_timebase_tim.o
    0x20004450   0x00000024   Zero   RW         4813    .bss                mode.o
    0x20004474   0x00000d94   Zero   RW         4955    .bss                mains.o
    0x20005208   0x00000234   Zero   RW         5511    .bss                bsp_can.o
    0x2000543c   0x00000438   Zero   RW         5580    .bss                motor_ctr.o
    0x20005874   0x00000014   Zero   RW         5649    .bss                remote_control.o
    0x20005888   0x00000200   Zero   RW            2    HEAP                startup_stm32f407xx.o
    0x20005a88   0x00000400   Zero   RW            1    STACK               startup_stm32f407xx.o


==============================================================================

Image component sizes


      Code (inc. data)   RO Data    RW Data    ZI Data      Debug   Object Name

       452         34          0          8        564       5313   bsp_can.o
       200         28          0          0         68       2045   can.o
       208         10          0          0          0      21086   cmsis_os.o
         0          0          0          0          0      10212   croutine.o
       140          4          0          0          0        814   dma.o
         0          0          0          0          0      11928   event_groups.o
       136         28         36          8          0       2384   freertos.o
       344         36          0          0          0       1139   gpio.o
       460         24          0         24      15360       4723   heap_4.o
       104         12        768          2          0       2207   judge.o
       138          0          0          0          0       3498   list.o
       536         74          0         12          0       9068   main.o
      2848        222        497         17       3476     658381   mains.o
       476         92          0         20         36       4182   mode.o
      1184        158          0         68       1080       5195   motor_ctr.o
       538         12          0          0          0       5193   pid.o
       786         82          0         12          0      11841   port.o
      1448         20          0          0         64      16154   queue.o
        64          6          0          0          0       1776   ramp.o
       144          4          0          8         20       1885   remote_control.o
        36          8        392          0       1536        824   startup_stm32f407xx.o
        80         14          0         12          0       3206   stm32f4xx_hal.o
      2736        264          0          0          0     705356   stm32f4xx_hal_can.o
       420        196          0          0          0      33266   stm32f4xx_hal_cortex.o
      1866        194          8          0          0       8394   stm32f4xx_hal_dma.o
       804        140          0          0          0       2463   stm32f4xx_hal_gpio.o
        56          4          0          0          0        822   stm32f4xx_hal_msp.o
      1926        198          0          0          0       5933   stm32f4xx_hal_rcc.o
      6168       1392          0          0          0      21586   stm32f4xx_hal_tim.o
       280         88          0          0          0       2453   stm32f4xx_hal_tim_ex.o
       116         16          0          0         64       1371   stm32f4xx_hal_timebase_tim.o
      2324        194          0          0          0      13461   stm32f4xx_hal_uart.o
       354        112          0          4         15      12171   stm32f4xx_it.o
        84         18         24          4          0       1135   system_stm32f4xx.o
      1868        148          0         60        240      21111   tasks.o
      1064         98          0          0        416       6389   tim.o
        32          4          0          0          0        935   time.o
       934         82          0         20         40      18942   timers.o
      1182         84          0          2        922       6002   usart.o

    ----------------------------------------------------------------------
     32588       4100       1760        288      23904    1644844   Object Totals
         0          0         32          0          0          0   (incl. Generated)
        52          0          3          7          3          0   (incl. Padding)

    ----------------------------------------------------------------------

      Code (inc. data)   RO Data    RW Data    ZI Data      Debug   Library Member Name

        32         10          0          0          0         80   cpp_init.o
         0          0          0          0          0          0   entry.o
         0          0          0          0          0          0   entry10a.o
         0          0          0          0          0          0   entry11a.o
         8          4          0          0          0          0   entry2.o
         4          0          0          0          0          0   entry5.o
         0          0          0          0          0          0   entry7b.o
         4          0          0          0          0          0   entry8a.o
         0          0          0          0          0          0   entry8b.o
         8          4          0          0          0          0   entry9a.o
        30          0          0          0          0          0   handlers.o
        36          8          0          0          0         68   init.o
        30          0          0          0          0         68   llshl.o
        32          0          0          0          0         68   llushr.o
       360         30          0          0          0        356   mallocr.o
        36          0          0          0          0         68   memcpya.o
        36          0          0          0          0        108   memseta.o
         0          0          0          8          0          0   mvars.o
        14          0          0          0          0         68   strlen.o
        98          0          0          0          0         92   uldiv.o

    ----------------------------------------------------------------------
       732         56          0          8          0        976   Library Totals
         4          0          0          0          0          0   (incl. Padding)

    ----------------------------------------------------------------------

      Code (inc. data)   RO Data    RW Data    ZI Data      Debug   Library Name

       728         56          0          8          0        976   mc_w.l

    ----------------------------------------------------------------------
       732         56          0          8          0        976   Library Totals

    ----------------------------------------------------------------------

==============================================================================


      Code (inc. data)   RO Data    RW Data    ZI Data      Debug   

     33320       4156       1760        296      23904    1619708   Grand Totals
     33320       4156       1760        296      23904    1619708   ELF Image Totals
     33320       4156       1760        296          0          0   ROM Totals

==============================================================================

    Total RO  Size (Code + RO Data)                35080 (  34.26kB)
    Total RW  Size (RW Data + ZI Data)             24200 (  23.63kB)
    Total ROM Size (Code + RO Data + RW Data)      35376 (  34.55kB)

==============================================================================

