Component: ARM Compiler 5.05 update 1 (build 106) Tool: armlink [4d0efa]

==============================================================================

Section Cross References

    startup_stm32f407xx.o(RESET) refers to startup_stm32f407xx.o(STACK) for __initial_sp
    startup_stm32f407xx.o(RESET) refers to startup_stm32f407xx.o(.text) for Reset_Handler
    startup_stm32f407xx.o(RESET) refers to stm32f4xx_it.o(i.NMI_Handler) for NMI_Handler
    startup_stm32f407xx.o(RESET) refers to stm32f4xx_it.o(i.HardFault_Handler) for HardFault_Handler
    startup_stm32f407xx.o(RESET) refers to stm32f4xx_it.o(i.MemManage_Handler) for MemManage_Handler
    startup_stm32f407xx.o(RESET) refers to stm32f4xx_it.o(i.BusFault_Handler) for BusFault_Handler
    startup_stm32f407xx.o(RESET) refers to stm32f4xx_it.o(i.UsageFault_Handler) for UsageFault_Handler
    startup_stm32f407xx.o(RESET) refers to port.o(.emb_text) for SVC_Handler
    startup_stm32f407xx.o(RESET) refers to stm32f4xx_it.o(i.DebugMon_Handler) for DebugMon_Handler
    startup_stm32f407xx.o(RESET) refers to port.o(i.SysTick_Handler) for SysTick_Handler
    startup_stm32f407xx.o(RESET) refers to stm32f4xx_it.o(i.DMA1_Stream5_IRQHandler) for DMA1_Stream5_IRQHandler
    startup_stm32f407xx.o(RESET) refers to stm32f4xx_it.o(i.CAN1_TX_IRQHandler) for CAN1_TX_IRQHandler
    startup_stm32f407xx.o(RESET) refers to stm32f4xx_it.o(i.CAN1_RX0_IRQHandler) for CAN1_RX0_IRQHandler
    startup_stm32f407xx.o(RESET) refers to stm32f4xx_it.o(i.TIM3_IRQHandler) for TIM3_IRQHandler
    startup_stm32f407xx.o(RESET) refers to stm32f4xx_it.o(i.TIM4_IRQHandler) for TIM4_IRQHandler
    startup_stm32f407xx.o(RESET) refers to stm32f4xx_it.o(i.USART1_IRQHandler) for USART1_IRQHandler
    startup_stm32f407xx.o(RESET) refers to stm32f4xx_it.o(i.USART2_IRQHandler) for USART2_IRQHandler
    startup_stm32f407xx.o(RESET) refers to stm32f4xx_it.o(i.USART3_IRQHandler) for USART3_IRQHandler
    startup_stm32f407xx.o(RESET) refers to stm32f4xx_it.o(i.TIM5_IRQHandler) for TIM5_IRQHandler
    startup_stm32f407xx.o(RESET) refers to stm32f4xx_it.o(i.TIM6_DAC_IRQHandler) for TIM6_DAC_IRQHandler
    startup_stm32f407xx.o(.text) refers to system_stm32f4xx.o(i.SystemInit) for SystemInit
    startup_stm32f407xx.o(.text) refers to entry.o(.ARM.Collect$$$$00000000) for __main
    inv_mpu.o(i.accel_6500_self_test) refers to mpu9250.o(i.MPU_Read_Len) for MPU_Read_Len
    inv_mpu.o(i.accel_6500_self_test) refers to printfa.o(i.__0printf) for __2printf
    inv_mpu.o(i.accel_6500_self_test) refers to f2d.o(.text) for __aeabi_f2d
    inv_mpu.o(i.accel_6500_self_test) refers to inv_mpu.o(.data) for st
    inv_mpu.o(i.accel_6500_self_test) refers to inv_mpu.o(.constdata) for mpu_6500_st_tb
    inv_mpu.o(i.compass_self_test) refers to inv_mpu.o(i.mpu_set_bypass) for mpu_set_bypass
    inv_mpu.o(i.compass_self_test) refers to mpu9250.o(i.MPU_Write_Len) for MPU_Write_Len
    inv_mpu.o(i.compass_self_test) refers to stm32f4xx_hal.o(i.HAL_Delay) for HAL_Delay
    inv_mpu.o(i.compass_self_test) refers to mpu9250.o(i.MPU_Read_Len) for MPU_Read_Len
    inv_mpu.o(i.compass_self_test) refers to inv_mpu.o(.data) for st
    inv_mpu.o(i.get_st_6500_biases) refers to mpu9250.o(i.MPU_Write_Len) for MPU_Write_Len
    inv_mpu.o(i.get_st_6500_biases) refers to stm32f4xx_hal.o(i.HAL_Delay) for HAL_Delay
    inv_mpu.o(i.get_st_6500_biases) refers to printfa.o(i.__0printf) for __2printf
    inv_mpu.o(i.get_st_6500_biases) refers to mpu9250.o(i.MPU_Read_Len) for MPU_Read_Len
    inv_mpu.o(i.get_st_6500_biases) refers to ldiv.o(.text) for __aeabi_ldivmod
    inv_mpu.o(i.get_st_6500_biases) refers to inv_mpu.o(.data) for st
    inv_mpu.o(i.get_st_6500_biases) refers to inv_mpu.o(.constdata) for test
    inv_mpu.o(i.get_st_6500_biases) refers to f2d.o(.text) for __aeabi_f2d
    inv_mpu.o(i.get_st_biases) refers to mpu9250.o(i.MPU_Write_Len) for MPU_Write_Len
    inv_mpu.o(i.get_st_biases) refers to stm32f4xx_hal.o(i.HAL_Delay) for HAL_Delay
    inv_mpu.o(i.get_st_biases) refers to mpu9250.o(i.MPU_Read_Len) for MPU_Read_Len
    inv_mpu.o(i.get_st_biases) refers to ldiv.o(.text) for __aeabi_ldivmod
    inv_mpu.o(i.get_st_biases) refers to inv_mpu.o(.data) for st
    inv_mpu.o(i.get_st_biases) refers to inv_mpu.o(.constdata) for test
    inv_mpu.o(i.gyro_6500_self_test) refers to mpu9250.o(i.MPU_Read_Len) for MPU_Read_Len
    inv_mpu.o(i.gyro_6500_self_test) refers to printfa.o(i.__0printf) for __2printf
    inv_mpu.o(i.gyro_6500_self_test) refers to f2d.o(.text) for __aeabi_f2d
    inv_mpu.o(i.gyro_6500_self_test) refers to inv_mpu.o(.data) for st
    inv_mpu.o(i.gyro_6500_self_test) refers to inv_mpu.o(.constdata) for mpu_6500_st_tb
    inv_mpu.o(i.inv_orientation_matrix_to_scalar) refers to inv_mpu.o(i.inv_row_2_scale) for inv_row_2_scale
    inv_mpu.o(i.mpu_configure_fifo) refers to inv_mpu.o(i.set_int_enable) for set_int_enable
    inv_mpu.o(i.mpu_configure_fifo) refers to inv_mpu.o(i.mpu_reset_fifo) for mpu_reset_fifo
[...]

    Symbol Name                              Value     Ov Type        Size  Object(Section)

    BuildAttributes$$THM_ISAv4$E$P$D$K$B$S$7EM$VFPi3$EXTD16$VFPS$VFMA$PE$A:L22UL41UL21$X:L11$S22US41US21$IEEE1$IW$USESV6$~STKCKD$USESV7$~SHL$OTIME$ROPI$IEEEX$EBA8$MICROLIB$REQ8$PRES8$EABIv2 0x00000000   Number         0  anon$$obj.o ABSOLUTE
    __ARM_use_no_argv                        0x00000000   Number         0  main.o ABSOLUTE
    _printf_a                                0x00000000   Number         0  stubs.o ABSOLUTE
    _printf_c                                0x00000000   Number         0  stubs.o ABSOLUTE
    _printf_charcount                        0x00000000   Number         0  stubs.o ABSOLUTE
    _printf_d                                0x00000000   Number         0  stubs.o ABSOLUTE
    _printf_e                                0x00000000   Number         0  stubs.o ABSOLUTE
    _printf_f                                0x00000000   Number         0  stubs.o ABSOLUTE
    _printf_flags                            0x00000000   Number         0  stubs.o ABSOLUTE
    _printf_fp_dec                           0x00000000   Number         0  stubs.o ABSOLUTE
    _printf_fp_hex                           0x00000000   Number         0  stubs.o ABSOLUTE
    _printf_g                                0x00000000   Number         0  stubs.o ABSOLUTE
    _printf_i                                0x00000000   Number         0  stubs.o ABSOLUTE
    _printf_int_dec                          0x00000000   Number         0  stubs.o ABSOLUTE
    _printf_l                                0x00000000   Number         0  stubs.o ABSOLUTE
    _printf_lc                               0x00000000   Number         0  stubs.o ABSOLUTE
    _printf_ll                               0x00000000   Number         0  stubs.o ABSOLUTE
    _printf_lld                              0x00000000   Number         0  stubs.o ABSOLUTE
    _printf_lli                              0x00000000   Number         0  stubs.o ABSOLUTE
    _printf_llo                              0x00000000   Number         0  stubs.o ABSOLUTE
    _printf_llu                              0x00000000   Number         0  stubs.o ABSOLUTE
    _printf_llx                              0x00000000   Number         0  stubs.o ABSOLUTE
    _printf_longlong_dec                     0x00000000   Number         0  stubs.o ABSOLUTE
    _printf_longlong_hex                     0x00000000   Number         0  stubs.o ABSOLUTE
    _printf_longlong_oct                     0x00000000   Number         0  stubs.o ABSOLUTE
    _printf_ls                               0x00000000   Number         0  stubs.o ABSOLUTE
    _printf_mbtowc                           0x00000000   Number         0  stubs.o ABSOLUTE
    _printf_n                                0x00000000   Number         0  stubs.o ABSOLUTE
    _printf_o                                0x00000000   Number         0  stubs.o ABSOLUTE
    _printf_p                                0x00000000   Number         0  stubs.o ABSOLUTE
    _printf_percent                          0x00000000   Number         0  stubs.o ABSOLUTE
    _printf_pre_padding                      0x00000000   Number         0  stubs.o ABSOLUTE
    _printf_return_value                     0x00000000   Number         0  stubs.o ABSOLUTE
    _printf_s                                0x00000000   Number         0  stubs.o ABSOLUTE
    _printf_sizespec                         0x00000000   Number         0  stubs.o ABSOLUTE
    _printf_str                              0x00000000   Number         0  stubs.o ABSOLUTE
    _printf_truncate_signed                  0x00000000   Number         0  stubs.o ABSOLUTE
    _printf_truncate_unsigned                0x00000000   Number         0  stubs.o ABSOLUTE
    _printf_u                                0x00000000   Number         0  stubs.o ABSOLUTE
    _printf_wc                               0x00000000   Number         0  stubs.o ABSOLUTE
    _printf_wctomb                           0x00000000   Number         0  stubs.o ABSOLUTE
    _printf_widthprec                        0x00000000   Number         0  stubs.o ABSOLUTE
    _printf_x                                0x00000000   Number         0  stubs.o ABSOLUTE
    __cpp_initialize__aeabi_                  - Undefined Weak Reference
    __cxa_finalize                            - Undefined Weak Reference
    _clock_init                               - Undefined Weak Reference
    _microlib_exit                            - Undefined Weak Reference
    __Vectors_Size                           0x00000188   Number         0  startup_stm32f407xx.o ABSOLUTE
    __Vectors                                0x08000000   Data           4  startup_stm32f407xx.o(RESET)
    __Vectors_End                            0x08000188   Data           0  startup_stm32f407xx.o(RESET)
    __main                                   0x08000189   Thumb Code     0  entry.o(.ARM.Collect$$$$00000000)
    _main_stk                                0x08000189   Thumb Code     0  entry2.o(.ARM.Collect$$$$00000001)
    _main_scatterload                        0x0800018d   Thumb Code     0  entry5.o(.ARM.Collect$$$$00000004)
    __main_after_scatterload                 0x08000191   Thumb Code     0  entry5.o(.ARM.Collect$$$$00000004)
    _main_clock                              0x08000191   Thumb Code     0  entry7b.o(.ARM.Collect$$$$00000008)
    _main_cpp_init                           0x08000191   Thumb Code     0  entry8b.o(.ARM.Collect$$$$0000000A)
    _main_init                               0x08000191   Thumb Code     0  entry9a.o(.ARM.Collect$$$$0000000B)
    __rt_final_cpp                           0x08000199   Thumb Code     0  entry10a.o(.ARM.Collect$$$$0000000D)
    __rt_final_exit                          0x08000199   Thumb Code     0  entry11a.o(.ARM.Collect$$$$0000000F)
    SVC_Handler                              0x0800019d   Thumb Code    28  port.o(.emb_text)
    __asm___6_port_c_39a90d8d__prvStartFirstTask 0x080001bd   Thumb Code    28  port.o(.emb_text)
    __asm___6_port_c_39a90d8d__prvEnableVFP  0x080001dd   Thumb Code    16  port.o(.emb_text)
    PendSV_Handler                           0x080001f1   Thumb Code    92  port.o(.emb_text)
    vPortGetIPSR                             0x08000251   Thumb Code     6  port.o(.emb_text)
    Reset_Handler                            0x08000259   Thumb Code     8  startup_stm32f407xx.o(.text)
    ADC_IRQHandler                           0x08000273   Thumb Code     0  startup_stm32f407xx.o(.text)
    CAN1_RX1_IRQHandler                      0x08000273   Thumb Code     0  startup_stm32f407xx.o(.text)
    CAN1_SCE_IRQHandler                      0x08000273   Thumb Code     0  startup_stm32f407xx.o(.text)
    CAN2_RX0_IRQHandler                      0x08000273   Thumb Code     0  startup_stm32f407xx.o(.text)
    CAN2_RX1_IRQHandler                      0x08000273   Thumb Code     0  startup_stm32f407xx.o(.text)
    CAN2_SCE_IRQHandler                      0x08000273   Thumb Code     0  startup_stm32f407xx.o(.text)
    CAN2_TX_IRQHandler                       0x08000273   Thumb Code     0  startup_stm32f407xx.o(.text)
    DCMI_IRQHandler                          0x08000273   Thumb Code     0  startup_stm32f407xx.o(.text)
    DMA1_Stream0_IRQHandler                  0x08000273   Thumb Code     0  startup_stm32f407xx.o(.text)
    DMA1_Stream1_IRQHandler                  0x08000273   Thumb Code     0  startup_stm32f407xx.o(.text)
    DMA1_Stream2_IRQHandler                  0x08000273   Thumb Code     0  startup_stm32f407xx.o(.text)
    DMA1_Stream3_IRQHandler                  0x08000273   Thumb Code     0  startup_stm32f407xx.o(.text)
    DMA1_Stream4_IRQHandler                  0x08000273   Thumb Code     0  startup_stm32f407xx.o(.text)
    DMA1_Stream6_IRQHandler                  0x08000273   Thumb Code     0  startup_stm32f407xx.o(.text)
    DMA1_Stream7_IRQHandler                  0x08000273   Thumb Code     0  startup_stm32f407xx.o(.text)
    DMA2_Stream0_IRQHandler                  0x08000273   Thumb Code     0  startup_stm32f407xx.o(.text)
    DMA2_Stream1_IRQHandler                  0x08000273   Thumb Code     0  startup_stm32f407xx.o(.text)
    DMA2_Stream2_IRQHandler                  0x08000273   Thumb Code     0  startup_stm32f407xx.o(.text)
    DMA2_Stream3_IRQHandler                  0x08000273   Thumb Code     0  startup_stm32f407xx.o(.text)
    DMA2_Stream4_IRQHandler                  0x08000273   Thumb Code     0  startup_stm32f407xx.o(.text)
    DMA2_Stream5_IRQHandler                  0x08000273   Thumb Code     0  startup_stm32f407xx.o(.text)
    DMA2_Stream6_IRQHandler                  0x08000273   Thumb Code     0  startup_stm32f407xx.o(.text)
    DMA2_Stream7_IRQHandler                  0x08000273   Thumb Code     0  startup_stm32f407xx.o(.text)
    ETH_IRQHandler                           0x08000273   Thumb Code     0  startup_stm32f407xx.o(.text)
    ETH_WKUP_IRQHandler                      0x08000273   Thumb Code     0  startup_stm32f407xx.o(.text)
    EXTI0_IRQHandler                         0x08000273   Thumb Code     0  startup_stm32f407xx.o(.text)
    EXTI15_10_IRQHandler                     0x08000273   Thumb Code     0  startup_stm32f407xx.o(.text)
    EXTI1_IRQHandler                         0x08000273   Thumb Code     0  startup_stm32f407xx.o(.text)
    EXTI2_IRQHandler                         0x08000273   Thumb Code     0  startup_stm32f407xx.o(.text)
    EXTI3_IRQHandler                         0x08000273   Thumb Code     0  startup_stm32f407xx.o(.text)
    EXTI4_IRQHandler                         0x08000273   Thumb Code     0  startup_stm32f407xx.o(.text)
    EXTI9_5_IRQHandler                       0x08000273   Thumb Code     0  startup_stm32f407xx.o(.text)
    FLASH_IRQHandler                         0x08000273   Thumb Code     0  startup_stm32f407xx.o(.text)
    FMC_IRQHandler                           0x08000273   Thumb Code     0  startup_stm32f407xx.o(.text)
    FPU_IRQHandler                           0x08000273   Thumb Code     0  startup_stm32f407xx.o(.text)
    HASH_RNG_IRQHandler                      0x08000273   Thumb Code     0  startup_stm32f407xx.o(.text)
    I2C1_ER_IRQHandler                       0x08000273   Thumb Code     0  startup_stm32f407xx.o(.text)
    I2C1_EV_IRQHandler                       0x08000273   Thumb Code     0  startup_stm32f407xx.o(.text)
    I2C2_ER_IRQHandler                       0x08000273   Thumb Code     0  startup_stm32f407xx.o(.text)
    I2C2_EV_IRQHandler                       0x08000273   Thumb Code     0  startup_stm32f407xx.o(.text)
    I2C3_ER_IRQHandler                       0x08000273   Thumb Code     0  startup_stm32f407xx.o(.text)
    I2C3_EV_IRQHandler                       0x08000273   Thumb Code     0  startup_stm32f407xx.o(.text)
    OTG_FS_IRQHandler                        0x08000273   Thumb Code     0  startup_stm32f407xx.o(.text)
    OTG_FS_WKUP_IRQHandler                   0x08000273   Thumb Code     0  startup_stm32f407xx.o(.text)
    OTG_HS_EP1_IN_IRQHandler                 0x08000273   Thumb Code     0  startup_stm32f407xx.o(.text)
    OTG_HS_EP1_OUT_IRQHandler                0x08000273   Thumb Code     0  startup_stm32f407xx.o(.text)
    OTG_HS_IRQHandler                        0x08000273   Thumb Code     0  startup_stm32f407xx.o(.text)
    OTG_HS_WKUP_IRQHandler                   0x08000273   Thumb Code     0  startup_stm32f407xx.o(.text)
    PVD_IRQHandler                           0x08000273   Thumb Code     0  startup_stm32f407xx.o(.text)
    RCC_IRQHandler                           0x08000273   Thumb Code     0  startup_stm32f407xx.o(.text)
    RTC_Alarm_IRQHandler                     0x08000273   Thumb Code     0  startup_stm32f407xx.o(.text)
    RTC_WKUP_IRQHandler                      0x08000273   Thumb Code     0  startup_stm32f407xx.o(.text)
    SDIO_IRQHandler                          0x08000273   Thumb Code     0  startup_stm32f407xx.o(.text)
    SPI1_IRQHandler                          0x08000273   Thumb Code     0  startup_stm32f407xx.o(.text)
    SPI2_IRQHandler                          0x08000273   Thumb Code     0  startup_stm32f407xx.o(.text)
    SPI3_IRQHandler                          0x08000273   Thumb Code     0  startup_stm32f407xx.o(.text)
    TAMP_STAMP_IRQHandler                    0x08000273   Thumb Code     0  startup_stm32f407xx.o(.text)
    TIM1_BRK_TIM9_IRQHandler                 0x08000273   Thumb Code     0  startup_stm32f407xx.o(.text)
    TIM1_CC_IRQHandler                       0x08000273   Thumb Code     0  startup_stm32f407xx.o(.text)
    TIM1_TRG_COM_TIM11_IRQHandler            0x08000273   Thumb Code     0  startup_stm32f407xx.o(.text)
    TIM1_UP_TIM10_IRQHandler                 0x08000273   Thumb Code     0  startup_stm32f407xx.o(.text)
    TIM2_IRQHandler                          0x08000273   Thumb Code     0  startup_stm32f407xx.o(.text)
    TIM7_IRQHandler                          0x08000273   Thumb Code     0  startup_stm32f407xx.o(.text)
    TIM8_BRK_TIM12_IRQHandler                0x08000273   Thumb Code     0  startup_stm32f407xx.o(.text)
    TIM8_CC_IRQHandler                       0x08000273   Thumb Code     0  startup_stm32f407xx.o(.text)
    TIM8_TRG_COM_TIM14_IRQHandler            0x08000273   Thumb Code     0  startup_stm32f407xx.o(.text)
    TIM8_UP_TIM13_IRQHandler                 0x08000273   Thumb Code     0  startup_stm32f407xx.o(.text)
    UART4_IRQHandler                         0x08000273   Thumb Code     0  startup_stm32f407xx.o(.text)
    UART5_IRQHandler                         0x08000273   Thumb Code     0  startup_stm32f407xx.o(.text)
    USART6_IRQHandler                        0x08000273   Thumb Code     0  startup_stm32f407xx.o(.text)
    WWDG_IRQHandler                          0x08000273   Thumb Code     0  startup_stm32f407xx.o(.text)
    __aeabi_uldivmod                         0x0800027d   Thumb Code    98  uldiv.o(.text)
    __aeabi_ldivmod                          0x080002df   Thumb Code    98  ldiv.o(.text)
    __aeabi_memcpy                           0x08000341   Thumb Code    36  memcpya.o(.text)
    __aeabi_memcpy4                          0x08000341   Thumb Code     0  memcpya.o(.text)
    __aeabi_memcpy8                          0x08000341   Thumb Code     0  memcpya.o(.text)
    __aeabi_memset                           0x08000365   Thumb Code    14  memseta.o(.text)
    __aeabi_memset4                          0x08000365   Thumb Code     0  memseta.o(.text)
    __aeabi_memset8                          0x08000365   Thumb Code     0  memseta.o(.text)
    __aeabi_memclr                           0x08000373   Thumb Code     4  memseta.o(.text)
    __aeabi_memclr4                          0x08000373   Thumb Code     0  memseta.o(.text)
    __aeabi_memclr8                          0x08000373   Thumb Code     0  memseta.o(.text)
    _memset$wrapper                          0x08000377   Thumb Code    18  memseta.o(.text)
    memcmp                                   0x08000389   Thumb Code    26  memcmp.o(.text)
    __aeabi_dadd                             0x080003a3   Thumb Code   322  dadd.o(.text)
    __aeabi_dsub                             0x080004e5   Thumb Code     6  dadd.o(.text)
    __aeabi_drsub                            0x080004eb   Thumb Code     6  dadd.o(.text)
    __aeabi_dmul                             0x080004f1   Thumb Code   228  dmul.o(.text)
    __aeabi_ddiv                             0x080005d5   Thumb Code   222  ddiv.o(.text)
    __aeabi_f2d                              0x080006b3   Thumb Code    38  f2d.o(.text)
    __aeabi_cdcmpeq                          0x080006d9   Thumb Code     0  cdcmple.o(.text)
    __aeabi_cdcmple                          0x080006d9   Thumb Code    48  cdcmple.o(.text)
    __aeabi_uidiv                            0x08000709   Thumb Code     0  uidiv.o(.text)
    __aeabi_uidivmod                         0x08000709   Thumb Code    44  uidiv.o(.text)
    __aeabi_llsl                             0x08000735   Thumb Code    30  llshl.o(.text)
    _ll_shift_l                              0x08000735   Thumb Code     0  llshl.o(.text)
    __aeabi_llsr                             0x08000753   Thumb Code    32  llushr.o(.text)
    _ll_ushift_r                             0x08000753   Thumb Code     0  llushr.o(.text)
    __aeabi_lasr                             0x08000773   Thumb Code    36  llsshr.o(.text)
    _ll_sshift_r                             0x08000773   Thumb Code     0  llsshr.o(.text)
    __I$use$fp                               0x08000797   Thumb Code     0  iusefp.o(.text)
    _double_round                            0x08000797   Thumb Code    30  depilogue.o(.text)
    _double_epilogue                         0x080007b5   Thumb Code   156  depilogue.o(.text)
    __aeabi_d2ulz                            0x08000851   Thumb Code    48  dfixul.o(.text)
    __aeabi_cdrcmple                         0x08000881   Thumb Code    48  cdrcmple.o(.text)
    __scatterload                            0x080008b1   Thumb Code    28  init.o(.text)
    __scatterload_rt2                        0x080008b1   Thumb Code     0  init.o(.text)
    __decompress                             0x080008d5   Thumb Code     0  __dczerorl2.o(.text)
    __decompress1                            0x080008d5   Thumb Code    86  __dczerorl2.o(.text)
    BusFault_Handler                         0x0800092b   Thumb Code     4  stm32f4xx_it.o(i.BusFault_Handler)
    CAN1_RX0_IRQHandler                      0x08000931   Thumb Code    10  stm32f4xx_it.o(i.CAN1_RX0_IRQHandler)
    CAN1_TX_IRQHandler                       0x08000941   Thumb Code    10  stm32f4xx_it.o(i.CAN1_TX_IRQHandler)
    Callback_RC_Handle                       0x08000b75   Thumb Code   178  remote_task.o(i.Callback_RC_Handle)
    CanTimerSendCallback                     0x08000c31   Thumb Code    10  freertos.o(i.CanTimerSendCallback)
    DMA1_Stream5_IRQHandler                  0x08000c3d   Thumb Code    10  stm32f4xx_it.o(i.DMA1_Stream5_IRQHandler)
    DebugMon_Handler                         0x08000d57   Thumb Code     2  stm32f4xx_it.o(i.DebugMon_Handler)
    Error_Handler                            0x08000d59   Thumb Code     2  main.o(i.Error_Handler)
    FRICTION_WHEEL_MODE                      0x08000d5d   Thumb Code     6  remote_task.o(i.FRICTION_WHEEL_MODE)
    GIMBAL_CAN_SEND                          0x08000d69   Thumb Code   112  gimbal_task.o(i.GIMBAL_CAN_SEND)
    GetEncoderBias                           0x08000df1   Thumb Code    62  can_task.o(i.GetEncoderBias)
    Get_2006_Encoder                         0x08000e39   Thumb Code   208  can_task.o(i.Get_2006_Encoder)
    Get_3508_Encoder                         0x08000f15   Thumb Code   102  can_task.o(i.Get_3508_Encoder)
    Get_6020_Encoder                         0x08000f7d   Thumb Code   196  can_task.o(i.Get_6020_Encoder)
    Go_Forward_Data                          0x0800104d   Thumb Code    12  remote_task.o(i.Go_Forward_Data)
    HAL_CAN_ConfigFilter                     0x0800105d   Thumb Code   388  stm32f4xx_hal_can.o(i.HAL_CAN_ConfigFilter)
    HAL_CAN_ErrorCallback                    0x0800121d   Thumb Code    18  can.o(i.HAL_CAN_ErrorCallback)
    HAL_CAN_IRQHandler                       0x08001235   Thumb Code   580  stm32f4xx_hal_can.o(i.HAL_CAN_IRQHandler)
    HAL_CAN_Init                             0x08001489   Thumb Code   724  stm32f4xx_hal_can.o(i.HAL_CAN_Init)
    HAL_CAN_MspInit                          0x0800179d   Thumb Code   156  can.o(i.HAL_CAN_MspInit)
    HAL_CAN_Receive_IT                       0x08001845   Thumb Code   290  stm32f4xx_hal_can.o(i.HAL_CAN_Receive_IT)
    HAL_CAN_RxCpltCallback                   0x080019a1   Thumb Code   202  can_task.o(i.HAL_CAN_RxCpltCallback)
    HAL_CAN_Transmit                         0x08001a95   Thumb Code   800  stm32f4xx_hal_can.o(i.HAL_CAN_Transmit)
    HAL_CAN_TxCpltCallback                   0x08001df9   Thumb Code     2  stm32f4xx_hal_can.o(i.HAL_CAN_TxCpltCallback)
    HAL_DMA_Abort_IT                         0x08001dfb   Thumb Code    40  stm32f4xx_hal_dma.o(i.HAL_DMA_Abort_IT)
    HAL_DMA_IRQHandler                       0x08001e25   Thumb Code   570  stm32f4xx_hal_dma.o(i.HAL_DMA_IRQHandler)
    HAL_DMA_Init                             0x08002065   Thumb Code   792  stm32f4xx_hal_dma.o(i.HAL_DMA_Init)
    HAL_DMA_Start                            0x080023c1   Thumb Code   122  stm32f4xx_hal_dma.o(i.HAL_DMA_Start)
    HAL_Delay                                0x08002475   Thumb Code    30  stm32f4xx_hal.o(i.HAL_Delay)
    HAL_GPIO_Init                            0x08002495   Thumb Code   954  stm32f4xx_hal_gpio.o(i.HAL_GPIO_Init)
    HAL_GPIO_WritePin                        0x080028d5   Thumb Code    60  stm32f4xx_hal_gpio.o(i.HAL_GPIO_WritePin)
    HAL_GetTick                              0x0800294d   Thumb Code     6  stm32f4xx_hal.o(i.HAL_GetTick)
    HAL_I2C_Init                             0x08002959   Thumb Code   504  stm32f4xx_hal_i2c.o(i.HAL_I2C_Init)
    HAL_I2C_Mem_Read                         0x08002ba1   Thumb Code   816  stm32f4xx_hal_i2c.o(i.HAL_I2C_Mem_Read)
    HAL_I2C_Mem_Write                        0x08002f15   Thumb Code   404  stm32f4xx_hal_i2c.o(i.HAL_I2C_Mem_Write)
    HAL_I2C_MspInit                          0x080030e9   Thumb Code   122  i2c.o(i.HAL_I2C_MspInit)
    HAL_IncTick                              0x08003171   Thumb Code    12  stm32f4xx_hal.o(i.HAL_IncTick)
    HAL_Init                                 0x08003181   Thumb Code    54  stm32f4xx_hal.o(i.HAL_Init)
    HAL_InitTick                             0x080031bd   Thumb Code   122  stm32f4xx_hal_timebase_tim.o(i.HAL_InitTick)
    HAL_MspInit                              0x08003249   Thumb Code    78  stm32f4xx_hal_msp.o(i.HAL_MspInit)
    HAL_NVIC_EnableIRQ                       0x0800329d   Thumb Code    44  stm32f4xx_hal_cortex.o(i.HAL_NVIC_EnableIRQ)
    HAL_NVIC_SetPriority                     0x08003305   Thumb Code   152  stm32f4xx_hal_cortex.o(i.HAL_NVIC_SetPriority)
    HAL_NVIC_SetPriorityGrouping             0x080033d9   Thumb Code    66  stm32f4xx_hal_cortex.o(i.HAL_NVIC_SetPriorityGrouping)
    HAL_RCC_ClockConfig                      0x08003461   Thumb Code   626  stm32f4xx_hal_rcc.o(i.HAL_RCC_ClockConfig)
    HAL_RCC_GetClockConfig                   0x0800371d   Thumb Code    58  stm32f4xx_hal_rcc.o(i.HAL_RCC_GetClockConfig)
    HAL_RCC_GetHCLKFreq                      0x08003761   Thumb Code     6  stm32f4xx_hal_rcc.o(i.HAL_RCC_GetHCLKFreq)
    HAL_RCC_GetPCLK1Freq                     0x0800376d   Thumb Code    22  stm32f4xx_hal_rcc.o(i.HAL_RCC_GetPCLK1Freq)
    HAL_RCC_GetPCLK2Freq                     0x0800378d   Thumb Code    22  stm32f4xx_hal_rcc.o(i.HAL_RCC_GetPCLK2Freq)
    HAL_RCC_GetSysClockFreq                  0x080037ad   Thumb Code   162  stm32f4xx_hal_rcc.o(i.HAL_RCC_GetSysClockFreq)
    HAL_RCC_OscConfig                        0x0800385d   Thumb Code  1400  stm32f4xx_hal_rcc.o(i.HAL_RCC_OscConfig)
    HAL_TIMEx_BreakCallback                  0x08003ddd   Thumb Code     2  stm32f4xx_hal_tim_ex.o(i.HAL_TIMEx_BreakCallback)
    HAL_TIMEx_CommutationCallback            0x08003ddf   Thumb Code     2  stm32f4xx_hal_tim_ex.o(i.HAL_TIMEx_CommutationCallback)
    HAL_TIMEx_MasterConfigSynchronization    0x08003de1   Thumb Code   258  stm32f4xx_hal_tim_ex.o(i.HAL_TIMEx_MasterConfigSynchronization)
    HAL_TIM_Base_Init                        0x08003f3d   Thumb Code   242  stm32f4xx_hal_tim.o(i.HAL_TIM_Base_Init)
    HAL_TIM_Base_MspInit                     0x0800409d   Thumb Code   178  tim.o(i.HAL_TIM_Base_MspInit)
    HAL_TIM_Base_Start_IT                    0x08004161   Thumb Code   156  stm32f4xx_hal_tim.o(i.HAL_TIM_Base_Start_IT)
    HAL_TIM_ConfigClockSource                0x08004269   Thumb Code  1726  stm32f4xx_hal_tim.o(i.HAL_TIM_ConfigClockSource)
    HAL_TIM_IC_CaptureCallback               0x0800494d   Thumb Code     2  stm32f4xx_hal_tim.o(i.HAL_TIM_IC_CaptureCallback)
    HAL_TIM_IRQHandler                       0x0800494f   Thumb Code   406  stm32f4xx_hal_tim.o(i.HAL_TIM_IRQHandler)
    HAL_TIM_MspPostInit                      0x08004ae5   Thumb Code    84  tim.o(i.HAL_TIM_MspPostInit)
    HAL_TIM_OC_DelayElapsedCallback          0x08004b45   Thumb Code     2  stm32f4xx_hal_tim.o(i.HAL_TIM_OC_DelayElapsedCallback)
    HAL_TIM_PWM_ConfigChannel                0x08004b49   Thumb Code   670  stm32f4xx_hal_tim.o(i.HAL_TIM_PWM_ConfigChannel)
    HAL_TIM_PWM_Init                         0x08004e4d   Thumb Code   248  stm32f4xx_hal_tim.o(i.HAL_TIM_PWM_Init)
    HAL_TIM_PWM_MspInit                      0x08004fb1   Thumb Code     2  stm32f4xx_hal_tim.o(i.HAL_TIM_PWM_MspInit)
    HAL_TIM_PWM_PulseFinishedCallback        0x08004fb3   Thumb Code     2  stm32f4xx_hal_tim.o(i.HAL_TIM_PWM_PulseFinishedCallback)
    HAL_TIM_PWM_Start                        0x08004fb5   Thumb Code   290  stm32f4xx_hal_tim.o(i.HAL_TIM_PWM_Start)
    HAL_TIM_PeriodElapsedCallback            0x0800513d   Thumb Code    30  main.o(i.HAL_TIM_PeriodElapsedCallback)
    HAL_TIM_TriggerCallback                  0x08005165   Thumb Code     2  stm32f4xx_hal_tim.o(i.HAL_TIM_TriggerCallback)
    HAL_UART_ErrorCallback                   0x08005167   Thumb Code     2  stm32f4xx_hal_uart.o(i.HAL_UART_ErrorCallback)
    HAL_UART_IDLE_IRQHandler                 0x08005169   Thumb Code   346  usart.o(i.HAL_UART_IDLE_IRQHandler)
    HAL_UART_IRQHandler                      0x080052d1   Thumb Code   326  stm32f4xx_hal_uart.o(i.HAL_UART_IRQHandler)
    HAL_UART_Init                            0x0800541d   Thumb Code   306  stm32f4xx_hal_uart.o(i.HAL_UART_Init)
    HAL_UART_MspInit                         0x080055a5   Thumb Code   458  usart.o(i.HAL_UART_MspInit)
    HAL_UART_Receive_IT_IDLE                 0x08005791   Thumb Code    32  usart.o(i.HAL_UART_Receive_IT_IDLE)
    HAL_UART_RxCpltCallback                  0x080057b1   Thumb Code     2  stm32f4xx_hal_uart.o(i.HAL_UART_RxCpltCallback)
    HAL_UART_Transmit                        0x080057b3   Thumb Code   214  stm32f4xx_hal_uart.o(i.HAL_UART_Transmit)
    HAL_UART_TxCpltCallback                  0x08005889   Thumb Code     2  stm32f4xx_hal_uart.o(i.HAL_UART_TxCpltCallback)
    HardFault_Handler                        0x0800588b   Thumb Code     4  stm32f4xx_it.o(i.HardFault_Handler)
    Left_Right_Data                          0x08005d41   Thumb Code    12  remote_task.o(i.Left_Right_Data)
    MPU_Read_Len                             0x08005d51   Thumb Code    40  mpu9250.o(i.MPU_Read_Len)
    MPU_Write_Len                            0x08005d7d   Thumb Code    40  mpu9250.o(i.MPU_Write_Len)
    MX_CAN1_Init                             0x08005da9   Thumb Code    62  can.o(i.MX_CAN1_Init)
    MX_DMA_Init                              0x08005df1   Thumb Code    52  dma.o(i.MX_DMA_Init)
    MX_FREERTOS_Init                         0x08005e29   Thumb Code   100  freertos.o(i.MX_FREERTOS_Init)
    MX_GPIO_Init                             0x08005ea1   Thumb Code   448  gpio.o(i.MX_GPIO_Init)
    MX_I2C1_Init                             0x08006081   Thumb Code    48  i2c.o(i.MX_I2C1_Init)
    MX_TIM3_Init                             0x080060bd   Thumb Code    98  tim.o(i.MX_TIM3_Init)
    MX_TIM4_Init                             0x08006129   Thumb Code   152  tim.o(i.MX_TIM4_Init)
    MX_TIM5_Init                             0x080061c9   Thumb Code    98  tim.o(i.MX_TIM5_Init)
    MX_USART1_UART_Init                      0x08006235   Thumb Code    46  usart.o(i.MX_USART1_UART_Init)
    MX_USART2_UART_Init                      0x0800626d   Thumb Code    48  usart.o(i.MX_USART2_UART_Init)
    MX_USART3_UART_Init                      0x080062a9   Thumb Code    46  usart.o(i.MX_USART3_UART_Init)
    MemManage_Handler                        0x080062e1   Thumb Code     4  stm32f4xx_it.o(i.MemManage_Handler)
    NMI_Handler                              0x080062e5   Thumb Code     2  stm32f4xx_it.o(i.NMI_Handler)
    PID_Calc                                 0x08006321   Thumb Code   318  pid.o(i.PID_Calc)
    PID_Init                                 0x08006465   Thumb Code    90  pid.o(i.PID_Init)
    Pitch_Rotate_Data                        0x080064c5   Thumb Code    12  remote_task.o(i.Pitch_Rotate_Data)
    RC_Ctl_t_Init                            0x080064d5   Thumb Code    50  remote_task.o(i.RC_Ctl_t_Init)
    Set_CM_Speed                             0x0800650d   Thumb Code    96  can_task.o(i.Set_CM_Speed)
    Set_Gimbal_Current                       0x0800656d   Thumb Code    90  can_task.o(i.Set_Gimbal_Current)
    StartControlTask                         0x080065c9   Thumb Code    38  freertos.o(i.StartControlTask)
    StartIMU_Task                            0x080065f9   Thumb Code    18  freertos.o(i.StartIMU_Task)
    StartShootTask                           0x0800660b   Thumb Code    14  freertos.o(i.StartShootTask)
    SysTick_Handler                          0x08006619   Thumb Code    46  port.o(i.SysTick_Handler)
    SystemClock_Config                       0x0800664d   Thumb Code   174  main.o(i.SystemClock_Config)
    SystemInit                               0x08006705   Thumb Code    82  system_stm32f4xx.o(i.SystemInit)
    TIM3_IRQHandler                          0x08006769   Thumb Code    10  stm32f4xx_it.o(i.TIM3_IRQHandler)
    TIM4_IRQHandler                          0x08006779   Thumb Code    10  stm32f4xx_it.o(i.TIM4_IRQHandler)
    TIM5_IRQHandler                          0x08006789   Thumb Code    10  stm32f4xx_it.o(i.TIM5_IRQHandler)
    TIM6_DAC_IRQHandler                      0x08006799   Thumb Code    10  stm32f4xx_it.o(i.TIM6_DAC_IRQHandler)
    TIM_Base_SetConfig                       0x080067a9   Thumb Code   184  stm32f4xx_hal_tim.o(i.TIM_Base_SetConfig)
    TIM_CCxChannelCmd                        0x0800688d   Thumb Code   152  stm32f4xx_hal_tim.o(i.TIM_CCxChannelCmd)
    TIM_OC2_SetConfig                        0x08006a25   Thumb Code   150  stm32f4xx_hal_tim.o(i.TIM_OC2_SetConfig)
    UART_Receive_DMA_NoIT                    0x08006d6b   Thumb Code   164  usart.o(i.UART_Receive_DMA_NoIT)
    USART1_IRQHandler                        0x0800738d   Thumb Code    10  stm32f4xx_it.o(i.USART1_IRQHandler)
    USART2_IRQHandler                        0x0800739d   Thumb Code    10  stm32f4xx_it.o(i.USART2_IRQHandler)
    USART3_IRQHandler                        0x080073ad   Thumb Code    10  stm32f4xx_it.o(i.USART3_IRQHandler)
    UsageFault_Handler                       0x080073bd   Thumb Code     4  stm32f4xx_it.o(i.UsageFault_Handler)
    Yaw_Rotate_Data                          0x080073c1   Thumb Code    12  remote_task.o(i.Yaw_Rotate_Data)
    __0printf                                0x080073d1   Thumb Code    22  printfa.o(i.__0printf)
    __1printf                                0x080073d1   Thumb Code     0  printfa.o(i.__0printf)
    __2printf                                0x080073d1   Thumb Code     0  printfa.o(i.__0printf)
    __c89printf                              0x080073d1   Thumb Code     0  printfa.o(i.__0printf)
    printf                                   0x080073d1   Thumb Code     0  printfa.o(i.__0printf)
    __hardfp_fabs                            0x080073f1   Thumb Code    20  fabs.o(i.__hardfp_fabs)
    __scatterload_copy                       0x08007405   Thumb Code    14  handlers.o(i.__scatterload_copy)
    __scatterload_null                       0x08007413   Thumb Code     2  handlers.o(i.__scatterload_null)
    __scatterload_zeroinit                   0x08007415   Thumb Code    14  handlers.o(i.__scatterload_zeroinit)
    assert_failed                            0x08008281   Thumb Code     2  main.o(i.assert_failed)
    bsp_init                                 0x08008283   Thumb Code    20  init_task.o(i.bsp_init)
    chassis_behavior                         0x08008299   Thumb Code   118  control_task.o(i.chassis_behavior)
    chassis_init                             0x08008321   Thumb Code    78  chassis_task.o(i.chassis_init)
    chassis_pid_calc                         0x080083a1   Thumb Code   230  chassis_task.o(i.chassis_pid_calc)
    dmp_enable_6x_lp_quat                    0x080085e5   Thumb Code    60  inv_mpu_dmp_motion_driver.o(i.dmp_enable_6x_lp_quat)
    dmp_enable_feature                       0x08008621   Thumb Code   530  inv_mpu_dmp_motion_driver.o(i.dmp_enable_feature)
    dmp_enable_gyro_cal                      0x0800883d   Thumb Code    62  inv_mpu_dmp_motion_driver.o(i.dmp_enable_gyro_cal)
    dmp_enable_lp_quat                       0x08008895   Thumb Code    60  inv_mpu_dmp_motion_driver.o(i.dmp_enable_lp_quat)
    dmp_load_motion_driver_firmware          0x080088d1   Thumb Code    20  inv_mpu_dmp_motion_driver.o(i.dmp_load_motion_driver_firmware)
    dmp_set_accel_bias                       0x080088e9   Thumb Code   300  inv_mpu_dmp_motion_driver.o(i.dmp_set_accel_bias)
    dmp_set_fifo_rate                        0x08008a19   Thumb Code    96  inv_mpu_dmp_motion_driver.o(i.dmp_set_fifo_rate)
    dmp_set_gyro_bias                        0x08008a89   Thumb Code   294  inv_mpu_dmp_motion_driver.o(i.dmp_set_gyro_bias)
    dmp_set_orientation                      0x08008bb9   Thumb Code   290  inv_mpu_dmp_motion_driver.o(i.dmp_set_orientation)
    dmp_set_shake_reject_thresh              0x08008cf1   Thumb Code    56  inv_mpu_dmp_motion_driver.o(i.dmp_set_shake_reject_thresh)
    dmp_set_shake_reject_time                0x08008d29   Thumb Code    38  inv_mpu_dmp_motion_driver.o(i.dmp_set_shake_reject_time)
    dmp_set_shake_reject_timeout             0x08008d4f   Thumb Code    38  inv_mpu_dmp_motion_driver.o(i.dmp_set_shake_reject_timeout)
    dmp_set_tap_axes                         0x08008d75   Thumb Code    70  inv_mpu_dmp_motion_driver.o(i.dmp_set_tap_axes)
    dmp_set_tap_count                        0x08008dbb   Thumb Code    38  inv_mpu_dmp_motion_driver.o(i.dmp_set_tap_count)
    dmp_set_tap_thresh                       0x08008de1   Thumb Code   412  inv_mpu_dmp_motion_driver.o(i.dmp_set_tap_thresh)
    dmp_set_tap_time                         0x08008fa1   Thumb Code    38  inv_mpu_dmp_motion_driver.o(i.dmp_set_tap_time)
    dmp_set_tap_time_multi                   0x08008fc7   Thumb Code    38  inv_mpu_dmp_motion_driver.o(i.dmp_set_tap_time_multi)
    fputc                                    0x08008fed   Thumb Code    22  usart.o(i.fputc)
    friction_wheel_mode                      0x08009009   Thumb Code   310  shoot_task.o(i.friction_wheel_mode)
    gimbal_cali                              0x080097d1   Thumb Code   698  gimbal_task.o(i.gimbal_cali)
    gimbal_change                            0x08009aad   Thumb Code   214  control_task.o(i.gimbal_change)
    gimbal_init                              0x08009ba5   Thumb Code   244  gimbal_task.o(i.gimbal_init)
    gimbal_pid_calc                          0x08009d11   Thumb Code   264  gimbal_task.o(i.gimbal_pid_calc)
    gimbal_set                               0x08009e55   Thumb Code   168  control_task.o(i.gimbal_set)
    inv_orientation_matrix_to_scalar         0x0800a491   Thumb Code    40  inv_mpu.o(i.inv_orientation_matrix_to_scalar)
    inv_row_2_scale                          0x0800a4b9   Thumb Code    78  inv_mpu.o(i.inv_row_2_scale)
    main                                     0x0800a509   Thumb Code    98  main.o(i.main)
    motor_pwm_setvalue1                      0x0800a58d   Thumb Code    40  tim.o(i.motor_pwm_setvalue1)
    mpu_configure_fifo                       0x0800a5b9   Thumb Code   106  inv_mpu.o(i.mpu_configure_fifo)
    mpu_dmp_init                             0x0800a629   Thumb Code   190  inv_mpu.o(i.mpu_dmp_init)
    mpu_get_accel_fsr                        0x0800a6ed   Thumb Code    72  inv_mpu.o(i.mpu_get_accel_fsr)
    mpu_get_accel_sens                       0x0800a739   Thumb Code    78  inv_mpu.o(i.mpu_get_accel_sens)
    mpu_get_compass_fsr                      0x0800a78d   Thumb Code    14  inv_mpu.o(i.mpu_get_compass_fsr)
    mpu_get_fifo_config                      0x0800a7a1   Thumb Code    12  inv_mpu.o(i.mpu_get_fifo_config)
    mpu_get_gyro_fsr                         0x0800a7b1   Thumb Code    64  inv_mpu.o(i.mpu_get_gyro_fsr)
    mpu_get_gyro_sens                        0x0800a7f5   Thumb Code    74  inv_mpu.o(i.mpu_get_gyro_sens)
    mpu_get_lpf                              0x0800a855   Thumb Code    74  inv_mpu.o(i.mpu_get_lpf)
    mpu_get_sample_rate                      0x0800a8a5   Thumb Code    26  inv_mpu.o(i.mpu_get_sample_rate)
    mpu_init                                 0x0800a8c5   Thumb Code   294  inv_mpu.o(i.mpu_init)
    mpu_load_firmware                        0x0800a9f1   Thumb Code   180  inv_mpu.o(i.mpu_load_firmware)
    mpu_lp_accel_mode                        0x0800aaa9   Thumb Code   280  inv_mpu.o(i.mpu_lp_accel_mode)
    mpu_read_mem                             0x0800abc5   Thumb Code   122  inv_mpu.o(i.mpu_read_mem)
    mpu_reset_fifo                           0x0800ac45   Thumb Code   450  inv_mpu.o(i.mpu_reset_fifo)
    mpu_run_6500_self_test                   0x0800ae0d   Thumb Code   384  inv_mpu.o(i.mpu_run_6500_self_test)
    mpu_set_accel_fsr                        0x0800b0a9   Thumb Code   126  inv_mpu.o(i.mpu_set_accel_fsr)
    mpu_set_bypass                           0x0800b12d   Thumb Code   328  inv_mpu.o(i.mpu_set_bypass)
    mpu_set_compass_sample_rate              0x0800b279   Thumb Code    92  inv_mpu.o(i.mpu_set_compass_sample_rate)
    mpu_set_dmp_state                        0x0800b2d9   Thumb Code   138  inv_mpu.o(i.mpu_set_dmp_state)
    mpu_set_gyro_fsr                         0x0800b369   Thumb Code   132  inv_mpu.o(i.mpu_set_gyro_fsr)
    mpu_set_int_latched                      0x0800b3f1   Thumb Code   102  inv_mpu.o(i.mpu_set_int_latched)
    mpu_set_lpf                              0x0800b45d   Thumb Code   126  inv_mpu.o(i.mpu_set_lpf)
    mpu_set_sample_rate                      0x0800b4e1   Thumb Code   174  inv_mpu.o(i.mpu_set_sample_rate)
    mpu_set_sensors                          0x0800b595   Thumb Code   354  inv_mpu.o(i.mpu_set_sensors)
    mpu_write_mem                            0x0800b6fd   Thumb Code   122  inv_mpu.o(i.mpu_write_mem)
    my_can_filter_init_recv_all              0x0800b77d   Thumb Code    62  can_task.o(i.my_can_filter_init_recv_all)
    osDelay                                  0x0800b7c9   Thumb Code    24  cmsis_os.o(i.osDelay)
    osKernelStart                            0x0800b7e1   Thumb Code    10  cmsis_os.o(i.osKernelStart)
    osThreadCreate                           0x0800b7eb   Thumb Code    48  cmsis_os.o(i.osThreadCreate)
    osTimerCreate                            0x0800b81d   Thumb Code    36  cmsis_os.o(i.osTimerCreate)
    osTimerStart                             0x0800b845   Thumb Code   100  cmsis_os.o(i.osTimerStart)
    pvPortMalloc                             0x0800c27d   Thumb Code   296  heap_4.o(i.pvPortMalloc)
    pvTaskIncrementMutexHeldCount            0x0800c3b9   Thumb Code    26  tasks.o(i.pvTaskIncrementMutexHeldCount)
    pxPortInitialiseStack                    0x0800c3d9   Thumb Code    38  port.o(i.pxPortInitialiseStack)
    ramp_calc                                0x0800c405   Thumb Code    58  ramp.o(i.ramp_calc)
    ramp_init                                0x0800c445   Thumb Code     8  ramp.o(i.ramp_init)
    run_self_test                            0x0800c44d   Thumb Code   156  inv_mpu.o(i.run_self_test)
    shoot_init                               0x0800c7cd   Thumb Code    54  shoot_task.o(i.shoot_init)
    shoot_mode                               0x0800c815   Thumb Code     8  shoot_task.o(i.shoot_mode)
    uxListRemove                             0x0800c81d   Thumb Code    40  list.o(i.uxListRemove)
    vListInitialise                          0x0800c845   Thumb Code    26  list.o(i.vListInitialise)
    vListInitialiseItem                      0x0800c85f   Thumb Code     6  list.o(i.vListInitialiseItem)
    vListInsert                              0x0800c865   Thumb Code    52  list.o(i.vListInsert)
    vListInsertEnd                           0x0800c899   Thumb Code    24  list.o(i.vListInsertEnd)
    vPortEnterCritical                       0x0800c8b1   Thumb Code    76  port.o(i.vPortEnterCritical)
    vPortExitCritical                        0x0800c905   Thumb Code    56  port.o(i.vPortExitCritical)
    vPortFree                                0x0800c941   Thumb Code   140  heap_4.o(i.vPortFree)
    vPortSetupTimerInterrupt                 0x0800c9d5   Thumb Code    26  port.o(i.vPortSetupTimerInterrupt)
    vPortValidateInterruptPriority           0x0800c9f5   Thumb Code   106  port.o(i.vPortValidateInterruptPriority)
    vQueueAddToRegistry                      0x0800ca6d   Thumb Code    38  queue.o(i.vQueueAddToRegistry)
    vQueueWaitForMessageRestricted           0x0800ca99   Thumb Code    74  queue.o(i.vQueueWaitForMessageRestricted)
    vTaskDelay                               0x0800cae5   Thumb Code    82  tasks.o(i.vTaskDelay)
    vTaskDelayUntil                          0x0800cb41   Thumb Code   200  tasks.o(i.vTaskDelayUntil)
    vTaskMissedYield                         0x0800cc15   Thumb Code     8  tasks.o(i.vTaskMissedYield)
    vTaskPlaceOnEventList                    0x0800cc21   Thumb Code    52  tasks.o(i.vTaskPlaceOnEventList)
    vTaskPlaceOnEventListRestricted          0x0800cc59   Thumb Code    60  tasks.o(i.vTaskPlaceOnEventListRestricted)
    vTaskPriorityInherit                     0x0800cc99   Thumb Code   164  tasks.o(i.vTaskPriorityInherit)
    vTaskSetTimeOutState                     0x0800cd49   Thumb Code    38  tasks.o(i.vTaskSetTimeOutState)
    vTaskStartScheduler                      0x0800cd79   Thumb Code   118  tasks.o(i.vTaskStartScheduler)
    vTaskSuspendAll                          0x0800ce0d   Thumb Code    12  tasks.o(i.vTaskSuspendAll)
    vTaskSwitchContext                       0x0800ce1d   Thumb Code   118  tasks.o(i.vTaskSwitchContext)
    xPortStartScheduler                      0x0800cea9   Thumb Code   288  port.o(i.xPortStartScheduler)
    xQueueGenericCreate                      0x0800cfe5   Thumb Code    88  queue.o(i.xQueueGenericCreate)
    xQueueGenericReceive                     0x0800d03d   Thumb Code   446  queue.o(i.xQueueGenericReceive)
    xQueueGenericReset                       0x0800d201   Thumb Code   146  queue.o(i.xQueueGenericReset)
    xQueueGenericSend                        0x0800d299   Thumb Code   420  queue.o(i.xQueueGenericSend)
    xQueueGenericSendFromISR                 0x0800d441   Thumb Code   248  queue.o(i.xQueueGenericSendFromISR)
    xTaskCheckForTimeOut                     0x0800d539   Thumb Code   132  tasks.o(i.xTaskCheckForTimeOut)
    xTaskCreate                              0x0800d5c5   Thumb Code    96  tasks.o(i.xTaskCreate)
    xTaskGetSchedulerState                   0x0800d625   Thumb Code    24  tasks.o(i.xTaskGetSchedulerState)
    xTaskGetTickCount                        0x0800d645   Thumb Code     6  tasks.o(i.xTaskGetTickCount)
    xTaskIncrementTick                       0x0800d651   Thumb Code   282  tasks.o(i.xTaskIncrementTick)
    xTaskPriorityDisinherit                  0x0800d799   Thumb Code   188  tasks.o(i.xTaskPriorityDisinherit)
    xTaskRemoveFromEventList                 0x0800d861   Thumb Code   128  tasks.o(i.xTaskRemoveFromEventList)
    xTaskResumeAll                           0x0800d8f9   Thumb Code   224  tasks.o(i.xTaskResumeAll)
    xTimerCreate                             0x0800d9fd   Thumb Code    48  timers.o(i.xTimerCreate)
    xTimerCreateTimerTask                    0x0800da2d   Thumb Code    64  timers.o(i.xTimerCreateTimerTask)
    xTimerGenericCommand                     0x0800da81   Thumb Code   126  timers.o(i.xTimerGenericCommand)
    reg                                      0x0800db04   Data          42  inv_mpu.o(.constdata)
    hw                                       0x0800db2e   Data          14  inv_mpu.o(.constdata)
    test                                     0x0800db3c   Data          48  inv_mpu.o(.constdata)
    AHBPrescTable                            0x0800ea3c   Data          16  system_stm32f4xx.o(.constdata)
    APBPrescTable                            0x0800ea4c   Data           8  system_stm32f4xx.o(.constdata)
    Region$$Table$$Base                      0x0800ea78   Number         0  anon$$obj.o(Region$$Table)
    Region$$Table$$Limit                     0x0800ea98   Number         0  anon$$obj.o(Region$$Table)
    FlashTimer                               0x20000048   Data           4  can_task.o(.data)
    chassis_mode                             0x2000004d   Data           1  control_task.o(.data)
    gimbal_mode                              0x2000004e   Data           1  control_task.o(.data)
    Gimbal_Cali_Complete                     0x2000004f   Data           1  control_task.o(.data)
    can_send                                 0x20000050   Data           6  gimbal_task.o(.data)
    Latest_Remote_Control_Pack_Time          0x2000005c   Data           4  remote_task.o(.data)
    LED_Flash_Timer_remote_control           0x20000060   Data           4  remote_task.o(.data)
    Fr_stop_ramp                             0x20000064   Data          20  shoot_task.o(.data)
    Fr_slow_ramp                             0x20000078   Data          20  shoot_task.o(.data)
    Fr_fast_ramp                             0x2000008c   Data          20  shoot_task.o(.data)
    wheel_value                              0x200000a0   Data           4  shoot_task.o(.data)
    ControlTaskHandle                        0x200000a8   Data           4  freertos.o(.data)
    IMU_TaskHandle                           0x200000ac   Data           4  freertos.o(.data)
    ShootTaskHandle                          0x200000b0   Data           4  freertos.o(.data)
    CanTimerSendHandle                       0x200000b4   Data           4  freertos.o(.data)
    uwTick                                   0x200000b8   Data           4  stm32f4xx_hal.o(.data)
    SystemCoreClock                          0x200000bc   Data           4  system_stm32f4xx.o(.data)
    pxCurrentTCB                             0x200000c0   Data           4  tasks.o(.data)
    __stdout                                 0x20000134   Data           4  stdout.o(.data)
    M6623_encoder_yaw                        0x20000148   Data          40  can_task.o(.bss)
    M6623_encoder_pitch                      0x20000170   Data          40  can_task.o(.bss)
    M6020_encoder_yaw                        0x20000198   Data          40  can_task.o(.bss)
    M6020_encoder_pitch                      0x200001c0   Data          40  can_task.o(.bss)
    encoder_pluck                            0x200001e8   Data          40  can_task.o(.bss)
    encoder_chassis                          0x20000210   Data         160  can_task.o(.bss)
    M6020_pitch_angle                        0x200004a4   Data          28  control_task.o(.bss)
    M6020_yaw_angle                          0x200004c0   Data          28  control_task.o(.bss)
    M2006_angle                              0x200004dc   Data          28  control_task.o(.bss)
    chassis_speed                            0x200004f8   Data          12  control_task.o(.bss)
    M6623_yaw_speed_pid                      0x20000504   Data          84  gimbal_task.o(.bss)
    M6623_pitch_speed_pid                    0x20000558   Data          84  gimbal_task.o(.bss)
    M6623_yaw_angle_pid                      0x200005ac   Data          84  gimbal_task.o(.bss)
    M6623_pitch_angle_pid                    0x20000600   Data          84  gimbal_task.o(.bss)
    M6020_yaw_speed_pid                      0x20000654   Data          84  gimbal_task.o(.bss)
    M6020_pitch_speed_pid                    0x200006a8   Data          84  gimbal_task.o(.bss)
    M6020_yaw_angle_pid                      0x200006fc   Data          84  gimbal_task.o(.bss)
    M6020_pitch_angle_pid                    0x20000750   Data          84  gimbal_task.o(.bss)
    M2006_speed_pid                          0x200007a4   Data          84  gimbal_task.o(.bss)
    M2006_angle_pid                          0x200007f8   Data          84  gimbal_task.o(.bss)
    yaw_gimbal_motor                         0x2000084c   Data          12  gimbal_task.o(.bss)
    pitch_gimbal_motor                       0x20000858   Data          12  gimbal_task.o(.bss)
    pluck_motor                              0x20000864   Data          12  gimbal_task.o(.bss)
    IMU_data                                 0x20000870   Data          24  imu_task.o(.bss)
    IMU                                      0x20000888   Data          36  imu_task.o(.bss)
    RC_Ctl                                   0x200008ac   Data          20  remote_task.o(.bss)
    hcan1                                    0x200008c0   Data          68  can.o(.bss)
    hi2c1                                    0x20000904   Data          84  i2c.o(.bss)
    htim3                                    0x20000958   Data          60  tim.o(.bss)
    htim4                                    0x20000994   Data          60  tim.o(.bss)
    htim5                                    0x200009d0   Data          60  tim.o(.bss)
    UART_Buffer                              0x20000a0c   Data         100  usart.o(.bss)
    huart1                                   0x20000a70   Data          64  usart.o(.bss)
    huart2                                   0x20000ab0   Data          64  usart.o(.bss)
    huart3                                   0x20000af0   Data          64  usart.o(.bss)
    hdma_usart2_rx                           0x20000b30   Data          96  usart.o(.bss)
    htim6                                    0x20000b90   Data          60  stm32f4xx_hal_timebase_tim.o(.bss)
    xQueueRegistry                           0x20000bcc   Data          64  queue.o(.bss)
    __initial_sp                             0x20004d28   Data           0  startup_stm32f407xx.o(STACK)



==============================================================================

Memory Map of the image

  Image Entry point : 0x08000189

  Load Region LR_IROM1 (Base: 0x08000000, Size: 0x0000ebd0, Max: 0x00100000, ABSOLUTE, COMPRESSED[0x0000eac4])

    Execution Region ER_IROM1 (Base: 0x08000000, Size: 0x0000ea98, Max: 0x00100000, ABSOLUTE)

    Base Addr    Size         Type   Attr      Idx    E Section Name        Object

    0x08000000   0x00000188   Data   RO            3    RESET               startup_stm32f407xx.o
    0x08000188   0x00000000   Code   RO         6196  * .ARM.Collect$$$$00000000  mc_w.l(entry.o)
    0x08000188   0x00000004   Code   RO         6531    .ARM.Collect$$$$00000001  mc_w.l(entry2.o)
    0x0800018c   0x00000004   Code   RO         6534    .ARM.Collect$$$$00000004  mc_w.l(entry5.o)
    0x08000190   0x00000000   Code   RO         6536    .ARM.Collect$$$$00000008  mc_w.l(entry7b.o)
    0x08000190   0x00000000   Code   RO         6538    .ARM.Collect$$$$0000000A  mc_w.l(entry8b.o)
    0x08000190   0x00000008   Code   RO         6539    .ARM.Collect$$$$0000000B  mc_w.l(entry9a.o)
    0x08000198   0x00000000   Code   RO         6541    .ARM.Collect$$$$0000000D  mc_w.l(entry10a.o)
    0x08000198   0x00000000   Code   RO         6543    .ARM.Collect$$$$0000000F  mc_w.l(entry11a.o)
    0x08000198   0x00000004   Code   RO         6532    .ARM.Collect$$$$00002712  mc_w.l(entry2.o)
    0x0800019c   0x000000ba   Code   RO         6087    .emb_text           port.o
    0x08000256   0x00000002   PAD
    0x08000258   0x00000024   Code   RO            4    .text               startup_stm32f407xx.o
    0x0800027c   0x00000062   Code   RO         6199    .text               mc_w.l(uldiv.o)
    0x080002de   0x00000062   Code   RO         6201    .text               mc_w.l(ldiv.o)
    0x08000340   0x00000024   Code   RO         6203    .text               mc_w.l(memcpya.o)
    0x08000364   0x00000024   Code   RO         6205    .text               mc_w.l(memseta.o)
    0x08000388   0x0000001a   Code   RO         6207    .text               mc_w.l(memcmp.o)
    0x080003a2   0x0000014e   Code   RO         6472    .text               mf_w.l(dadd.o)
    0x080004f0   0x000000e4   Code   RO         6474    .text               mf_w.l(dmul.o)
    0x080005d4   0x000000de   Code   RO         6476    .text               mf_w.l(ddiv.o)
    0x080006b2   0x00000026   Code   RO         6480    .text               mf_w.l(f2d.o)
    0x080006d8   0x00000030   Code   RO         6482    .text               mf_w.l(cdcmple.o)
    0x08000708   0x0000002c   Code   RO         6546    .text               mc_w.l(uidiv.o)
    0x08000734   0x0000001e   Code   RO         6548    .text               mc_w.l(llshl.o)
    0x08000752   0x00000020   Code   RO         6550    .text               mc_w.l(llushr.o)
    0x08000772   0x00000024   Code   RO         6552    .text               mc_w.l(llsshr.o)
    0x08000796   0x00000000   Code   RO         6561    .text               mc_w.l(iusefp.o)
    0x08000796   0x000000ba   Code   RO         6564    .text               mf_w.l(depilogue.o)
    0x08000850   0x00000030   Code   RO         6568    .text               mf_w.l(dfixul.o)
    0x08000880   0x00000030   Code   RO         6570    .text               mf_w.l(cdrcmple.o)
    0x080008b0   0x00000024   Code   RO         6572    .text               mc_w.l(init.o)
    0x080008d4   0x00000056   Code   RO         6584    .text               mc_w.l(__dczerorl2.o)
    0x0800092a   0x00000004   Code   RO         1801    i.BusFault_Handler  stm32f4xx_it.o
    0x0800092e   0x00000002   PAD
    0x08000930   0x00000010   Code   RO         1802    i.CAN1_RX0_IRQHandler  stm32f4xx_it.o
    0x08000940   0x00000010   Code   RO         1803    i.CAN1_TX_IRQHandler  stm32f4xx_it.o
    0x08000950   0x000001c2   Code   RO         1982    i.CAN_Receive_IT    stm32f4xx_hal_can.o
    0x08000b12   0x00000062   Code   RO         1983    i.CAN_Transmit_IT   stm32f4xx_hal_can.o
    0x08000b74   0x000000bc   Code   RO         1184    i.Callback_RC_Handle  remote_task.o
    0x08000c30   0x0000000a   Code   RO         1531    i.CanTimerSendCallback  freertos.o
    0x08000c3a   0x00000002   PAD
    0x08000c3c   0x00000010   Code   RO         1804    i.DMA1_Stream5_IRQHandler  stm32f4xx_it.o
    0x08000c4c   0x00000034   Code   RO         4266    i.DMA_CalcBaseAndBitshift  stm32f4xx_hal_dma.o
    0x08000c80   0x000000aa   Code   RO         4267    i.DMA_CheckFifoParam  stm32f4xx_hal_dma.o
    0x08000d2a   0x0000002c   Code   RO         4268    i.DMA_SetConfig     stm32f4xx_hal_dma.o
    0x08000d56   0x00000002   Code   RO         1805    i.DebugMon_Handler  stm32f4xx_it.o
    0x08000d58   0x00000002   Code   RO         1369    i.Error_Handler     main.o
    0x08000d5a   0x00000002   PAD
    0x08000d5c   0x0000000c   Code   RO         1185    i.FRICTION_WHEEL_MODE  remote_task.o
    0x08000d68   0x00000088   Code   RO         1014    i.GIMBAL_CAN_SEND   gimbal_task.o
    0x08000df0   0x00000048   Code   RO          791    i.GetEncoderBias    can_task.o
    0x08000e38   0x000000dc   Code   RO          792    i.Get_2006_Encoder  can_task.o
    0x08000f14   0x00000066   Code   RO          793    i.Get_3508_Encoder  can_task.o
    0x08000f7a   0x00000002   PAD
    0x08000f7c   0x000000d0   Code   RO          794    i.Get_6020_Encoder  can_task.o
    0x0800104c   0x00000010   Code   RO         1186    i.Go_Forward_Data   remote_task.o
    0x0800105c   0x000001c0   Code   RO         1984    i.HAL_CAN_ConfigFilter  stm32f4xx_hal_can.o
    0x0800121c   0x00000018   Code   RO         1459    i.HAL_CAN_ErrorCallback  can.o
    0x08001234   0x00000254   Code   RO         1989    i.HAL_CAN_IRQHandler  stm32f4xx_hal_can.o
    0x08001488   0x00000314   Code   RO         1990    i.HAL_CAN_Init      stm32f4xx_hal_can.o
    0x0800179c   0x000000a8   Code   RO         1461    i.HAL_CAN_MspInit   can.o
    0x08001844   0x0000015c   Code   RO         1994    i.HAL_CAN_Receive_IT  stm32f4xx_hal_can.o
    0x080019a0   0x000000f4   Code   RO          796    i.HAL_CAN_RxCpltCallback  can_task.o
    0x08001a94   0x00000364   Code   RO         1997    i.HAL_CAN_Transmit  stm32f4xx_hal_can.o
    0x08001df8   0x00000002   Code   RO         1999    i.HAL_CAN_TxCpltCallback  stm32f4xx_hal_can.o
    0x08001dfa   0x00000028   Code   RO         4270    i.HAL_DMA_Abort_IT  stm32f4xx_hal_dma.o
    0x08001e22   0x00000002   PAD
    0x08001e24   0x00000240   Code   RO         4274    i.HAL_DMA_IRQHandler  stm32f4xx_hal_dma.o
    0x08002064   0x0000035c   Code   RO         4275    i.HAL_DMA_Init      stm32f4xx_hal_dma.o
    0x080023c0   0x000000b4   Code   RO         4278    i.HAL_DMA_Start     stm32f4xx_hal_dma.o
    0x08002474   0x0000001e   Code   RO         4693    i.HAL_Delay         stm32f4xx_hal.o
    0x08002492   0x00000002   PAD
    0x08002494   0x00000440   Code   RO         4162    i.HAL_GPIO_Init     stm32f4xx_hal_gpio.o
    0x080028d4   0x00000078   Code   RO         4166    i.HAL_GPIO_WritePin  stm32f4xx_hal_gpio.o
    0x0800294c   0x0000000c   Code   RO         4699    i.HAL_GetTick       stm32f4xx_hal.o
    0x08002958   0x00000248   Code   RO         2123    i.HAL_I2C_Init      stm32f4xx_hal_i2c.o
    0x08002ba0   0x00000374   Code   RO         2139    i.HAL_I2C_Mem_Read  stm32f4xx_hal_i2c.o
    0x08002f14   0x000001d4   Code   RO         2142    i.HAL_I2C_Mem_Write  stm32f4xx_hal_i2c.o
    0x080030e8   0x00000088   Code   RO         1612    i.HAL_I2C_MspInit   i2c.o
    0x08003170   0x00000010   Code   RO         4701    i.HAL_IncTick       stm32f4xx_hal.o
    0x08003180   0x0000003c   Code   RO         4702    i.HAL_Init          stm32f4xx_hal.o
    0x080031bc   0x0000008c   Code   RO         1943    i.HAL_InitTick      stm32f4xx_hal_timebase_tim.o
    0x08003248   0x00000054   Code   RO         1919    i.HAL_MspInit       stm32f4xx_hal_msp.o
    0x0800329c   0x00000068   Code   RO         4551    i.HAL_NVIC_EnableIRQ  stm32f4xx_hal_cortex.o
    0x08003304   0x000000d4   Code   RO         4557    i.HAL_NVIC_SetPriority  stm32f4xx_hal_cortex.o
    0x080033d8   0x00000088   Code   RO         4558    i.HAL_NVIC_SetPriorityGrouping  stm32f4xx_hal_cortex.o
    0x08003460   0x000002bc   Code   RO         3775    i.HAL_RCC_ClockConfig  stm32f4xx_hal_rcc.o
    0x0800371c   0x00000044   Code   RO         3779    i.HAL_RCC_GetClockConfig  stm32f4xx_hal_rcc.o
    0x08003760   0x0000000c   Code   RO         3780    i.HAL_RCC_GetHCLKFreq  stm32f4xx_hal_rcc.o
    0x0800376c   0x00000020   Code   RO         3782    i.HAL_RCC_GetPCLK1Freq  stm32f4xx_hal_rcc.o
    0x0800378c   0x00000020   Code   RO         3783    i.HAL_RCC_GetPCLK2Freq  stm32f4xx_hal_rcc.o
    0x080037ac   0x000000b0   Code   RO         3784    i.HAL_RCC_GetSysClockFreq  stm32f4xx_hal_rcc.o
    0x0800385c   0x00000580   Code   RO         3787    i.HAL_RCC_OscConfig  stm32f4xx_hal_rcc.o
    0x08003ddc   0x00000002   Code   RO         3204    i.HAL_TIMEx_BreakCallback  stm32f4xx_hal_tim_ex.o
    0x08003dde   0x00000002   Code   RO         3205    i.HAL_TIMEx_CommutationCallback  stm32f4xx_hal_tim_ex.o
    0x08003de0   0x0000015c   Code   RO         3221    i.HAL_TIMEx_MasterConfigSynchronization  stm32f4xx_hal_tim_ex.o
    0x08003f3c   0x00000160   Code   RO         2565    i.HAL_TIM_Base_Init  stm32f4xx_hal_tim.o
    0x0800409c   0x000000c4   Code   RO         1654    i.HAL_TIM_Base_MspInit  tim.o
    0x08004160   0x00000108   Code   RO         2570    i.HAL_TIM_Base_Start_IT  stm32f4xx_hal_tim.o
    0x08004268   0x000006e4   Code   RO         2574    i.HAL_TIM_ConfigClockSource  stm32f4xx_hal_tim.o
    0x0800494c   0x00000002   Code   RO         2594    i.HAL_TIM_IC_CaptureCallback  stm32f4xx_hal_tim.o
    0x0800494e   0x00000196   Code   RO         2607    i.HAL_TIM_IRQHandler  stm32f4xx_hal_tim.o
    0x08004ae4   0x00000060   Code   RO         1655    i.HAL_TIM_MspPostInit  tim.o
    0x08004b44   0x00000002   Code   RO         2610    i.HAL_TIM_OC_DelayElapsedCallback  stm32f4xx_hal_tim.o
    0x08004b46   0x00000002   PAD
    0x08004b48   0x00000304   Code   RO         2631    i.HAL_TIM_PWM_ConfigChannel  stm32f4xx_hal_tim.o
    0x08004e4c   0x00000164   Code   RO         2634    i.HAL_TIM_PWM_Init  stm32f4xx_hal_tim.o
    0x08004fb0   0x00000002   Code   RO         2636    i.HAL_TIM_PWM_MspInit  stm32f4xx_hal_tim.o
    0x08004fb2   0x00000002   Code   RO         2637    i.HAL_TIM_PWM_PulseFinishedCallback  stm32f4xx_hal_tim.o
    0x08004fb4   0x00000188   Code   RO         2638    i.HAL_TIM_PWM_Start  stm32f4xx_hal_tim.o
    0x0800513c   0x00000028   Code   RO         1370    i.HAL_TIM_PeriodElapsedCallback  main.o
    0x08005164   0x00000002   Code   RO         2648    i.HAL_TIM_TriggerCallback  stm32f4xx_hal_tim.o
    0x08005166   0x00000002   Code   RO         3464    i.HAL_UART_ErrorCallback  stm32f4xx_hal_uart.o
    0x08005168   0x00000168   Code   RO         1719    i.HAL_UART_IDLE_IRQHandler  usart.o
    0x080052d0   0x0000014c   Code   RO         3467    i.HAL_UART_IRQHandler  stm32f4xx_hal_uart.o
    0x0800541c   0x00000188   Code   RO         3468    i.HAL_UART_Init     stm32f4xx_hal_uart.o
    0x080055a4   0x000001ec   Code   RO         1721    i.HAL_UART_MspInit  usart.o
    0x08005790   0x00000020   Code   RO         1722    i.HAL_UART_Receive_IT_IDLE  usart.o
    0x080057b0   0x00000002   Code   RO         3474    i.HAL_UART_RxCpltCallback  stm32f4xx_hal_uart.o
    0x080057b2   0x000000d6   Code   RO         3476    i.HAL_UART_Transmit  stm32f4xx_hal_uart.o
    0x08005888   0x00000002   Code   RO         3479    i.HAL_UART_TxCpltCallback  stm32f4xx_hal_uart.o
    0x0800588a   0x00000004   Code   RO         1806    i.HardFault_Handler  stm32f4xx_it.o
    0x0800588e   0x00000034   Code   RO         2161    i.I2C_IsAcknowledgeFailed  stm32f4xx_hal_i2c.o
    0x080058c2   0x00000002   PAD
    0x080058c4   0x00000158   Code   RO         2171    i.I2C_RequestMemoryRead  stm32f4xx_hal_i2c.o
    0x08005a1c   0x000000e0   Code   RO         2172    i.I2C_RequestMemoryWrite  stm32f4xx_hal_i2c.o
    0x08005afc   0x00000056   Code   RO         2180    i.I2C_WaitOnBTFFlagUntilTimeout  stm32f4xx_hal_i2c.o
    0x08005b52   0x0000007c   Code   RO         2181    i.I2C_WaitOnFlagUntilTimeout  stm32f4xx_hal_i2c.o
    0x08005bce   0x000000ac   Code   RO         2182    i.I2C_WaitOnMasterAddressFlagUntilTimeout  stm32f4xx_hal_i2c.o
    0x08005c7a   0x0000006e   Code   RO         2183    i.I2C_WaitOnRXNEFlagUntilTimeout  stm32f4xx_hal_i2c.o
    0x08005ce8   0x00000056   Code   RO         2185    i.I2C_WaitOnTXEFlagUntilTimeout  stm32f4xx_hal_i2c.o
    0x08005d3e   0x00000002   PAD
    0x08005d40   0x00000010   Code   RO         1187    i.Left_Right_Data   remote_task.o
    0x08005d50   0x0000002c   Code   RO          724    i.MPU_Read_Len      mpu9250.o
    0x08005d7c   0x0000002c   Code   RO          727    i.MPU_Write_Len     mpu9250.o
    0x08005da8   0x00000048   Code   RO         1462    i.MX_CAN1_Init      can.o
    0x08005df0   0x00000038   Code   RO         1507    i.MX_DMA_Init       dma.o
    0x08005e28   0x00000078   Code   RO         1532    i.MX_FREERTOS_Init  freertos.o
    0x08005ea0   0x000001e0   Code   RO         1435    i.MX_GPIO_Init      gpio.o
    0x08006080   0x0000003c   Code   RO         1613    i.MX_I2C1_Init      i2c.o
    0x080060bc   0x0000006c   Code   RO         1656    i.MX_TIM3_Init      tim.o
    0x08006128   0x000000a0   Code   RO         1657    i.MX_TIM4_Init      tim.o
    0x080061c8   0x0000006c   Code   RO         1658    i.MX_TIM5_Init      tim.o
    0x08006234   0x00000038   Code   RO         1723    i.MX_USART1_UART_Init  usart.o
    0x0800626c   0x0000003c   Code   RO         1724    i.MX_USART2_UART_Init  usart.o
    0x080062a8   0x00000038   Code   RO         1725    i.MX_USART3_UART_Init  usart.o
    0x080062e0   0x00000004   Code   RO         1807    i.MemManage_Handler  stm32f4xx_it.o
    0x080062e4   0x00000002   Code   RO         1808    i.NMI_Handler       stm32f4xx_it.o
    0x080062e6   0x00000002   PAD
    0x080062e8   0x00000010   Code   RO         4564    i.NVIC_GetPriorityGrouping  stm32f4xx_hal_cortex.o
    0x080062f8   0x00000028   Code   RO         4565    i.NVIC_SetPriority  stm32f4xx_hal_cortex.o
    0x08006320   0x00000144   Code   RO         1302    i.PID_Calc          pid.o
    0x08006464   0x00000060   Code   RO         1303    i.PID_Init          pid.o
    0x080064c4   0x00000010   Code   RO         1188    i.Pitch_Rotate_Data  remote_task.o
    0x080064d4   0x00000038   Code   RO         1189    i.RC_Ctl_t_Init     remote_task.o
    0x0800650c   0x00000060   Code   RO          797    i.Set_CM_Speed      can_task.o
    0x0800656c   0x0000005a   Code   RO          798    i.Set_Gimbal_Current  can_task.o
    0x080065c6   0x00000002   PAD
    0x080065c8   0x00000030   Code   RO         1533    i.StartControlTask  freertos.o
    0x080065f8   0x00000012   Code   RO         1534    i.StartIMU_Task     freertos.o
    0x0800660a   0x0000000e   Code   RO         1535    i.StartShootTask    freertos.o
    0x08006618   0x00000034   Code   RO         6088    i.SysTick_Handler   port.o
    0x0800664c   0x000000b8   Code   RO         1371    i.SystemClock_Config  main.o
    0x08006704   0x00000064   Code   RO         4840    i.SystemInit        system_stm32f4xx.o
    0x08006768   0x00000010   Code   RO         1809    i.TIM3_IRQHandler   stm32f4xx_it.o
    0x08006778   0x00000010   Code   RO         1810    i.TIM4_IRQHandler   stm32f4xx_it.o
    0x08006788   0x00000010   Code   RO         1811    i.TIM5_IRQHandler   stm32f4xx_it.o
    0x08006798   0x00000010   Code   RO         1812    i.TIM6_DAC_IRQHandler  stm32f4xx_it.o
    0x080067a8   0x000000e4   Code   RO         2649    i.TIM_Base_SetConfig  stm32f4xx_hal_tim.o
    0x0800688c   0x000000fc   Code   RO         2650    i.TIM_CCxChannelCmd  stm32f4xx_hal_tim.o
    0x08006988   0x00000018   Code   RO         2656    i.TIM_ETR_SetConfig  stm32f4xx_hal_tim.o
    0x080069a0   0x00000014   Code   RO         2657    i.TIM_ITRx_SetConfig  stm32f4xx_hal_tim.o
    0x080069b4   0x00000070   Code   RO         2658    i.TIM_OC1_SetConfig  stm32f4xx_hal_tim.o
    0x08006a24   0x000000d8   Code   RO         2659    i.TIM_OC2_SetConfig  stm32f4xx_hal_tim.o
    0x08006afc   0x00000108   Code   RO         2660    i.TIM_OC3_SetConfig  stm32f4xx_hal_tim.o
    0x08006c04   0x000000bc   Code   RO         2661    i.TIM_OC4_SetConfig  stm32f4xx_hal_tim.o
    0x08006cc0   0x0000002a   Code   RO         2663    i.TIM_TI1_ConfigInputStage  stm32f4xx_hal_tim.o
    0x08006cea   0x0000002c   Code   RO         2665    i.TIM_TI2_ConfigInputStage  stm32f4xx_hal_tim.o
    0x08006d16   0x00000014   Code   RO         3481    i.UART_DMAAbortOnError  stm32f4xx_hal_uart.o
    0x08006d2a   0x00000020   Code   RO         3491    i.UART_EndRxTransfer  stm32f4xx_hal_uart.o
    0x08006d4a   0x00000020   Code   RO         3492    i.UART_EndTransmit_IT  stm32f4xx_hal_uart.o
    0x08006d6a   0x000000a4   Code   RO         1726    i.UART_Receive_DMA_NoIT  usart.o
    0x08006e0e   0x0000009a   Code   RO         3494    i.UART_Receive_IT   stm32f4xx_hal_uart.o
    0x08006ea8   0x00000410   Code   RO         3495    i.UART_SetConfig    stm32f4xx_hal_uart.o
    0x080072b8   0x00000068   Code   RO         3496    i.UART_Transmit_IT  stm32f4xx_hal_uart.o
    0x08007320   0x0000006c   Code   RO         3497    i.UART_WaitOnFlagUntilTimeout  stm32f4xx_hal_uart.o
    0x0800738c   0x00000010   Code   RO         1813    i.USART1_IRQHandler  stm32f4xx_it.o
    0x0800739c   0x00000010   Code   RO         1814    i.USART2_IRQHandler  stm32f4xx_it.o
    0x080073ac   0x00000010   Code   RO         1815    i.USART3_IRQHandler  stm32f4xx_it.o
    0x080073bc   0x00000004   Code   RO         1816    i.UsageFault_Handler  stm32f4xx_it.o
    0x080073c0   0x00000010   Code   RO         1190    i.Yaw_Rotate_Data   remote_task.o
    0x080073d0   0x00000020   Code   RO         6444    i.__0printf         mc_w.l(printfa.o)
    0x080073f0   0x00000014   Code   RO         6190    i.__hardfp_fabs     m_wm.l(fabs.o)
    0x08007404   0x0000000e   Code   RO         6578    i.__scatterload_copy  mc_w.l(handlers.o)
    0x08007412   0x00000002   Code   RO         6579    i.__scatterload_null  mc_w.l(handlers.o)
    0x08007414   0x0000000e   Code   RO         6580    i.__scatterload_zeroinit  mc_w.l(handlers.o)
    0x08007422   0x00000002   PAD
    0x08007424   0x00000164   Code   RO         6451    i._fp_digits        mc_w.l(printfa.o)
    0x08007588   0x000006dc   Code   RO         6452    i._printf_core      mc_w.l(printfa.o)
    0x08007c64   0x00000024   Code   RO         6453    i._printf_post_padding  mc_w.l(printfa.o)
    0x08007c88   0x0000002e   Code   RO         6454    i._printf_pre_padding  mc_w.l(printfa.o)
    0x08007cb6   0x00000002   PAD
    0x08007cb8   0x000005c8   Code   RO           13    i.accel_6500_self_test  inv_mpu.o
    0x08008280   0x00000002   Code   RO         1372    i.assert_failed     main.o
    0x08008282   0x00000014   Code   RO         1104    i.bsp_init          init_task.o
    0x08008296   0x00000002   PAD
    0x08008298   0x00000088   Code   RO          960    i.chassis_behavior  control_task.o
    0x08008320   0x00000080   Code   RO          920    i.chassis_init      chassis_task.o
    0x080083a0   0x000000f8   Code   RO          921    i.chassis_pid_calc  chassis_task.o
    0x08008498   0x0000014c   Code   RO           14    i.compass_self_test  inv_mpu.o
    0x080085e4   0x0000003c   Code   RO          522    i.dmp_enable_6x_lp_quat  inv_mpu_dmp_motion_driver.o
    0x08008620   0x0000021c   Code   RO          523    i.dmp_enable_feature  inv_mpu_dmp_motion_driver.o
    0x0800883c   0x00000058   Code   RO          524    i.dmp_enable_gyro_cal  inv_mpu_dmp_motion_driver.o
    0x08008894   0x0000003c   Code   RO          525    i.dmp_enable_lp_quat  inv_mpu_dmp_motion_driver.o
    0x080088d0   0x00000018   Code   RO          530    i.dmp_load_motion_driver_firmware  inv_mpu_dmp_motion_driver.o
    0x080088e8   0x00000130   Code   RO          534    i.dmp_set_accel_bias  inv_mpu_dmp_motion_driver.o
    0x08008a18   0x00000070   Code   RO          535    i.dmp_set_fifo_rate  inv_mpu_dmp_motion_driver.o
    0x08008a88   0x00000130   Code   RO          536    i.dmp_set_gyro_bias  inv_mpu_dmp_motion_driver.o
    0x08008bb8   0x00000138   Code   RO          538    i.dmp_set_orientation  inv_mpu_dmp_motion_driver.o
    0x08008cf0   0x00000038   Code   RO          541    i.dmp_set_shake_reject_thresh  inv_mpu_dmp_motion_driver.o
    0x08008d28   0x00000026   Code   RO          542    i.dmp_set_shake_reject_time  inv_mpu_dmp_motion_driver.o
    0x08008d4e   0x00000026   Code   RO          543    i.dmp_set_shake_reject_timeout  inv_mpu_dmp_motion_driver.o
    0x08008d74   0x00000046   Code   RO          544    i.dmp_set_tap_axes  inv_mpu_dmp_motion_driver.o
    0x08008dba   0x00000026   Code   RO          545    i.dmp_set_tap_count  inv_mpu_dmp_motion_driver.o
    0x08008de0   0x000001c0   Code   RO          546    i.dmp_set_tap_thresh  inv_mpu_dmp_motion_driver.o
    0x08008fa0   0x00000026   Code   RO          547    i.dmp_set_tap_time  inv_mpu_dmp_motion_driver.o
    0x08008fc6   0x00000026   Code   RO          548    i.dmp_set_tap_time_multi  inv_mpu_dmp_motion_driver.o
    0x08008fec   0x0000001c   Code   RO         1727    i.fputc             usart.o
    0x08009008   0x00000158   Code   RO         1256    i.friction_wheel_mode  shoot_task.o
    0x08009160   0x00000670   Code   RO           16    i.get_st_6500_biases  inv_mpu.o
    0x080097d0   0x000002dc   Code   RO         1015    i.gimbal_cali       gimbal_task.o
    0x08009aac   0x000000f8   Code   RO          961    i.gimbal_change     control_task.o
    0x08009ba4   0x0000016c   Code   RO         1016    i.gimbal_init       gimbal_task.o
    0x08009d10   0x00000144   Code   RO         1017    i.gimbal_pid_calc   gimbal_task.o
    0x08009e54   0x000000c8   Code   RO          962    i.gimbal_set        control_task.o
    0x08009f1c   0x00000564   Code   RO           18    i.gyro_6500_self_test  inv_mpu.o
    0x0800a480   0x00000010   Code   RO         5663    i.inHandlerMode     cmsis_os.o
    0x0800a490   0x00000028   Code   RO           19    i.inv_orientation_matrix_to_scalar  inv_mpu.o
    0x0800a4b8   0x0000004e   Code   RO           20    i.inv_row_2_scale   inv_mpu.o
    0x0800a506   0x00000002   PAD
    0x0800a508   0x00000074   Code   RO         1373    i.main              main.o
    0x0800a57c   0x0000000e   Code   RO         5665    i.makeFreeRtosPriority  cmsis_os.o
    0x0800a58a   0x00000002   PAD
    0x0800a58c   0x0000002c   Code   RO         1659    i.motor_pwm_setvalue1  tim.o
    0x0800a5b8   0x00000070   Code   RO           22    i.mpu_configure_fifo  inv_mpu.o
    0x0800a628   0x000000c4   Code   RO           24    i.mpu_dmp_init      inv_mpu.o
    0x0800a6ec   0x0000004c   Code   RO           25    i.mpu_get_accel_fsr  inv_mpu.o
    0x0800a738   0x00000054   Code   RO           27    i.mpu_get_accel_sens  inv_mpu.o
    0x0800a78c   0x00000014   Code   RO           28    i.mpu_get_compass_fsr  inv_mpu.o
    0x0800a7a0   0x00000010   Code   RO           32    i.mpu_get_fifo_config  inv_mpu.o
    0x0800a7b0   0x00000044   Code   RO           33    i.mpu_get_gyro_fsr  inv_mpu.o
    0x0800a7f4   0x00000060   Code   RO           35    i.mpu_get_gyro_sens  inv_mpu.o
    0x0800a854   0x00000050   Code   RO           37    i.mpu_get_lpf       inv_mpu.o
    0x0800a8a4   0x00000020   Code   RO           39    i.mpu_get_sample_rate  inv_mpu.o
    0x0800a8c4   0x0000012c   Code   RO           41    i.mpu_init          inv_mpu.o
    0x0800a9f0   0x000000b8   Code   RO           42    i.mpu_load_firmware  inv_mpu.o
    0x0800aaa8   0x0000011c   Code   RO           43    i.mpu_lp_accel_mode  inv_mpu.o
    0x0800abc4   0x00000080   Code   RO           50    i.mpu_read_mem      inv_mpu.o
    0x0800ac44   0x000001c8   Code   RO           53    i.mpu_reset_fifo    inv_mpu.o
    0x0800ae0c   0x0000029c   Code   RO           54    i.mpu_run_6500_self_test  inv_mpu.o
    0x0800b0a8   0x00000084   Code   RO           58    i.mpu_set_accel_fsr  inv_mpu.o
    0x0800b12c   0x0000014c   Code   RO           59    i.mpu_set_bypass    inv_mpu.o
    0x0800b278   0x00000060   Code   RO           60    i.mpu_set_compass_sample_rate  inv_mpu.o
    0x0800b2d8   0x00000090   Code   RO           61    i.mpu_set_dmp_state  inv_mpu.o
    0x0800b368   0x00000088   Code   RO           63    i.mpu_set_gyro_fsr  inv_mpu.o
    0x0800b3f0   0x0000006c   Code   RO           64    i.mpu_set_int_latched  inv_mpu.o
    0x0800b45c   0x00000084   Code   RO           66    i.mpu_set_lpf       inv_mpu.o
    0x0800b4e0   0x000000b4   Code   RO           67    i.mpu_set_sample_rate  inv_mpu.o
    0x0800b594   0x00000168   Code   RO           68    i.mpu_set_sensors   inv_mpu.o
    0x0800b6fc   0x00000080   Code   RO           69    i.mpu_write_mem     inv_mpu.o
    0x0800b77c   0x0000004c   Code   RO          799    i.my_can_filter_init_recv_all  can_task.o
    0x0800b7c8   0x00000018   Code   RO         5667    i.osDelay           cmsis_os.o
    0x0800b7e0   0x0000000a   Code   RO         5670    i.osKernelStart     cmsis_os.o
    0x0800b7ea   0x00000030   Code   RO         5704    i.osThreadCreate    cmsis_os.o
    0x0800b81a   0x00000002   PAD
    0x0800b81c   0x00000028   Code   RO         5715    i.osTimerCreate     cmsis_os.o
    0x0800b844   0x00000068   Code   RO         5717    i.osTimerStart      cmsis_os.o
    0x0800b8ac   0x00000098   Code   RO         5194    i.prvAddCurrentTaskToDelayedList  tasks.o
    0x0800b944   0x000000b8   Code   RO         5195    i.prvAddNewTaskToReadyList  tasks.o
    0x0800b9fc   0x00000064   Code   RO         5531    i.prvCheckForValidListAndQueue  timers.o
    0x0800ba60   0x00000064   Code   RO         5196    i.prvCheckTasksWaitingTermination  tasks.o
    0x0800bac4   0x0000002a   Code   RO         5014    i.prvCopyDataFromQueue  queue.o
    0x0800baee   0x0000007c   Code   RO         5015    i.prvCopyDataToQueue  queue.o
    0x0800bb6a   0x00000012   Code   RO         5197    i.prvDeleteTCB      tasks.o
    0x0800bb7c   0x00000028   Code   RO         5532    i.prvGetNextExpireTime  timers.o
    0x0800bba4   0x0000007c   Code   RO         6038    i.prvHeapInit       heap_4.o
    0x0800bc20   0x00000028   Code   RO         5198    i.prvIdleTask       tasks.o
    0x0800bc48   0x0000002a   Code   RO         5017    i.prvInitialiseNewQueue  queue.o
    0x0800bc72   0x000000b4   Code   RO         5199    i.prvInitialiseNewTask  tasks.o
    0x0800bd26   0x0000004e   Code   RO         5533    i.prvInitialiseNewTimer  timers.o
    0x0800bd74   0x00000068   Code   RO         5200    i.prvInitialiseTaskLists  tasks.o
    0x0800bddc   0x00000068   Code   RO         6039    i.prvInsertBlockIntoFreeList  heap_4.o
    0x0800be44   0x00000058   Code   RO         5534    i.prvInsertTimerInActiveList  timers.o
    0x0800be9c   0x0000001a   Code   RO         5018    i.prvIsQueueEmpty   queue.o
    0x0800beb6   0x0000001e   Code   RO         5019    i.prvIsQueueFull    queue.o
    0x0800bed4   0x00000064   Code   RO         5535    i.prvProcessExpiredTimer  timers.o
    0x0800bf38   0x000000f8   Code   RO         5536    i.prvProcessReceivedCommands  timers.o
    0x0800c030   0x00000074   Code   RO         5537    i.prvProcessTimerOrBlockTask  timers.o
    0x0800c0a4   0x00000034   Code   RO         5202    i.prvResetNextTaskUnblockTime  tasks.o
    0x0800c0d8   0x0000002c   Code   RO         5538    i.prvSampleTimeNow  timers.o
    0x0800c104   0x000000a0   Code   RO         5539    i.prvSwitchTimerLists  timers.o
    0x0800c1a4   0x00000040   Code   RO         6089    i.prvTaskExitError  port.o
    0x0800c1e4   0x0000001a   Code   RO         5540    i.prvTimerTask      timers.o
    0x0800c1fe   0x0000007e   Code   RO         5020    i.prvUnlockQueue    queue.o
    0x0800c27c   0x0000013c   Code   RO         6040    i.pvPortMalloc      heap_4.o
    0x0800c3b8   0x00000020   Code   RO         5205    i.pvTaskIncrementMutexHeldCount  tasks.o
    0x0800c3d8   0x0000002c   Code   RO         6090    i.pxPortInitialiseStack  port.o
    0x0800c404   0x00000040   Code   RO         1336    i.ramp_calc         ramp.o
    0x0800c444   0x00000008   Code   RO         1337    i.ramp_init         ramp.o
    0x0800c44c   0x0000009c   Code   RO           70    i.run_self_test     inv_mpu.o
    0x0800c4e8   0x00000090   Code   RO           71    i.set_int_enable    inv_mpu.o
    0x0800c578   0x00000254   Code   RO           72    i.setup_compass     inv_mpu.o
    0x0800c7cc   0x00000048   Code   RO         1257    i.shoot_init        shoot_task.o
    0x0800c814   0x00000008   Code   RO         1258    i.shoot_mode        shoot_task.o
    0x0800c81c   0x00000028   Code   RO         4977    i.uxListRemove      list.o
    0x0800c844   0x0000001a   Code   RO         4978    i.vListInitialise   list.o
    0x0800c85e   0x00000006   Code   RO         4979    i.vListInitialiseItem  list.o
    0x0800c864   0x00000034   Code   RO         4980    i.vListInsert       list.o
    0x0800c898   0x00000018   Code   RO         4981    i.vListInsertEnd    list.o
    0x0800c8b0   0x00000054   Code   RO         6092    i.vPortEnterCritical  port.o
    0x0800c904   0x0000003c   Code   RO         6093    i.vPortExitCritical  port.o
    0x0800c940   0x00000094   Code   RO         6041    i.vPortFree         heap_4.o
    0x0800c9d4   0x00000020   Code   RO         6094    i.vPortSetupTimerInterrupt  port.o
    0x0800c9f4   0x00000078   Code   RO         6095    i.vPortValidateInterruptPriority  port.o
    0x0800ca6c   0x0000002c   Code   RO         5026    i.vQueueAddToRegistry  queue.o
    0x0800ca98   0x0000004a   Code   RO         5030    i.vQueueWaitForMessageRestricted  queue.o
    0x0800cae2   0x00000002   PAD
    0x0800cae4   0x0000005c   Code   RO         5213    i.vTaskDelay        tasks.o
    0x0800cb40   0x000000d4   Code   RO         5214    i.vTaskDelayUntil   tasks.o
    0x0800cc14   0x0000000c   Code   RO         5218    i.vTaskMissedYield  tasks.o
    0x0800cc20   0x00000038   Code   RO         5220    i.vTaskPlaceOnEventList  tasks.o
    0x0800cc58   0x00000040   Code   RO         5221    i.vTaskPlaceOnEventListRestricted  tasks.o
    0x0800cc98   0x000000b0   Code   RO         5223    i.vTaskPriorityInherit  tasks.o
    0x0800cd48   0x00000030   Code   RO         5227    i.vTaskSetTimeOutState  tasks.o
    0x0800cd78   0x00000094   Code   RO         5228    i.vTaskStartScheduler  tasks.o
    0x0800ce0c   0x00000010   Code   RO         5230    i.vTaskSuspendAll   tasks.o
    0x0800ce1c   0x0000008c   Code   RO         5231    i.vTaskSwitchContext  tasks.o
    0x0800cea8   0x0000013c   Code   RO         6096    i.xPortStartScheduler  port.o
    0x0800cfe4   0x00000058   Code   RO         5032    i.xQueueGenericCreate  queue.o
    0x0800d03c   0x000001c4   Code   RO         5033    i.xQueueGenericReceive  queue.o
    0x0800d200   0x00000098   Code   RO         5034    i.xQueueGenericReset  queue.o
    0x0800d298   0x000001a8   Code   RO         5035    i.xQueueGenericSend  queue.o
    0x0800d440   0x000000f8   Code   RO         5036    i.xQueueGenericSendFromISR  queue.o
    0x0800d538   0x0000008c   Code   RO         5232    i.xTaskCheckForTimeOut  tasks.o
    0x0800d5c4   0x00000060   Code   RO         5233    i.xTaskCreate       tasks.o
    0x0800d624   0x00000020   Code   RO         5237    i.xTaskGetSchedulerState  tasks.o
    0x0800d644   0x0000000c   Code   RO         5238    i.xTaskGetTickCount  tasks.o
    0x0800d650   0x00000148   Code   RO         5240    i.xTaskIncrementTick  tasks.o
    0x0800d798   0x000000c8   Code   RO         5243    i.xTaskPriorityDisinherit  tasks.o
    0x0800d860   0x00000098   Code   RO         5244    i.xTaskRemoveFromEventList  tasks.o
    0x0800d8f8   0x00000104   Code   RO         5246    i.xTaskResumeAll    tasks.o
    0x0800d9fc   0x00000030   Code   RO         5543    i.xTimerCreate      timers.o
    0x0800da2c   0x00000054   Code   RO         5544    i.xTimerCreateTimerTask  timers.o
    0x0800da80   0x00000084   Code   RO         5545    i.xTimerGenericCommand  timers.o
    0x0800db04   0x00000268   Data   RO           73    .constdata          inv_mpu.o
    0x0800dd6c   0x00000bf6   Data   RO          550    .constdata          inv_mpu_dmp_motion_driver.o
    0x0800e962   0x00000002   PAD
    0x0800e964   0x00000018   Data   RO          923    .constdata          chassis_task.o
    0x0800e97c   0x00000078   Data   RO         1019    .constdata          gimbal_task.o
    0x0800e9f4   0x00000040   Data   RO         1536    .constdata          freertos.o
    0x0800ea34   0x00000008   Data   RO         4281    .constdata          stm32f4xx_hal_dma.o
    0x0800ea3c   0x00000018   Data   RO         4841    .constdata          system_stm32f4xx.o
    0x0800ea54   0x00000022   Data   RO         1537    .conststring        freertos.o
    0x0800ea76   0x00000002   PAD
    0x0800ea78   0x00000020   Data   RO         6576    Region$$Table       anon$$obj.o


    Execution Region RW_IRAM1 (Base: 0x20000000, Size: 0x00004d28, Max: 0x00020000, ABSOLUTE, COMPRESSED[0x0000002c])

    Base Addr    Size         Type   Attr      Idx    E Section Name        Object

    0x20000000   0x00000041   Data   RW           74    .data               inv_mpu.o
    0x20000041   0x00000003   PAD
    0x20000044   0x00000009   Data   RW          801    .data               can_task.o
    0x2000004d   0x00000003   Data   RW          964    .data               control_task.o
    0x20000050   0x0000000c   Data   RW         1020    .data               gimbal_task.o
    0x2000005c   0x00000008   Data   RW         1192    .data               remote_task.o
    0x20000064   0x00000041   Data   RW         1259    .data               shoot_task.o
    0x200000a5   0x00000001   PAD
    0x200000a6   0x00000002   Data   RW         1304    .data               pid.o
    0x200000a8   0x00000010   Data   RW         1538    .data               freertos.o
    0x200000b8   0x00000004   Data   RW         4708    .data               stm32f4xx_hal.o
    0x200000bc   0x00000004   Data   RW         4842    .data               system_stm32f4xx.o
    0x200000c0   0x0000003c   Data   RW         5249    .data               tasks.o
    0x200000fc   0x00000014   Data   RW         5551    .data               timers.o
    0x20000110   0x00000018   Data   RW         6046    .data               heap_4.o
    0x20000128   0x0000000c   Data   RW         6097    .data               port.o
    0x20000134   0x00000004   Data   RW         6545    .data               mc_w.l(stdout.o)
    0x20000138   0x00000010   Zero   RW          549    .bss                inv_mpu_dmp_motion_driver.o
    0x20000148   0x000001a8   Zero   RW          800    .bss                can_task.o
    0x200002f0   0x000001b4   Zero   RW          922    .bss                chassis_task.o
    0x200004a4   0x00000060   Zero   RW          963    .bss                control_task.o
    0x20000504   0x0000036c   Zero   RW         1018    .bss                gimbal_task.o
    0x20000870   0x0000003c   Zero   RW         1068    .bss                imu_task.o
    0x200008ac   0x00000014   Zero   RW         1191    .bss                remote_task.o
    0x200008c0   0x00000044   Zero   RW         1463    .bss                can.o
    0x20000904   0x00000054   Zero   RW         1614    .bss                i2c.o
    0x20000958   0x000000b4   Zero   RW         1660    .bss                tim.o
    0x20000a0c   0x00000184   Zero   RW         1728    .bss                usart.o
    0x20000b90   0x0000003c   Zero   RW         1946    .bss                stm32f4xx_hal_timebase_tim.o
    0x20000bcc   0x00000040   Zero   RW         5042    .bss                queue.o
    0x20000c0c   0x000000f0   Zero   RW         5248    .bss                tasks.o
    0x20000cfc   0x00000028   Zero   RW         5550    .bss                timers.o
    0x20000d24   0x00003c00   Zero   RW         6045    .bss                heap_4.o
    0x20004924   0x00000004   PAD
    0x20004928   0x00000400   Zero   RW            1    STACK               startup_stm32f407xx.o


==============================================================================

Image component sizes


      Code (inc. data)   RO Data    RW Data    ZI Data      Debug   Object Name

       264         28          0          0         68       2265   can.o
      1108         98          0          9        424      27909   can_task.o
       376         68         24          0        436       2820   chassis_task.o
       256          8          0          0          0      16402   cmsis_os.o
       584         84          0          3         96       8020   control_task.o
        56          4          0          0          0        798   dma.o
         0          0          0          0          0       9608   event_groups.o
       210         30         98         16          0       3924   freertos.o
      1556        238        120         12        876       5341   gimbal_task.o
       480         32          0          0          0       1291   gpio.o
       692         62          0         24      15360       4915   heap_4.o
       196         26          0          0         84       1721   i2c.o
         0          0          0          0         60        263   imu_task.o
        20          0          0          0          0        511   init_task.o
     10402       1510        616         65          0     726833   inv_mpu.o
      2568        128       3062          0         16      18978   inv_mpu_dmp_motion_driver.o
       148          0          0          0          0       3710   list.o
       344         38          0          0          0       3444   main.o
        88          8          0          0          0       1351   mpu9250.o
       420         12          0          2          0       2566   pid.o
       958         92          0         12          0      12309   port.o
      1872         22          0          0         64      14553   queue.o
        72          6          0          0          0       1972   ramp.o
       320         38          0          8         20       5153   remote_task.o
       424         52          0         65          0       2625   shoot_task.o
        36          8        392          0       1024        856   startup_stm32f407xx.o
       118         16          0          4          0       3948   stm32f4xx_hal.o
      3598        266          0          0          0       7776   stm32f4xx_hal_can.o
       508        204          0          0          0      30362   stm32f4xx_hal_cortex.o
      1922        138          8          0          0       6547   stm32f4xx_hal_dma.o
      1208        194          0          0          0       2748   stm32f4xx_hal_gpio.o
      3134        222          0          0          0      11530   stm32f4xx_hal_i2c.o
        84          6          0          0          0        890   stm32f4xx_hal_msp.o
      2428        206          0          0          0       6597   stm32f4xx_hal_rcc.o
      5706       1026          0          0          0      17868   stm32f4xx_hal_tim.o
       352         90          0          0          0       2550   stm32f4xx_hal_tim_ex.o
       140         18          0          0         60       1515   stm32f4xx_hal_timebase_tim.o
      2434        166          0          0          0      10079   stm32f4xx_hal_uart.o
       180         60          0          0          0       8070   stm32f4xx_it.o
       100         18         24          4          0       1239   system_stm32f4xx.o
      3046        380          0         60        240      25963   tasks.o
       712         62          0          0        180       4548   tim.o
      1264        116          0         20         40      20426   timers.o
      1248         86          0          0        388       6221   usart.o

    ----------------------------------------------------------------------
     51666       5866       4380        308      19440    1049015   Object Totals
         0          0         32          0          0          0   (incl. Generated)
        34          0          4          4          4          0   (incl. Padding)

    ----------------------------------------------------------------------

      Code (inc. data)   RO Data    RW Data    ZI Data      Debug   Library Member Name

        20          0          0          0          0        124   fabs.o
        86          0          0          0          0          0   __dczerorl2.o
         0          0          0          0          0          0   entry.o
         0          0          0          0          0          0   entry10a.o
         0          0          0          0          0          0   entry11a.o
         8          4          0          0          0          0   entry2.o
         4          0          0          0          0          0   entry5.o
         0          0          0          0          0          0   entry7b.o
         0          0          0          0          0          0   entry8b.o
         8          4          0          0          0          0   entry9a.o
        30          0          0          0          0          0   handlers.o
        36          8          0          0          0         68   init.o
         0          0          0          0          0          0   iusefp.o
        98          0          0          0          0         84   ldiv.o
        30          0          0          0          0         68   llshl.o
        36          0          0          0          0         68   llsshr.o
        32          0          0          0          0         68   llushr.o
        26          0          0          0          0         80   memcmp.o
        36          0          0          0          0         68   memcpya.o
        36          0          0          0          0        108   memseta.o
      2226         90          0          0          0        444   printfa.o
         0          0          0          4          0          0   stdout.o
        44          0          0          0          0         80   uidiv.o
        98          0          0          0          0         92   uldiv.o
        48          0          0          0          0         68   cdcmple.o
        48          0          0          0          0         68   cdrcmple.o
       334          0          0          0          0        148   dadd.o
       222          0          0          0          0        100   ddiv.o
       186          0          0          0          0        176   depilogue.o
        48          0          0          0          0         68   dfixul.o
       228          0          0          0          0         96   dmul.o
        38          0          0          0          0         68   f2d.o

    ----------------------------------------------------------------------
      4010        106          0          4          0       2144   Library Totals
         4          0          0          0          0          0   (incl. Padding)

    ----------------------------------------------------------------------

      Code (inc. data)   RO Data    RW Data    ZI Data      Debug   Library Name

        20          0          0          0          0        124   m_wm.l
      2834        106          0          4          0       1228   mc_w.l
      1152          0          0          0          0        792   mf_w.l

    ----------------------------------------------------------------------
      4010        106          0          4          0       2144   Library Totals

    ----------------------------------------------------------------------

==============================================================================


      Code (inc. data)   RO Data    RW Data    ZI Data      Debug   

     55676       5972       4380        312      19440    1021703   Grand Totals
     55676       5972       4380         44      19440    1021703   ELF Image Totals (compressed)
     55676       5972       4380         44          0          0   ROM Totals

==============================================================================

    Total RO  Size (Code + RO Data)                60056 (  58.65kB)
    Total RW  Size (RW Data + ZI Data)             19752 (  19.29kB)
    Total ROM Size (Code + RO Data + RW Data)      60100 (  58.69kB)

==============================================================================

